Debian GNU/Linux 13 \n \l

[    0.000000] Linux version 6.12.41+deb13-sonic-amd64 (debian-kernel@lists.debian.org) (x86_64-linux-gnu-gcc-14 (Debian 14.2.0-19) 14.2.0, GNU ld (GNU Binutils for Debian) 2.44) #1 SMP PREEMPT_DYNAMIC Debian 6.12.41-1 (2025-08-12)
[    0.000000] Command line: BOOT_IMAGE=/image-20251110.16/boot/vmlinuz-6.12.41+deb13-sonic-amd64 root=UUID=838e20b9-c4ad-4289-b69f-a40227f99031 rw console=tty0 console=ttyS0,9600n8 quiet processor.max_cstate=1 amd_idle.max_cstate=0 sonic_fips=1 net.ifnames=0 biosdevname=0 loop=image-20251110.16/fs.squashfs loopfstype=squashfs apparmor=1 security=apparmor varlog_size=4096 usbcore.autosuspend=-1 libata.force=noncq ima_hash=sha384 amd_iommu=off cpufreq.default_governor=performance
[    0.000000] BIOS-provided physical RAM map:
[    0.000000] BIOS-e820: [mem 0x0000000000000000-0x000000000009ffff] usable
[    0.000000] BIOS-e820: [mem 0x00000000000a0000-0x00000000000fffff] reserved
[    0.000000] BIOS-e820: [mem 0x0000000000100000-0x0000000001daffff] usable
[    0.000000] BIOS-e820: [mem 0x0000000001db0000-0x0000000001ffffff] reserved
[    0.000000] BIOS-e820: [mem 0x0000000002000000-0x0000000077f91fff] usable
[    0.000000] BIOS-e820: [mem 0x0000000077f92000-0x0000000079658fff] reserved
[    0.000000] BIOS-e820: [mem 0x0000000079659000-0x00000000796d5fff] ACPI data
[    0.000000] BIOS-e820: [mem 0x00000000796d6000-0x000000007973bfff] ACPI NVS
[    0.000000] BIOS-e820: [mem 0x000000007973c000-0x000000007a13efff] reserved
[    0.000000] BIOS-e820: [mem 0x000000007a13f000-0x000000007a1f4fff] type 20
[    0.000000] BIOS-e820: [mem 0x000000007a1f5000-0x000000007bffffff] usable
[    0.000000] BIOS-e820: [mem 0x000000007c000000-0x000000007fffffff] reserved
[    0.000000] BIOS-e820: [mem 0x00000000c2a00000-0x00000000c2a00fff] reserved
[    0.000000] BIOS-e820: [mem 0x00000000c2b00000-0x00000000c2b7ffff] reserved
[    0.000000] BIOS-e820: [mem 0x00000000fd900000-0x00000000fd900fff] reserved
[    0.000000] BIOS-e820: [mem 0x00000000fda00000-0x00000000fda7ffff] reserved
[    0.000000] BIOS-e820: [mem 0x00000000fea00000-0x00000000feafffff] reserved
[    0.000000] BIOS-e820: [mem 0x00000000fec00000-0x00000000fec00fff] reserved
[    0.000000] BIOS-e820: [mem 0x00000000fec10000-0x00000000fec10fff] reserved
[    0.000000] BIOS-e820: [mem 0x00000000fed00000-0x00000000fed00fff] reserved
[    0.000000] BIOS-e820: [mem 0x00000000fed40000-0x00000000fed44fff] reserved
[    0.000000] BIOS-e820: [mem 0x00000000fed80000-0x00000000fed8ffff] reserved
[    0.000000] BIOS-e820: [mem 0x00000000fedc0000-0x00000000fedc0fff] reserved
[    0.000000] BIOS-e820: [mem 0x00000000fedc2000-0x00000000fedc5fff] reserved
[    0.000000] BIOS-e820: [mem 0x00000000fedc7000-0x00000000fedc7fff] reserved
[    0.000000] BIOS-e820: [mem 0x00000000fedc9000-0x00000000fedcafff] reserved
[    0.000000] BIOS-e820: [mem 0x00000000fee00000-0x00000000feefffff] reserved
[    0.000000] BIOS-e820: [mem 0x00000000ff000000-0x00000000ffffffff] reserved
[    0.000000] BIOS-e820: [mem 0x0000000100000000-0x000000107f37ffff] usable
[    0.000000] BIOS-e820: [mem 0x000000107f380000-0x000000107fffffff] reserved
[    0.000000] BIOS-e820: [mem 0x0000001080000000-0x000000207ff7ffff] usable
[    0.000000] BIOS-e820: [mem 0x000000207ff80000-0x000000207fffffff] reserved
[    0.000000] NX (Execute Disable) protection: active
[    0.000000] APIC: Static calls initialized
[    0.000000] efi: EFI v2.7 by American Megatrends
[    0.000000] efi: TPMFinalLog=0x796f7000 ACPI 2.0=0x79672000 ACPI=0x79672000 SMBIOS=0x79ffe000 SMBIOS 3.0=0x79ffd000 ESRT=0x74603b98 MEMATTR=0x74602018
[    0.000000] efi: Not removing mem31: MMIO range=[0xc2a00000-0xc2a00fff] (4KB) from e820 map
[    0.000000] efi: Remove mem32: MMIO range=[0xc2b00000-0xc2b7ffff] (0MB) from e820 map
[    0.000000] e820: remove [mem 0xc2b00000-0xc2b7ffff] reserved
[    0.000000] efi: Not removing mem33: MMIO range=[0xfd900000-0xfd900fff] (4KB) from e820 map
[    0.000000] efi: Remove mem34: MMIO range=[0xfda00000-0xfda7ffff] (0MB) from e820 map
[    0.000000] e820: remove [mem 0xfda00000-0xfda7ffff] reserved
[    0.000000] efi: Remove mem35: MMIO range=[0xfea00000-0xfeafffff] (1MB) from e820 map
[    0.000000] e820: remove [mem 0xfea00000-0xfeafffff] reserved
[    0.000000] efi: Not removing mem36: MMIO range=[0xfec00000-0xfec00fff] (4KB) from e820 map
[    0.000000] efi: Not removing mem37: MMIO range=[0xfec10000-0xfec10fff] (4KB) from e820 map
[    0.000000] efi: Not removing mem38: MMIO range=[0xfed00000-0xfed00fff] (4KB) from e820 map
[    0.000000] efi: Not removing mem39: MMIO range=[0xfed40000-0xfed44fff] (20KB) from e820 map
[    0.000000] efi: Not removing mem40: MMIO range=[0xfed80000-0xfed8ffff] (64KB) from e820 map
[    0.000000] efi: Not removing mem41: MMIO range=[0xfedc0000-0xfedc0fff] (4KB) from e820 map
[    0.000000] efi: Not removing mem42: MMIO range=[0xfedc2000-0xfedc5fff] (16KB) from e820 map
[    0.000000] efi: Not removing mem43: MMIO range=[0xfedc7000-0xfedc7fff] (4KB) from e820 map
[    0.000000] efi: Not removing mem44: MMIO range=[0xfedc9000-0xfedcafff] (8KB) from e820 map
[    0.000000] efi: Remove mem45: MMIO range=[0xfee00000-0xfeefffff] (1MB) from e820 map
[    0.000000] e820: remove [mem 0xfee00000-0xfeefffff] reserved
[    0.000000] efi: Remove mem46: MMIO range=[0xff000000-0xffffffff] (16MB) from e820 map
[    0.000000] e820: remove [mem 0xff000000-0xffffffff] reserved
[    0.000000] secureboot: Secure boot could not be determined (mode 0)
[    0.000000] SMBIOS 3.2.1 present.
[    0.000000] DMI: Nvidia SN4280/VMOD0019, BIOS 5.13 09/01/2024
[    0.000000] DMI: Memory slots populated: 4/4
[    0.000000] tsc: Fast TSC calibration using PIT
[    0.000000] tsc: Detected 2139.871 MHz processor
[    0.000345] e820: update [mem 0x00000000-0x00000fff] usable ==> reserved
[    0.000347] e820: remove [mem 0x000a0000-0x000fffff] usable
[    0.000361] last_pfn = 0x207ff80 max_arch_pfn = 0x400000000
[    0.000367] MTRR map: 6 entries (3 fixed + 3 variable; max 20), built from 9 variable MTRRs
[    0.000369] x86/PAT: PAT support disabled because CONFIG_X86_PAT is disabled in the kernel.
[    0.000370] x86/PAT: Configuration [0-7]: WB  WT  UC- UC  WB  WT  UC- UC
[    0.000542] e820: update [mem 0x7c000000-0xffffffff] usable ==> reserved
[    0.000549] last_pfn = 0x7c000 max_arch_pfn = 0x400000000
[    0.005896] esrt: Reserving ESRT space from 0x0000000074603b98 to 0x0000000074603bd0.
[    0.005903] e820: update [mem 0x74603000-0x74603fff] usable ==> reserved
[    0.005921] Using GB pages for direct mapping
[    0.006297] RAMDISK: [mem 0x32d47000-0x3569afff]
[    0.006303] ACPI: Early table checksum verification disabled
[    0.006306] ACPI: RSDP 0x0000000079672000 000024 (v02 AMD   )
[    0.006310] ACPI: XSDT 0x00000000796720B0 0000DC (v01 AMD    Wallaby  03242016 AMI  00010013)
[    0.006316] ACPI: FACP 0x000000007967D988 000114 (v06 AMD    Wallaby  03242016 AMI  00010013)
[    0.006321] ACPI: DSDT 0x0000000079672218 00B76B (v02 AMD    Wallaby  03242016 INTL 20120913)
[    0.006324] ACPI: FACS 0x000000007973BB80 000040
[    0.006327] ACPI: APIC 0x000000007967DAA0 00046A (v04 AMD    Wallaby  03242016 AMI  00010013)
[    0.006330] ACPI: FPDT 0x000000007967DF10 000044 (v01 AMD    Wallaby  03242016 AMI  00010013)
[    0.006333] ACPI: FIDT 0x000000007967DF58 00009C (v01 AMD    Wallaby  03242016 AMI  00010013)
[    0.006336] ACPI: SSDT 0x000000007967DFF8 0000D2 (v02 AMD    AMD ALIB 00000002 MSFT 04000000)
[    0.006339] ACPI: SSDT 0x000000007967E0D0 0001CC (v02 AMD    CPUSSDT  03242016 AMI  03242016)
[    0.006342] ACPI: MCFG 0x000000007967E2A0 00003C (v01 AMD    Wallaby  03242016 MSFT 00010013)
[    0.006345] ACPI: SSDT 0x000000007967E2E0 004604 (v01 AMD    AMD CPU  00000001 AMD  00000001)
[    0.006348] ACPI: SRAT 0x00000000796828E8 0002D0 (v03 AMD    AMD SRAT 00000001 AMD  00000001)
[    0.006351] ACPI: MSCT 0x0000000079682BB8 00004E (v01 AMD    AMD MSCT 00000000 AMD  00000001)
[    0.006353] ACPI: SLIT 0x0000000079682C08 000030 (v01 AMD    AMD SLIT 00000001 AMD  00000001)
[    0.006356] ACPI: CRAT 0x0000000079682C38 001E20 (v01 AMD    AMD CRAT 00000001 AMD  00000001)
[    0.006359] ACPI: CDIT 0x0000000079684A58 00002C (v01 AMD    AMD CDIT 00000001 AMD  00000001)
[    0.006362] ACPI: BERT 0x0000000079684A88 000030 (v01 AMD    AMD BERT 00000001 AMD  00000001)
[    0.006365] ACPI: EINJ 0x0000000079684AB8 000150 (v01 AMD    AMD EINJ 00000001 AMD  00000001)
[    0.006367] ACPI: HEST 0x0000000079684C08 000608 (v01 AMD    AMD HEST 00000001 AMD  00000001)
[    0.006370] ACPI: HPET 0x0000000079685210 000038 (v01 AMD    Wallaby  03242016 AMI  00000005)
[    0.006373] ACPI: SSDT 0x0000000079685248 000024 (v01 AMDFCH FCHZP    00001000 INTL 20120913)
[    0.006376] ACPI: UEFI 0x0000000079685270 000042 (v01                 00000000      00000000)
[    0.006379] ACPI: TPM2 0x00000000796852B8 000034 (v04 AMD    Wallaby  00000001 AMI  00000000)
[    0.006382] ACPI: IVRS 0x00000000796852F0 000256 (v02 AMD    AMD IVRS 00000001 AMD  00000000)
[    0.006384] ACPI: SSDT 0x0000000079685548 001630 (v01 AMD    CPMCMN   00000001 INTL 20120913)
[    0.006387] ACPI: WSMT 0x0000000079686B78 000028 (v01 AMD    Wallaby  03242016 AMI  00010013)
[    0.006390] ACPI: Reserving FACP table memory at [mem 0x7967d988-0x7967da9b]
[    0.006391] ACPI: Reserving DSDT table memory at [mem 0x79672218-0x7967d982]
[    0.006392] ACPI: Reserving FACS table memory at [mem 0x7973bb80-0x7973bbbf]
[    0.006393] ACPI: Reserving APIC table memory at [mem 0x7967daa0-0x7967df09]
[    0.006394] ACPI: Reserving FPDT table memory at [mem 0x7967df10-0x7967df53]
[    0.006395] ACPI: Reserving FIDT table memory at [mem 0x7967df58-0x7967dff3]
[    0.006396] ACPI: Reserving SSDT table memory at [mem 0x7967dff8-0x7967e0c9]
[    0.006397] ACPI: Reserving SSDT table memory at [mem 0x7967e0d0-0x7967e29b]
[    0.006398] ACPI: Reserving MCFG table memory at [mem 0x7967e2a0-0x7967e2db]
[    0.006399] ACPI: Reserving SSDT table memory at [mem 0x7967e2e0-0x796828e3]
[    0.006400] ACPI: Reserving SRAT table memory at [mem 0x796828e8-0x79682bb7]
[    0.006401] ACPI: Reserving MSCT table memory at [mem 0x79682bb8-0x79682c05]
[    0.006401] ACPI: Reserving SLIT table memory at [mem 0x79682c08-0x79682c37]
[    0.006402] ACPI: Reserving CRAT table memory at [mem 0x79682c38-0x79684a57]
[    0.006403] ACPI: Reserving CDIT table memory at [mem 0x79684a58-0x79684a83]
[    0.006404] ACPI: Reserving BERT table memory at [mem 0x79684a88-0x79684ab7]
[    0.006405] ACPI: Reserving EINJ table memory at [mem 0x79684ab8-0x79684c07]
[    0.006406] ACPI: Reserving HEST table memory at [mem 0x79684c08-0x7968520f]
[    0.006407] ACPI: Reserving HPET table memory at [mem 0x79685210-0x79685247]
[    0.006408] ACPI: Reserving SSDT table memory at [mem 0x79685248-0x7968526b]
[    0.006408] ACPI: Reserving UEFI table memory at [mem 0x79685270-0x796852b1]
[    0.006409] ACPI: Reserving TPM2 table memory at [mem 0x796852b8-0x796852eb]
[    0.006410] ACPI: Reserving IVRS table memory at [mem 0x796852f0-0x79685545]
[    0.006411] ACPI: Reserving SSDT table memory at [mem 0x79685548-0x79686b77]
[    0.006412] ACPI: Reserving WSMT table memory at [mem 0x79686b78-0x79686b9f]
[    0.006439] ACPI: SRAT: Node 0 PXM 0 [mem 0x00000000-0x0009ffff]
[    0.006442] ACPI: SRAT: Node 0 PXM 0 [mem 0x00100000-0x7fffffff]
[    0.006443] ACPI: SRAT: Node 0 PXM 0 [mem 0x100000000-0x107fffffff]
[    0.006445] ACPI: SRAT: Node 1 PXM 1 [mem 0x1080000000-0x207fffffff]
[    0.006450] NUMA: Initialized distance table, cnt=2
[    0.006453] NUMA: Node 0 [mem 0x00001000-0x0009ffff] + [mem 0x00100000-0x7fffffff] -> [mem 0x00001000-0x7fffffff]
[    0.006455] NUMA: Node 0 [mem 0x00001000-0x7fffffff] + [mem 0x100000000-0x107fffffff] -> [mem 0x00001000-0x107fffffff]
[    0.006466] NODE_DATA(0) allocated [mem 0x107f355680-0x107f37ffff]
[    0.006476] NODE_DATA(1) allocated [mem 0x207ff54680-0x207ff7efff]
[    0.006857] Zone ranges:
[    0.006857]   DMA      [mem 0x0000000000001000-0x0000000000ffffff]
[    0.006859]   DMA32    [mem 0x0000000001000000-0x00000000ffffffff]
[    0.006861]   Normal   [mem 0x0000000100000000-0x000000207ff7ffff]
[    0.006862]   Device   empty
[    0.006863] Movable zone start for each node
[    0.006867] Early memory node ranges
[    0.006867]   node   0: [mem 0x0000000000001000-0x000000000009ffff]
[    0.006869]   node   0: [mem 0x0000000000100000-0x0000000001daffff]
[    0.006870]   node   0: [mem 0x0000000002000000-0x0000000077f91fff]
[    0.006871]   node   0: [mem 0x000000007a1f5000-0x000000007bffffff]
[    0.006872]   node   0: [mem 0x0000000100000000-0x000000107f37ffff]
[    0.006879]   node   1: [mem 0x0000001080000000-0x000000207ff7ffff]
[    0.006888] Initmem setup node 0 [mem 0x0000000000001000-0x000000107f37ffff]
[    0.006891] Initmem setup node 1 [mem 0x0000001080000000-0x000000207ff7ffff]
[    0.006895] On node 0, zone DMA: 1 pages in unavailable ranges
[    0.006916] On node 0, zone DMA: 96 pages in unavailable ranges
[    0.009918] On node 0, zone DMA32: 592 pages in unavailable ranges
[    0.010062] On node 0, zone DMA32: 8803 pages in unavailable ranges
[    0.010486] On node 0, zone Normal: 16384 pages in unavailable ranges
[    0.010763] On node 1, zone Normal: 3200 pages in unavailable ranges
[    0.010767] On node 1, zone Normal: 128 pages in unavailable ranges
[    0.012819] ACPI: PM-Timer IO Port: 0x808
[    0.012833] CPU topo: Ignoring hot-pluggable APIC ID 0 in present package.
[    0.012856] ACPI: LAPIC_NMI (acpi_id[0xff] high edge lint[0x1])
[    0.012885] IOAPIC[0]: apic_id 128, version 33, address 0xfec00000, GSI 0-23
[    0.012891] IOAPIC[1]: apic_id 129, version 33, address 0xfd900000, GSI 24-55
[    0.012896] IOAPIC[2]: apic_id 130, version 33, address 0xc2a00000, GSI 56-87
[    0.012898] ACPI: INT_SRC_OVR (bus 0 bus_irq 0 global_irq 2 dfl dfl)
[    0.012900] ACPI: INT_SRC_OVR (bus 0 bus_irq 9 global_irq 9 low level)
[    0.012904] ACPI: Using ACPI (MADT) for SMP configuration information
[    0.012905] ACPI: HPET id: 0x10228201 base: 0xfed00000
[    0.012914] CPU topo: Max. logical packages:   1
[    0.012915] CPU topo: Max. logical dies:       1
[    0.012916] CPU topo: Max. dies per package:   1
[    0.012920] CPU topo: Max. threads per core:   2
[    0.012921] CPU topo: Num. cores per package:    16
[    0.012922] CPU topo: Num. threads per package:  32
[    0.012923] CPU topo: Allowing 32 present CPUs plus 0 hotplug CPUs
[    0.012923] CPU topo: Rejected CPUs 96
[    0.012957] PM: hibernation: Registered nosave memory: [mem 0x00000000-0x00000fff]
[    0.012960] PM: hibernation: Registered nosave memory: [mem 0x000a0000-0x000fffff]
[    0.012962] PM: hibernation: Registered nosave memory: [mem 0x01db0000-0x01ffffff]
[    0.012964] PM: hibernation: Registered nosave memory: [mem 0x74603000-0x74603fff]
[    0.012966] PM: hibernation: Registered nosave memory: [mem 0x77f92000-0x7a1f4fff]
[    0.012968] PM: hibernation: Registered nosave memory: [mem 0x7c000000-0xffffffff]
[    0.012970] PM: hibernation: Registered nosave memory: [mem 0x107f380000-0x107fffffff]
[    0.012972] [mem 0x80000000-0xc29fffff] available for PCI devices
[    0.012973] Booting paravirtualized kernel on bare hardware
[    0.012976] clocksource: refined-jiffies: mask: 0xffffffff max_cycles: 0xffffffff, max_idle_ns: 7645519600211568 ns
[    0.018530] setup_percpu: NR_CPUS:8192 nr_cpumask_bits:32 nr_cpu_ids:32 nr_node_ids:2
[    0.019897] percpu: Embedded 61 pages/cpu s211096 r8192 d30568 u262144
[    0.019908] pcpu-alloc: s211096 r8192 d30568 u262144 alloc=1*2097152
[    0.019910] pcpu-alloc: [0] 00 01 02 03 04 05 06 07 [0] 16 17 18 19 20 21 22 23
[    0.019919] pcpu-alloc: [1] 08 09 10 11 12 13 14 15 [1] 24 25 26 27 28 29 30 31
[    0.019952] Kernel command line: BOOT_IMAGE=/image-20251110.16/boot/vmlinuz-6.12.41+deb13-sonic-amd64 root=UUID=838e20b9-c4ad-4289-b69f-a40227f99031 rw console=tty0 console=ttyS0,9600n8 quiet processor.max_cstate=1 amd_idle.max_cstate=0 sonic_fips=1 net.ifnames=0 biosdevname=0 loop=image-20251110.16/fs.squashfs loopfstype=squashfs apparmor=1 security=apparmor varlog_size=4096 usbcore.autosuspend=-1 libata.force=noncq ima_hash=sha384 amd_iommu=off cpufreq.default_governor=performance
[    0.020221] Unknown kernel command line parameters "BOOT_IMAGE=/image-20251110.16/boot/vmlinuz-6.12.41+deb13-sonic-amd64 sonic_fips=1 biosdevname=0 loop=image-20251110.16/fs.squashfs loopfstype=squashfs varlog_size=4096", will be passed to user space.
[    0.020240] random: crng init done
[    0.020517] Fallback order for Node 0: 0 1
[    0.020521] Fallback order for Node 1: 1 0
[    0.020526] Built 2 zonelists, mobility grouping on.  Total pages: 33525228
[    0.020527] Policy zone: Normal
[    0.020535] mem auto-init: stack:all(zero), heap alloc:on, heap free:off
[    0.020603] software IO TLB: area num 32.
[    0.057202] SLUB: HWalign=64, Order=0-3, MinObjects=0, CPUs=32, Nodes=2
[    0.057272] ftrace: allocating 46151 entries in 181 pages
[    0.064933] ftrace: allocated 181 pages with 5 groups
[    0.065634] Dynamic Preempt: voluntary
[    0.065784] rcu: Preemptible hierarchical RCU implementation.
[    0.065785] rcu: 	RCU restricting CPUs from NR_CPUS=8192 to nr_cpu_ids=32.
[    0.065786] 	Trampoline variant of Tasks RCU enabled.
[    0.065786] 	Rude variant of Tasks RCU enabled.
[    0.065787] 	Tracing variant of Tasks RCU enabled.
[    0.065787] rcu: RCU calculated value of scheduler-enlistment delay is 25 jiffies.
[    0.065788] rcu: Adjusting geometry for rcu_fanout_leaf=16, nr_cpu_ids=32
[    0.065811] RCU Tasks: Setting shift to 5 and lim to 1 rcu_task_cb_adjust=1 rcu_task_cpu_ids=32.
[    0.065815] RCU Tasks Rude: Setting shift to 5 and lim to 1 rcu_task_cb_adjust=1 rcu_task_cpu_ids=32.
[    0.065819] RCU Tasks Trace: Setting shift to 5 and lim to 1 rcu_task_cb_adjust=1 rcu_task_cpu_ids=32.
[    0.071066] NR_IRQS: 524544, nr_irqs: 1768, preallocated irqs: 16
[    0.071297] rcu: srcu_init: Setting srcu_struct sizes based on contention.
[    0.071441] Console: colour dummy device 80x25
[    0.071444] printk: legacy console [tty0] enabled
[    0.071488] printk: legacy console [ttyS0] enabled
[    0.071560] mempolicy: Enabling automatic NUMA balancing. Configure with numa_balancing= or the kernel.numa_balancing sysctl
[    0.071563] ACPI: Core revision 20240827
[    0.071674] clocksource: hpet: mask: 0xffffffff max_cycles: 0xffffffff, max_idle_ns: 133484873504 ns
[    0.071706] APIC: Switch to symmetric I/O mode setup
[    0.073230] ..TIMER: vector=0x30 apic1=0 pin1=2 apic2=-1 pin2=-1
[    0.091707] clocksource: tsc-early: mask: 0xffffffffffffffff max_cycles: 0x1ed851313ec, max_idle_ns: 440795228305 ns
[    0.091713] Calibrating delay loop (skipped), value calculated using timer frequency.. 4279.74 BogoMIPS (lpj=8559484)
[    0.091725] AMD Zen1 DIV0 bug detected. Disable SMT for full protection.
[    0.091779] LVT offset 2 assigned for vector 0xf4
[    0.091794] Last level iTLB entries: 4KB 1024, 2MB 1024, 4MB 512
[    0.091796] Last level dTLB entries: 4KB 1536, 2MB 1536, 4MB 768, 1GB 0
[    0.091799] process: using mwait in idle threads
[    0.091801] Spectre V1 : Mitigation: usercopy/swapgs barriers and __user pointer sanitization
[    0.091805] Spectre V2 : Mitigation: Retpolines
[    0.091806] Spectre V2 : Spectre v2 / SpectreRSB: Filling RSB on context switch and VMEXIT
[    0.091807] Spectre V2 : Enabling Speculation Barrier for firmware calls
[    0.091808] RETBleed: Mitigation: untrained return thunk
[    0.091811] Spectre V2 : mitigation: Enabling conditional Indirect Branch Prediction Barrier
[    0.091814] Speculative Store Bypass: Mitigation: Speculative Store Bypass disabled via prctl
[    0.091815] x86/bugs: return thunk changed
[    0.091816] Speculative Return Stack Overflow: Mitigation: Safe RET
[    0.091821] x86/fpu: Supporting XSAVE feature 0x001: 'x87 floating point registers'
[    0.091822] x86/fpu: Supporting XSAVE feature 0x002: 'SSE registers'
[    0.091823] x86/fpu: Supporting XSAVE feature 0x004: 'AVX registers'
[    0.091825] x86/fpu: xstate_offset[2]:  576, xstate_sizes[2]:  256
[    0.091827] x86/fpu: Enabled xstate features 0x7, context size is 832 bytes, using 'compacted' format.
[    0.122489] Freeing SMP alternatives memory: 40K
[    0.122494] pid_max: default: 32768 minimum: 301
[    0.127807] LSM: initializing lsm=lockdown,capability,landlock,yama,apparmor,bpf,ipe,ima,evm
[    0.127933] landlock: Up and running.
[    0.127936] Yama: disabled by default; enable with sysctl kernel.yama.*
[    0.128080] AppArmor: AppArmor initialized
[    0.128454] LSM support for eBPF active
[    0.135391] Dentry cache hash table entries: 8388608 (order: 14, 67108864 bytes, vmalloc hugepage)
[    0.138602] Inode-cache hash table entries: 4194304 (order: 13, 33554432 bytes, vmalloc hugepage)
[    0.138764] Mount-cache hash table entries: 131072 (order: 8, 1048576 bytes, vmalloc)
[    0.138908] Mountpoint-cache hash table entries: 131072 (order: 8, 1048576 bytes, vmalloc)
[    0.248028] smpboot: CPU0: AMD EPYC 3451 16-Core Processor (family: 0x17, model: 0x1, stepping: 0x2)
[    0.248403] Performance Events: Fam17h+ core perfctr, AMD PMU driver.
[    0.248438] ... version:                0
[    0.248440] ... bit width:              48
[    0.248443] ... generic registers:      6
[    0.248444] ... value mask:             0000ffffffffffff
[    0.248447] ... max period:             00007fffffffffff
[    0.248449] ... fixed-purpose events:   0
[    0.248451] ... event mask:             000000000000003f
[    0.248629] signal: max sigframe size: 1776
[    0.248686] rcu: Hierarchical SRCU implementation.
[    0.248689] rcu: 	Max phase no-delay instances is 1000.
[    0.248750] Timer migration: 3 hierarchy levels; 8 children per group; 2 crossnode level
[    0.254733] NMI watchdog: Enabled. Permanently consumes one hw-PMU counter.
[    0.255073] smp: Bringing up secondary CPUs ...
[    0.255229] smpboot: x86: Booting SMP configuration:
[    0.255232] .... node  #0, CPUs:        #1  #2  #3  #4  #5  #6  #7
[    0.256873] .... node  #1, CPUs:    #8  #9 #10 #11 #12 #13 #14 #15
[    0.291909] .... node  #0, CPUs:   #16 #17 #18 #19 #20 #21 #22 #23
[    0.294485] .... node  #1, CPUs:   #24 #25 #26 #27 #28 #29 #30 #31
[    0.331818] smp: Brought up 2 nodes, 32 CPUs
[    0.331818] smpboot: Total of 32 processors activated (136951.74 BogoMIPS)
[    0.412026] node 1 deferred pages initialised in 76ms
[    0.412250] node 0 deferred pages initialised in 76ms
[    0.412250] Memory: 131719184K/134100912K available (16384K kernel code, 5634K rwdata, 11864K rodata, 4148K init, 3796K bss, 2262136K reserved, 0K cma-reserved)
[    0.424424] devtmpfs: initialized
[    0.424424] x86/mm: Memory block size: 2048MB
[    0.427987] ACPI: PM: Registering ACPI NVS region [mem 0x796d6000-0x7973bfff] (417792 bytes)
[    0.428125] clocksource: jiffies: mask: 0xffffffff max_cycles: 0xffffffff, max_idle_ns: 7645041785100000 ns
[    0.428200] futex hash table entries: 8192 (order: 7, 524288 bytes, vmalloc)
[    0.428381] pinctrl core: initialized pinctrl subsystem
[    0.430345] NET: Registered PF_NETLINK/PF_ROUTE protocol family
[    0.432003] audit: initializing netlink subsys (disabled)
[    0.432017] audit: type=2000 audit(1775403403.360:1): state=initialized audit_enabled=0 res=1
[    0.432017] thermal_sys: Registered thermal governor 'fair_share'
[    0.432017] thermal_sys: Registered thermal governor 'bang_bang'
[    0.432017] thermal_sys: Registered thermal governor 'step_wise'
[    0.432017] thermal_sys: Registered thermal governor 'user_space'
[    0.432017] thermal_sys: Registered thermal governor 'power_allocator'
[    0.432017] cpuidle: using governor ladder
[    0.432017] cpuidle: using governor menu
[    0.432017] acpiphp: ACPI Hot Plug PCI Controller Driver version: 0.5
[    0.432206] PCI: ECAM [mem 0x80000000-0x87ffffff] (base 0x80000000) for domain 0000 [bus 00-7f]
[    0.432228] PCI: Using configuration type 1 for base access
[    0.432659] kprobes: kprobe jump-optimization is enabled. All kprobes are optimized if possible.
[    0.432659] HugeTLB: registered 1.00 GiB page size, pre-allocated 0 pages
[    0.432659] HugeTLB: 16380 KiB vmemmap can be freed for a 1.00 GiB page
[    0.432659] HugeTLB: registered 2.00 MiB page size, pre-allocated 0 pages
[    0.432659] HugeTLB: 28 KiB vmemmap can be freed for a 2.00 MiB page
[    0.435948] ACPI: Added _OSI(Module Device)
[    0.435953] ACPI: Added _OSI(Processor Device)
[    0.435957] ACPI: Added _OSI(Processor Aggregator Device)
[    0.458905] ACPI: 6 ACPI AML tables successfully acquired and loaded
[    0.473372] ACPI: Interpreter enabled
[    0.473394] ACPI: PM: (supports S0 S5)
[    0.473398] ACPI: Using IOAPIC for interrupt routing
[    0.473683] HEST: Table parsing has been initialized.
[    0.473773] GHES: APEI firmware first mode is enabled by APEI bit.
[    0.473778] PCI: Using host bridge windows from ACPI; if necessary, use "pci=nocrs" and report a bug
[    0.473782] PCI: Ignoring E820 reservations for host bridge windows
[    0.474545] ACPI: Enabled 2 GPEs in block 00 to 1F
[    0.479512] ACPI: \_SB_.PCI0.BR17.SATA.P0SA: New power resource
[    0.479570] ACPI: \_SB_.PCI0.BR17.SATA.P3SA: New power resource
[    0.485543] ACPI: \_SB_.S0D1.BR34.SATA.P0SA: New power resource
[    0.485599] ACPI: \_SB_.S0D1.BR34.SATA.P3SA: New power resource
[    0.488733] ACPI: \_SB_.S0D2.BR51.SATA.P0SA: New power resource
[    0.488786] ACPI: \_SB_.S0D2.BR51.SATA.P3SA: New power resource
[    0.492108] ACPI: \_SB_.S0D3.BR6E.SATA.P0SA: New power resource
[    0.492164] ACPI: \_SB_.S0D3.BR6E.SATA.P3SA: New power resource
[    0.495059] ACPI: \_SB_.S1D0.BR8B.SATA.P0SA: New power resource
[    0.495121] ACPI: \_SB_.S1D0.BR8B.SATA.P3SA: New power resource
[    0.498037] ACPI: \_SB_.S1D1.BRA8.SATA.P0SA: New power resource
[    0.498093] ACPI: \_SB_.S1D1.BRA8.SATA.P3SA: New power resource
[    0.501034] ACPI: \_SB_.S1D2.BRC5.SATA.P0SA: New power resource
[    0.501088] ACPI: \_SB_.S1D2.BRC5.SATA.P3SA: New power resource
[    0.504489] ACPI: \_SB_.S1D3.BRE2.SATA.P0SA: New power resource
[    0.504545] ACPI: \_SB_.S1D3.BRE2.SATA.P3SA: New power resource
[    0.510196] ACPI: PCI Root Bridge [PCI0] (domain 0000 [bus 00-3f])
[    0.510207] acpi PNP0A08:00: _OSC: OS supports [ExtendedConfig ASPM ClockPM Segments MSI HPX-Type3]
[    0.510362] acpi PNP0A08:00: _OSC: platform does not support [SHPCHotplug LTR]
[    0.510644] acpi PNP0A08:00: _OSC: OS now controls [PCIeHotplug PME AER PCIeCapability]
[    0.510977] acpi PNP0A08:00: host bridge window expanded to [io  0x0400-0xf6ff]; [io  0x0400-0xf6ff window] ignored
[    0.511371] PCI host bridge to bus 0000:00
[    0.511378] pci_bus 0000:00: root bus resource [io  0x0400-0xf6ff]
[    0.511383] pci_bus 0000:00: root bus resource [io  0x0000-0x02e7 window]
[    0.511388] pci_bus 0000:00: root bus resource [io  0x0300-0x03af window]
[    0.511392] pci_bus 0000:00: root bus resource [io  0x0400-0x0cf7 window]
[    0.511396] pci_bus 0000:00: root bus resource [io  0x03b0-0x03df window]
[    0.511401] pci_bus 0000:00: root bus resource [mem 0x000a0000-0x000dffff window]
[    0.511405] pci_bus 0000:00: root bus resource [mem 0xc3000000-0xccffffff window]
[    0.511410] pci_bus 0000:00: root bus resource [mem 0x10000000000-0x47e7fffffff window]
[    0.511415] pci_bus 0000:00: root bus resource [bus 00-3f]
[    0.511436] pci 0000:00:00.0: [1022:1450] type 00 class 0x060000 conventional PCI endpoint
[    0.511548] pci 0000:00:00.2: [1022:1451] type 00 class 0x080600 conventional PCI endpoint
[    0.511668] pci 0000:00:01.0: [1022:1452] type 00 class 0x060000 conventional PCI endpoint
[    0.511778] pci 0000:00:01.2: [1022:1453] type 01 class 0x060400 PCIe Root Port
[    0.511799] pci 0000:00:01.2: PCI bridge to [bus 01]
[    0.511812] pci 0000:00:01.2:   bridge window [mem 0x47e7c000000-0x47e7effffff 64bit pref]
[    0.512425] pci 0000:00:01.2: PME# supported from D0 D3hot D3cold
[    0.512625] pci 0000:00:01.3: [1022:1453] type 01 class 0x060400 PCIe Root Port
[    0.512646] pci 0000:00:01.3: PCI bridge to [bus 02]
[    0.512659] pci 0000:00:01.3:   bridge window [mem 0x47e78000000-0x47e7affffff 64bit pref]
[    0.513344] pci 0000:00:01.3: PME# supported from D0 D3hot D3cold
[    0.513543] pci 0000:00:01.4: [1022:1453] type 01 class 0x060400 PCIe Root Port
[    0.513563] pci 0000:00:01.4: PCI bridge to [bus 03]
[    0.513571] pci 0000:00:01.4:   bridge window [mem 0xcc500000-0xcc5fffff]
[    0.513679] pci 0000:00:01.4: PME# supported from D0 D3hot D3cold
[    0.514462] pci 0000:00:01.5: [1022:1453] type 01 class 0x060400 PCIe Root Port
[    0.514483] pci 0000:00:01.5: PCI bridge to [bus 04]
[    0.514597] pci 0000:00:01.5: PME# supported from D0 D3hot D3cold
[    0.514793] pci 0000:00:01.6: [1022:1453] type 01 class 0x060400 PCIe Root Port
[    0.514813] pci 0000:00:01.6: PCI bridge to [bus 05]
[    0.515421] pci 0000:00:01.6: PME# supported from D0 D3hot D3cold
[    0.515610] pci 0000:00:02.0: [1022:1452] type 00 class 0x060000 conventional PCI endpoint
[    0.515724] pci 0000:00:03.0: [1022:1452] type 00 class 0x060000 conventional PCI endpoint
[    0.515822] pci 0000:00:03.1: [1022:1453] type 01 class 0x060400 PCIe Root Port
[    0.515842] pci 0000:00:03.1: PCI bridge to [bus 06]
[    0.515850] pci 0000:00:03.1:   bridge window [mem 0xc8000000-0xcbffffff]
[    0.516423] pci 0000:00:03.1: PME# supported from D0 D3hot D3cold
[    0.516620] pci 0000:00:03.2: [1022:1453] type 01 class 0x060400 PCIe Root Port
[    0.516639] pci 0000:00:03.2: PCI bridge to [bus 07]
[    0.516652] pci 0000:00:03.2:   bridge window [mem 0x47e74000000-0x47e76ffffff 64bit pref]
[    0.517342] pci 0000:00:03.2: PME# supported from D0 D3hot D3cold
[    0.517534] pci 0000:00:03.3: [1022:1453] type 01 class 0x060400 PCIe Root Port
[    0.517553] pci 0000:00:03.3: PCI bridge to [bus 08]
[    0.517566] pci 0000:00:03.3:   bridge window [mem 0x47e70000000-0x47e72ffffff 64bit pref]
[    0.517668] pci 0000:00:03.3: PME# supported from D0 D3hot D3cold
[    0.517863] pci 0000:00:04.0: [1022:1452] type 00 class 0x060000 conventional PCI endpoint
[    0.517976] pci 0000:00:07.0: [1022:1452] type 00 class 0x060000 conventional PCI endpoint
[    0.518073] pci 0000:00:07.1: [1022:1454] type 01 class 0x060400 PCIe Root Port
[    0.518093] pci 0000:00:07.1: PCI bridge to [bus 09]
[    0.518101] pci 0000:00:07.1:   bridge window [mem 0xcc000000-0xcc2fffff]
[    0.518338] pci 0000:00:07.1: enabling Extended Tags
[    0.518422] pci 0000:00:07.1: PME# supported from D0 D3hot D3cold
[    0.518631] pci 0000:00:08.0: [1022:1452] type 00 class 0x060000 conventional PCI endpoint
[    0.518730] pci 0000:00:08.1: [1022:1454] type 01 class 0x060400 PCIe Root Port
[    0.518751] pci 0000:00:08.1: PCI bridge to [bus 0a]
[    0.518759] pci 0000:00:08.1:   bridge window [mem 0xcc300000-0xcc4fffff]
[    0.519327] pci 0000:00:08.1: enabling Extended Tags
[    0.519412] pci 0000:00:08.1: PME# supported from D0 D3hot D3cold
[    0.519658] pci 0000:00:14.0: [1022:790b] type 00 class 0x0c0500 conventional PCI endpoint
[    0.519935] pci 0000:00:14.3: [1022:790e] type 00 class 0x060100 conventional PCI endpoint
[    0.520225] pci 0000:00:18.0: [1022:1460] type 00 class 0x060000 conventional PCI endpoint
[    0.520308] pci 0000:00:18.1: [1022:1461] type 00 class 0x060000 conventional PCI endpoint
[    0.520385] pci 0000:00:18.2: [1022:1462] type 00 class 0x060000 conventional PCI endpoint
[    0.520463] pci 0000:00:18.3: [1022:1463] type 00 class 0x060000 conventional PCI endpoint
[    0.520540] pci 0000:00:18.4: [1022:1464] type 00 class 0x060000 conventional PCI endpoint
[    0.520616] pci 0000:00:18.5: [1022:1465] type 00 class 0x060000 conventional PCI endpoint
[    0.520702] pci 0000:00:18.6: [1022:1466] type 00 class 0x060000 conventional PCI endpoint
[    0.520779] pci 0000:00:18.7: [1022:1467] type 00 class 0x060000 conventional PCI endpoint
[    0.520856] pci 0000:00:19.0: [1022:1460] type 00 class 0x060000 conventional PCI endpoint
[    0.520945] pci 0000:00:19.1: [1022:1461] type 00 class 0x060000 conventional PCI endpoint
[    0.521026] pci 0000:00:19.2: [1022:1462] type 00 class 0x060000 conventional PCI endpoint
[    0.521112] pci 0000:00:19.3: [1022:1463] type 00 class 0x060000 conventional PCI endpoint
[    0.521194] pci 0000:00:19.4: [1022:1464] type 00 class 0x060000 conventional PCI endpoint
[    0.521275] pci 0000:00:19.5: [1022:1465] type 00 class 0x060000 conventional PCI endpoint
[    0.521355] pci 0000:00:19.6: [1022:1466] type 00 class 0x060000 conventional PCI endpoint
[    0.521437] pci 0000:00:19.7: [1022:1467] type 00 class 0x060000 conventional PCI endpoint
[    0.521680] pci 0000:01:00.0: [15b3:a2dc] type 00 class 0x020000 PCIe Endpoint
[    0.521782] pci 0000:01:00.0: BAR 0 [mem 0x47e7c000000-0x47e7dffffff 64bit pref]
[    0.521853] pci 0000:01:00.0: BAR 2 [mem 0x47e7e800000-0x47e7effffff 64bit pref]
[    0.522467] pci 0000:01:00.0: PME# supported from D3cold
[    0.523338] pci 0000:01:00.1: [15b3:c2d5] type 00 class 0x080100 PCIe Endpoint
[    0.523440] pci 0000:01:00.1: BAR 0 [mem 0x47e7e000000-0x47e7e7fffff 64bit pref]
[    0.524005] pci 0000:01:00.1: PME# supported from D3cold
[    0.524563] pci 0000:00:01.2: PCI bridge to [bus 01]
[    0.524723] pci 0000:02:00.0: [15b3:a2dc] type 00 class 0x020000 PCIe Endpoint
[    0.524824] pci 0000:02:00.0: BAR 0 [mem 0x47e78000000-0x47e79ffffff 64bit pref]
[    0.524893] pci 0000:02:00.0: BAR 2 [mem 0x47e7a800000-0x47e7affffff 64bit pref]
[    0.525505] pci 0000:02:00.0: PME# supported from D3cold
[    0.526369] pci 0000:02:00.1: [15b3:c2d5] type 00 class 0x080100 PCIe Endpoint
[    0.526472] pci 0000:02:00.1: BAR 0 [mem 0x47e7a000000-0x47e7a7fffff 64bit pref]
[    0.527035] pci 0000:02:00.1: PME# supported from D3cold
[    0.527590] pci 0000:00:01.3: PCI bridge to [bus 02]
[    0.527689] pci 0000:03:00.0: [1f9f:5765] type 00 class 0x010802 PCIe Endpoint
[    0.527722] pci 0000:03:00.0: BAR 0 [mem 0xcc500000-0xcc503fff 64bit]
[    0.527756] pci 0000:03:00.0: BAR 5 [mem 0xcc504000-0xcc505fff]
[    0.527926] pci 0000:03:00.0: 15.752 Gb/s available PCIe bandwidth, limited by 8.0 GT/s PCIe x2 link at 0000:00:01.4 (capable of 31.504 Gb/s with 8.0 GT/s PCIe x4 link)
[    0.528041] pci 0000:00:01.4: PCI bridge to [bus 03]
[    0.528389] pci 0000:00:01.5: PCI bridge to [bus 04]
[    0.528465] pci 0000:00:01.6: PCI bridge to [bus 05]
[    0.528710] pci 0000:06:00.0: [15b3:cf70] type 00 class 0x020000 PCIe Endpoint
[    0.528859] pci 0000:06:00.0: BAR 0 [mem 0xc8000000-0xcbffffff 64bit]
[    0.530410] pci 0000:00:03.1: PCI bridge to [bus 06]
[    0.530573] pci 0000:07:00.0: [15b3:a2dc] type 00 class 0x020000 PCIe Endpoint
[    0.530675] pci 0000:07:00.0: BAR 0 [mem 0x47e74000000-0x47e75ffffff 64bit pref]
[    0.530745] pci 0000:07:00.0: BAR 2 [mem 0x47e76800000-0x47e76ffffff 64bit pref]
[    0.531355] pci 0000:07:00.0: PME# supported from D3cold
[    0.532212] pci 0000:07:00.1: [15b3:c2d5] type 00 class 0x080100 PCIe Endpoint
[    0.532315] pci 0000:07:00.1: BAR 0 [mem 0x47e76000000-0x47e767fffff 64bit pref]
[    0.532876] pci 0000:07:00.1: PME# supported from D3cold
[    0.533429] pci 0000:00:03.2: PCI bridge to [bus 07]
[    0.533587] pci 0000:08:00.0: [15b3:a2dc] type 00 class 0x020000 PCIe Endpoint
[    0.533689] pci 0000:08:00.0: BAR 0 [mem 0x47e70000000-0x47e71ffffff 64bit pref]
[    0.533757] pci 0000:08:00.0: BAR 2 [mem 0x47e72800000-0x47e72ffffff 64bit pref]
[    0.534369] pci 0000:08:00.0: PME# supported from D3cold
[    0.535242] pci 0000:08:00.1: [15b3:c2d5] type 00 class 0x080100 PCIe Endpoint
[    0.535345] pci 0000:08:00.1: BAR 0 [mem 0x47e72000000-0x47e727fffff 64bit pref]
[    0.535917] pci 0000:08:00.1: PME# supported from D3cold
[    0.536471] pci 0000:00:03.3: PCI bridge to [bus 08]
[    0.536595] pci 0000:09:00.0: [1022:145a] type 00 class 0x130000 PCIe Endpoint
[    0.536627] pci 0000:09:00.0: enabling Extended Tags
[    0.536778] pci 0000:09:00.2: [1022:1456] type 00 class 0x108000 PCIe Endpoint
[    0.536796] pci 0000:09:00.2: BAR 2 [mem 0xcc100000-0xcc1fffff]
[    0.536809] pci 0000:09:00.2: BAR 5 [mem 0xcc200000-0xcc201fff]
[    0.536820] pci 0000:09:00.2: enabling Extended Tags
[    0.537005] pci 0000:09:00.3: [1022:145f] type 00 class 0x0c0330 PCIe Endpoint
[    0.537021] pci 0000:09:00.3: BAR 0 [mem 0xcc000000-0xcc0fffff 64bit]
[    0.537050] pci 0000:09:00.3: enabling Extended Tags
[    0.537094] pci 0000:09:00.3: PME# supported from D0 D3hot D3cold
[    0.537265] pci 0000:00:07.1: PCI bridge to [bus 09]
[    0.537451] pci 0000:0a:00.0: [1022:1455] type 00 class 0x130000 PCIe Endpoint
[    0.537485] pci 0000:0a:00.0: enabling Extended Tags
[    0.537645] pci 0000:0a:00.1: [1022:1468] type 00 class 0x108000 PCIe Endpoint
[    0.537663] pci 0000:0a:00.1: BAR 2 [mem 0xcc300000-0xcc3fffff]
[    0.537677] pci 0000:0a:00.1: BAR 5 [mem 0xcc484000-0xcc485fff]
[    0.537688] pci 0000:0a:00.1: enabling Extended Tags
[    0.537879] pci 0000:0a:00.4: [1022:1458] type 00 class 0x020000 PCIe Endpoint
[    0.537892] pci 0000:0a:00.4: BAR 0 [mem 0xcc460000-0xcc47ffff]
[    0.537901] pci 0000:0a:00.4: BAR 1 [mem 0xcc440000-0xcc45ffff]
[    0.537911] pci 0000:0a:00.4: BAR 2 [mem 0xcc482000-0xcc483fff 64bit]
[    0.537933] pci 0000:0a:00.4: enabling Extended Tags
[    0.538120] pci 0000:0a:00.5: [1022:1458] type 00 class 0x020000 PCIe Endpoint
[    0.538134] pci 0000:0a:00.5: BAR 0 [mem 0xcc420000-0xcc43ffff]
[    0.538142] pci 0000:0a:00.5: BAR 1 [mem 0xcc400000-0xcc41ffff]
[    0.538153] pci 0000:0a:00.5: BAR 2 [mem 0xcc480000-0xcc481fff 64bit]
[    0.538174] pci 0000:0a:00.5: enabling Extended Tags
[    0.538383] pci 0000:00:08.1: PCI bridge to [bus 0a]
[    0.538426] pci_bus 0000:00: on NUMA node 0
[    0.539834] ACPI: PCI Root Bridge [S0D1] (domain 0000 [bus 40-ff])
[    0.539843] acpi PNP0A08:01: _OSC: OS supports [ExtendedConfig ASPM ClockPM Segments MSI HPX-Type3]
[    0.539996] acpi PNP0A08:01: _OSC: platform does not support [SHPCHotplug LTR]
[    0.540273] acpi PNP0A08:01: _OSC: OS now controls [PCIeHotplug PME AER PCIeCapability]
[    0.540295] acpi PNP0A08:01: [Firmware Info]: ECAM [mem 0x80000000-0x87ffffff] for domain 0000 [bus 00-7f] only partially covers this bridge
[    0.540512] acpi PNP0A08:01: ignoring host bridge window [io  0x8000-0xffff window] (conflicts with PCI Bus 0000:00 [io  0x0400-0xf6ff])
[    0.540830] PCI host bridge to bus 0000:40
[    0.540836] pci_bus 0000:40: root bus resource [mem 0x88000000-0x8a4fffff window]
[    0.540841] pci_bus 0000:40: root bus resource [mem 0x47e80000000-0x7fcffffffff window]
[    0.540845] pci_bus 0000:40: root bus resource [bus 40-ff]
[    0.540862] pci 0000:40:00.0: [1022:1450] type 00 class 0x060000 conventional PCI endpoint
[    0.540968] pci 0000:40:00.2: [1022:1451] type 00 class 0x080600 conventional PCI endpoint
[    0.541089] pci 0000:40:01.0: [1022:1452] type 00 class 0x060000 conventional PCI endpoint
[    0.541200] pci 0000:40:02.0: [1022:1452] type 00 class 0x060000 conventional PCI endpoint
[    0.541311] pci 0000:40:03.0: [1022:1452] type 00 class 0x060000 conventional PCI endpoint
[    0.541421] pci 0000:40:04.0: [1022:1452] type 00 class 0x060000 conventional PCI endpoint
[    0.541536] pci 0000:40:07.0: [1022:1452] type 00 class 0x060000 conventional PCI endpoint
[    0.541638] pci 0000:40:07.1: [1022:1454] type 01 class 0x060400 PCIe Root Port
[    0.541660] pci 0000:40:07.1: PCI bridge to [bus 41]
[    0.541668] pci 0000:40:07.1:   bridge window [mem 0x8a000000-0x8a2fffff]
[    0.542090] pci 0000:40:07.1: enabling Extended Tags
[    0.542178] pci 0000:40:07.1: PME# supported from D0 D3hot D3cold
[    0.542413] pci 0000:40:08.0: [1022:1452] type 00 class 0x060000 conventional PCI endpoint
[    0.542518] pci 0000:40:08.1: [1022:1454] type 01 class 0x060400 PCIe Root Port
[    0.542540] pci 0000:40:08.1: PCI bridge to [bus 42]
[    0.542549] pci 0000:40:08.1:   bridge window [mem 0x8a300000-0x8a4fffff]
[    0.543077] pci 0000:40:08.1: enabling Extended Tags
[    0.543167] pci 0000:40:08.1: PME# supported from D0 D3hot D3cold
[    0.543544] pci 0000:41:00.0: [1022:145a] type 00 class 0x130000 PCIe Endpoint
[    0.543579] pci 0000:41:00.0: enabling Extended Tags
[    0.543745] pci 0000:41:00.2: [1022:1456] type 00 class 0x108000 PCIe Endpoint
[    0.543764] pci 0000:41:00.2: BAR 2 [mem 0x8a100000-0x8a1fffff]
[    0.543778] pci 0000:41:00.2: BAR 5 [mem 0x8a200000-0x8a201fff]
[    0.543790] pci 0000:41:00.2: enabling Extended Tags
[    0.543986] pci 0000:41:00.3: [1022:145f] type 00 class 0x0c0330 PCIe Endpoint
[    0.544002] pci 0000:41:00.3: BAR 0 [mem 0x8a000000-0x8a0fffff 64bit]
[    0.544032] pci 0000:41:00.3: enabling Extended Tags
[    0.544081] pci 0000:41:00.3: PME# supported from D0 D3hot D3cold
[    0.544251] pci 0000:40:07.1: PCI bridge to [bus 41]
[    0.544412] pci 0000:42:00.0: [1022:1455] type 00 class 0x130000 PCIe Endpoint
[    0.544449] pci 0000:42:00.0: enabling Extended Tags
[    0.544616] pci 0000:42:00.1: [1022:1468] type 00 class 0x108000 PCIe Endpoint
[    0.544636] pci 0000:42:00.1: BAR 2 [mem 0x8a300000-0x8a3fffff]
[    0.544650] pci 0000:42:00.1: BAR 5 [mem 0x8a400000-0x8a401fff]
[    0.544662] pci 0000:42:00.1: enabling Extended Tags
[    0.544872] pci 0000:40:08.1: PCI bridge to [bus 42]
[    0.544891] pci_bus 0000:40: on NUMA node 1
[    0.545672] ACPI: PCI: Interrupt link LNKA configured for IRQ 0
[    0.545769] ACPI: PCI: Interrupt link LNKB configured for IRQ 0
[    0.545853] ACPI: PCI: Interrupt link LNKC configured for IRQ 0
[    0.545955] ACPI: PCI: Interrupt link LNKD configured for IRQ 0
[    0.546050] ACPI: PCI: Interrupt link LNKE configured for IRQ 0
[    0.546129] ACPI: PCI: Interrupt link LNKF configured for IRQ 0
[    0.546205] ACPI: PCI: Interrupt link LNKG configured for IRQ 0
[    0.546283] ACPI: PCI: Interrupt link LNKH configured for IRQ 0
[    0.546804] iommu: Default domain type: Translated
[    0.546804] iommu: DMA domain TLB invalidation policy: lazy mode
[    0.546804] pps_core: LinuxPPS API ver. 1 registered
[    0.546804] pps_core: Software ver. 5.3.6 - Copyright 2005-2007 Rodolfo Giometti <giometti@linux.it>
[    0.546804] PTP clock support registered
[    0.546804] EDAC MC: Ver: 3.0.0
[    0.546804] efivars: Registered efivars operations
[    0.546804] NetLabel: Initializing
[    0.546804] NetLabel:  domain hash size = 128
[    0.546804] NetLabel:  protocols = UNLABELED CIPSOv4 CALIPSO
[    0.546804] NetLabel:  unlabeled traffic allowed by default
[    0.546804] mctp: management component transport protocol core
[    0.546804] NET: Registered PF_MCTP protocol family
[    0.546804] PCI: Using ACPI for IRQ routing
[    0.556864] PCI: pci_cache_line_size set to 64 bytes
[    0.557057] e820: reserve RAM buffer [mem 0x01db0000-0x03ffffff]
[    0.557062] e820: reserve RAM buffer [mem 0x74603000-0x77ffffff]
[    0.557066] e820: reserve RAM buffer [mem 0x77f92000-0x77ffffff]
[    0.557069] e820: reserve RAM buffer [mem 0x107f380000-0x107fffffff]
[    0.557073] e820: reserve RAM buffer [mem 0x207ff80000-0x207fffffff]
[    0.557209] vgaarb: loaded
[    0.557209] hpet0: at MMIO 0xfed00000, IRQs 2, 8, 0
[    0.557209] hpet0: 3 comparators, 32-bit 14.318180 MHz counter
[    0.559767] clocksource: Switched to clocksource tsc-early
[    0.561362] VFS: Disk quotas dquot_6.6.0
[    0.561384] VFS: Dquot-cache hash table entries: 512 (order 0, 4096 bytes)
[    0.561655] AppArmor: AppArmor Filesystem Enabled
[    0.561689] pnp: PnP ACPI init
[    0.561856] system 00:00: [mem 0x80000000-0x87ffffff] has been reserved
[    0.562330] system 00:02: [io  0x2000-0x21ff window] has been reserved
[    0.562336] system 00:02: [io  0x2500-0x26ff window] has been reserved
[    0.562778] system 00:03: [io  0x04d0-0x04d1] has been reserved
[    0.562784] system 00:03: [io  0x040b] has been reserved
[    0.562788] system 00:03: [io  0x04d6] has been reserved
[    0.562793] system 00:03: [io  0x0c00-0x0c01] has been reserved
[    0.562797] system 00:03: [io  0x0c14] has been reserved
[    0.562802] system 00:03: [io  0x0c50-0x0c51] has been reserved
[    0.562806] system 00:03: [io  0x0c52] has been reserved
[    0.562810] system 00:03: [io  0x0c6c] has been reserved
[    0.562814] system 00:03: [io  0x0c6f] has been reserved
[    0.562819] system 00:03: [io  0x0cd0-0x0cd1] has been reserved
[    0.562823] system 00:03: [io  0x0cd2-0x0cd3] has been reserved
[    0.562827] system 00:03: [io  0x0cd4-0x0cd5] has been reserved
[    0.562831] system 00:03: [io  0x0cd6-0x0cd7] has been reserved
[    0.562836] system 00:03: [io  0x0cd8-0x0cdf] has been reserved
[    0.562840] system 00:03: [io  0x0800-0x089f] has been reserved
[    0.562847] system 00:03: [io  0x0b00-0x0b0f] has been reserved
[    0.562851] system 00:03: [io  0x0b20-0x0b3f] has been reserved
[    0.562856] system 00:03: [io  0x0900-0x090f] has been reserved
[    0.562860] system 00:03: [io  0x0910-0x091f] has been reserved
[    0.562864] system 00:03: [io  0xfe00-0xfefe] has been reserved
[    0.562869] system 00:03: [mem 0xfec00000-0xfec00fff] could not be reserved
[    0.562874] system 00:03: [mem 0xfec01000-0xfec01fff] has been reserved
[    0.562879] system 00:03: [mem 0xfedc0000-0xfedc0fff] has been reserved
[    0.562883] system 00:03: [mem 0xfee00000-0xfee00fff] has been reserved
[    0.562888] system 00:03: [mem 0xfed80000-0xfed8ffff] could not be reserved
[    0.562892] system 00:03: [mem 0xfed61000-0xfed70fff] has been reserved
[    0.562897] system 00:03: [mem 0xfec10000-0xfec10fff] has been reserved
[    0.562901] system 00:03: [mem 0xff000000-0xffffffff] has been reserved
[    0.563831] pnp: PnP ACPI: found 4 devices
[    0.571094] clocksource: acpi_pm: mask: 0xffffff max_cycles: 0xffffff, max_idle_ns: 2085701024 ns
[    0.571217] NET: Registered PF_INET protocol family
[    0.571686] IP idents hash table entries: 262144 (order: 9, 2097152 bytes, vmalloc)
[    0.595729] tcp_listen_portaddr_hash hash table entries: 65536 (order: 8, 1048576 bytes, vmalloc)
[    0.595898] Table-perturb hash table entries: 65536 (order: 6, 262144 bytes, vmalloc)
[    0.596312] TCP established hash table entries: 524288 (order: 10, 4194304 bytes, vmalloc hugepage)
[    0.597285] TCP bind hash table entries: 65536 (order: 9, 2097152 bytes, vmalloc)
[    0.597467] TCP: Hash tables configured (established 524288 bind 65536)
[    0.597830] MPTCP token hash table entries: 65536 (order: 8, 1572864 bytes, vmalloc)
[    0.598230] UDP hash table entries: 65536 (order: 9, 2097152 bytes, vmalloc)
[    0.598881] UDP-Lite hash table entries: 65536 (order: 9, 2097152 bytes, vmalloc)
[    0.599278] NET: Registered PF_UNIX/PF_LOCAL protocol family
[    0.599293] NET: Registered PF_XDP protocol family
[    0.599318] pci 0000:00:01.2: bridge window [io  0x1000-0x0fff] to [bus 01] add_size 1000
[    0.599326] pci 0000:00:01.2: bridge window [mem 0x00100000-0x000fffff] to [bus 01] add_size 200000 add_align 100000
[    0.599334] pci 0000:00:01.3: bridge window [io  0x1000-0x0fff] to [bus 02] add_size 1000
[    0.599340] pci 0000:00:01.3: bridge window [mem 0x00100000-0x000fffff] to [bus 02] add_size 200000 add_align 100000
[    0.599346] pci 0000:00:01.4: bridge window [io  0x1000-0x0fff] to [bus 03] add_size 1000
[    0.599351] pci 0000:00:01.4: bridge window [mem 0x00100000-0x000fffff 64bit pref] to [bus 03] add_size 200000 add_align 100000
[    0.599358] pci 0000:00:01.5: bridge window [io  0x1000-0x0fff] to [bus 04] add_size 1000
[    0.599362] pci 0000:00:01.5: bridge window [mem 0x00100000-0x000fffff 64bit pref] to [bus 04] add_size 200000 add_align 100000
[    0.599368] pci 0000:00:01.5: bridge window [mem 0x00100000-0x000fffff] to [bus 04] add_size 200000 add_align 100000
[    0.599373] pci 0000:00:01.6: bridge window [io  0x1000-0x0fff] to [bus 05] add_size 1000
[    0.599378] pci 0000:00:01.6: bridge window [mem 0x00100000-0x000fffff 64bit pref] to [bus 05] add_size 200000 add_align 100000
[    0.599383] pci 0000:00:01.6: bridge window [mem 0x00100000-0x000fffff] to [bus 05] add_size 200000 add_align 100000
[    0.599389] pci 0000:00:03.1: bridge window [io  0x1000-0x0fff] to [bus 06] add_size 1000
[    0.599394] pci 0000:00:03.1: bridge window [mem 0x00100000-0x000fffff 64bit pref] to [bus 06] add_size 200000 add_align 100000
[    0.599400] pci 0000:00:03.2: bridge window [io  0x1000-0x0fff] to [bus 07] add_size 1000
[    0.599406] pci 0000:00:03.2: bridge window [mem 0x00100000-0x000fffff] to [bus 07] add_size 200000 add_align 100000
[    0.599412] pci 0000:00:03.3: bridge window [io  0x1000-0x0fff] to [bus 08] add_size 1000
[    0.599417] pci 0000:00:03.3: bridge window [mem 0x00100000-0x000fffff] to [bus 08] add_size 200000 add_align 100000
[    0.599445] pci 0000:00:01.2: bridge window [mem 0xc3000000-0xc31fffff]: assigned
[    0.599450] pci 0000:00:01.3: bridge window [mem 0xc3200000-0xc33fffff]: assigned
[    0.599457] pci 0000:00:01.4: bridge window [mem 0x10000000000-0x100001fffff 64bit pref]: assigned
[    0.599462] pci 0000:00:01.5: bridge window [mem 0xc3400000-0xc35fffff]: assigned
[    0.599467] pci 0000:00:01.5: bridge window [mem 0x10000200000-0x100003fffff 64bit pref]: assigned
[    0.599472] pci 0000:00:01.6: bridge window [mem 0xc3600000-0xc37fffff]: assigned
[    0.599477] pci 0000:00:01.6: bridge window [mem 0x10000400000-0x100005fffff 64bit pref]: assigned
[    0.599483] pci 0000:00:03.1: bridge window [mem 0x10000600000-0x100007fffff 64bit pref]: assigned
[    0.599487] pci 0000:00:03.2: bridge window [mem 0xc3800000-0xc39fffff]: assigned
[    0.599492] pci 0000:00:03.3: bridge window [mem 0xc3a00000-0xc3bfffff]: assigned
[    0.599497] pci 0000:00:01.2: bridge window [io  0x1000-0x1fff]: assigned
[    0.599501] pci 0000:00:01.3: bridge window [io  0x3000-0x3fff]: assigned
[    0.599506] pci 0000:00:01.4: bridge window [io  0x4000-0x4fff]: assigned
[    0.599510] pci 0000:00:01.5: bridge window [io  0x5000-0x5fff]: assigned
[    0.599515] pci 0000:00:01.6: bridge window [io  0x6000-0x6fff]: assigned
[    0.599519] pci 0000:00:03.1: bridge window [io  0x7000-0x7fff]: assigned
[    0.599524] pci 0000:00:03.2: bridge window [io  0x8000-0x8fff]: assigned
[    0.599528] pci 0000:00:03.3: bridge window [io  0x9000-0x9fff]: assigned
[    0.599538] pci 0000:00:01.2: PCI bridge to [bus 01]
[    0.599544] pci 0000:00:01.2:   bridge window [io  0x1000-0x1fff]
[    0.599550] pci 0000:00:01.2:   bridge window [mem 0xc3000000-0xc31fffff]
[    0.599555] pci 0000:00:01.2:   bridge window [mem 0x47e7c000000-0x47e7effffff 64bit pref]
[    0.599562] pci 0000:00:01.3: PCI bridge to [bus 02]
[    0.599567] pci 0000:00:01.3:   bridge window [io  0x3000-0x3fff]
[    0.599572] pci 0000:00:01.3:   bridge window [mem 0xc3200000-0xc33fffff]
[    0.599577] pci 0000:00:01.3:   bridge window [mem 0x47e78000000-0x47e7affffff 64bit pref]
[    0.599584] pci 0000:00:01.4: PCI bridge to [bus 03]
[    0.599589] pci 0000:00:01.4:   bridge window [io  0x4000-0x4fff]
[    0.599594] pci 0000:00:01.4:   bridge window [mem 0xcc500000-0xcc5fffff]
[    0.599599] pci 0000:00:01.4:   bridge window [mem 0x10000000000-0x100001fffff 64bit pref]
[    0.599606] pci 0000:00:01.5: PCI bridge to [bus 04]
[    0.599610] pci 0000:00:01.5:   bridge window [io  0x5000-0x5fff]
[    0.599615] pci 0000:00:01.5:   bridge window [mem 0xc3400000-0xc35fffff]
[    0.599621] pci 0000:00:01.5:   bridge window [mem 0x10000200000-0x100003fffff 64bit pref]
[    0.599627] pci 0000:00:01.6: PCI bridge to [bus 05]
[    0.599631] pci 0000:00:01.6:   bridge window [io  0x6000-0x6fff]
[    0.599637] pci 0000:00:01.6:   bridge window [mem 0xc3600000-0xc37fffff]
[    0.599642] pci 0000:00:01.6:   bridge window [mem 0x10000400000-0x100005fffff 64bit pref]
[    0.599649] pci 0000:00:03.1: PCI bridge to [bus 06]
[    0.599653] pci 0000:00:03.1:   bridge window [io  0x7000-0x7fff]
[    0.599658] pci 0000:00:03.1:   bridge window [mem 0xc8000000-0xcbffffff]
[    0.599664] pci 0000:00:03.1:   bridge window [mem 0x10000600000-0x100007fffff 64bit pref]
[    0.599672] pci 0000:00:03.2: PCI bridge to [bus 07]
[    0.599676] pci 0000:00:03.2:   bridge window [io  0x8000-0x8fff]
[    0.599682] pci 0000:00:03.2:   bridge window [mem 0xc3800000-0xc39fffff]
[    0.599687] pci 0000:00:03.2:   bridge window [mem 0x47e74000000-0x47e76ffffff 64bit pref]
[    0.599694] pci 0000:00:03.3: PCI bridge to [bus 08]
[    0.599698] pci 0000:00:03.3:   bridge window [io  0x9000-0x9fff]
[    0.599703] pci 0000:00:03.3:   bridge window [mem 0xc3a00000-0xc3bfffff]
[    0.599708] pci 0000:00:03.3:   bridge window [mem 0x47e70000000-0x47e72ffffff 64bit pref]
[    0.599716] pci 0000:00:07.1: PCI bridge to [bus 09]
[    0.599722] pci 0000:00:07.1:   bridge window [mem 0xcc000000-0xcc2fffff]
[    0.599730] pci 0000:00:08.1: PCI bridge to [bus 0a]
[    0.599736] pci 0000:00:08.1:   bridge window [mem 0xcc300000-0xcc4fffff]
[    0.599746] pci_bus 0000:00: resource 4 [io  0x0400-0xf6ff]
[    0.599750] pci_bus 0000:00: resource 5 [io  0x0000-0x02e7 window]
[    0.599755] pci_bus 0000:00: resource 6 [io  0x0300-0x03af window]
[    0.599759] pci_bus 0000:00: resource 7 [io  0x0400-0x0cf7 window]
[    0.599763] pci_bus 0000:00: resource 8 [io  0x03b0-0x03df window]
[    0.599767] pci_bus 0000:00: resource 9 [mem 0x000a0000-0x000dffff window]
[    0.599771] pci_bus 0000:00: resource 10 [mem 0xc3000000-0xccffffff window]
[    0.599776] pci_bus 0000:00: resource 11 [mem 0x10000000000-0x47e7fffffff window]
[    0.599780] pci_bus 0000:01: resource 0 [io  0x1000-0x1fff]
[    0.599784] pci_bus 0000:01: resource 1 [mem 0xc3000000-0xc31fffff]
[    0.599788] pci_bus 0000:01: resource 2 [mem 0x47e7c000000-0x47e7effffff 64bit pref]
[    0.599793] pci_bus 0000:02: resource 0 [io  0x3000-0x3fff]
[    0.599797] pci_bus 0000:02: resource 1 [mem 0xc3200000-0xc33fffff]
[    0.599801] pci_bus 0000:02: resource 2 [mem 0x47e78000000-0x47e7affffff 64bit pref]
[    0.599805] pci_bus 0000:03: resource 0 [io  0x4000-0x4fff]
[    0.599809] pci_bus 0000:03: resource 1 [mem 0xcc500000-0xcc5fffff]
[    0.599813] pci_bus 0000:03: resource 2 [mem 0x10000000000-0x100001fffff 64bit pref]
[    0.599823] pci_bus 0000:04: resource 0 [io  0x5000-0x5fff]
[    0.599827] pci_bus 0000:04: resource 1 [mem 0xc3400000-0xc35fffff]
[    0.599831] pci_bus 0000:04: resource 2 [mem 0x10000200000-0x100003fffff 64bit pref]
[    0.599835] pci_bus 0000:05: resource 0 [io  0x6000-0x6fff]
[    0.599839] pci_bus 0000:05: resource 1 [mem 0xc3600000-0xc37fffff]
[    0.599843] pci_bus 0000:05: resource 2 [mem 0x10000400000-0x100005fffff 64bit pref]
[    0.599848] pci_bus 0000:06: resource 0 [io  0x7000-0x7fff]
[    0.599852] pci_bus 0000:06: resource 1 [mem 0xc8000000-0xcbffffff]
[    0.599856] pci_bus 0000:06: resource 2 [mem 0x10000600000-0x100007fffff 64bit pref]
[    0.599860] pci_bus 0000:07: resource 0 [io  0x8000-0x8fff]
[    0.599864] pci_bus 0000:07: resource 1 [mem 0xc3800000-0xc39fffff]
[    0.599868] pci_bus 0000:07: resource 2 [mem 0x47e74000000-0x47e76ffffff 64bit pref]
[    0.599872] pci_bus 0000:08: resource 0 [io  0x9000-0x9fff]
[    0.599876] pci_bus 0000:08: resource 1 [mem 0xc3a00000-0xc3bfffff]
[    0.599880] pci_bus 0000:08: resource 2 [mem 0x47e70000000-0x47e72ffffff 64bit pref]
[    0.599885] pci_bus 0000:09: resource 1 [mem 0xcc000000-0xcc2fffff]
[    0.599889] pci_bus 0000:0a: resource 1 [mem 0xcc300000-0xcc4fffff]
[    0.599963] pci 0000:40:07.1: PCI bridge to [bus 41]
[    0.599969] pci 0000:40:07.1:   bridge window [mem 0x8a000000-0x8a2fffff]
[    0.599978] pci 0000:40:08.1: PCI bridge to [bus 42]
[    0.599983] pci 0000:40:08.1:   bridge window [mem 0x8a300000-0x8a4fffff]
[    0.599992] pci_bus 0000:40: resource 4 [mem 0x88000000-0x8a4fffff window]
[    0.599996] pci_bus 0000:40: resource 5 [mem 0x47e80000000-0x7fcffffffff window]
[    0.600000] pci_bus 0000:41: resource 1 [mem 0x8a000000-0x8a2fffff]
[    0.600005] pci_bus 0000:42: resource 1 [mem 0x8a300000-0x8a4fffff]
[    0.600679] PCI: CLS 64 bytes, default 64
[    0.600705] PCI-DMA: Using software bounce buffering for IO (SWIOTLB)
[    0.600708] software IO TLB: mapped [mem 0x0000000070602000-0x0000000074602000] (64MB)
[    0.600769] Trying to unpack rootfs image as initramfs...
[    0.607373] amd_uncore: 4 amd_df counters detected
[    0.607396] amd_uncore: 6 amd_l3 counters detected
[    0.609409] Initialise system trusted keyrings
[    0.609423] Key type blacklist registered
[    0.609555] workingset: timestamp_bits=36 max_order=25 bucket_order=0
[    0.609569] zbud: loaded
[    0.609770] fuse: init (API version 7.41)
[    0.610034] integrity: Platform Keyring initialized
[    0.610041] integrity: Machine keyring initialized
[    0.637714] Key type asymmetric registered
[    0.637719] Asymmetric key parser 'x509' registered
[    1.156734] Freeing initrd memory: 42320K
[    1.163001] Block layer SCSI generic (bsg) driver version 0.4 loaded (major 246)
[    1.163093] io scheduler mq-deadline registered
[    1.167834] ledtrig-cpu: registered to indicate activity on CPUs
[    1.168663] pcieport 0000:00:01.2: PME: Signaling with IRQ 26
[    1.168783] pcieport 0000:00:01.2: AER: enabled with IRQ 26
[    1.168824] pcieport 0000:00:01.2: pciehp: Slot #0 AttnBtn- PwrCtrl- MRL- AttnInd- PwrInd- HotPlug+ Surprise- Interlock- NoCompl+ IbPresDis- LLActRep+
[    1.169030] pcieport 0000:00:01.2: DPC: enabled with IRQ 26
[    1.169035] pcieport 0000:00:01.2: DPC: error containment capabilities: Int Msg #0, RPExt+ PoisonedTLP+ SwTrigger+ RP PIO Log 6, DL_ActiveErr+
[    1.169691] pcieport 0000:00:01.3: PME: Signaling with IRQ 27
[    1.169791] pcieport 0000:00:01.3: AER: enabled with IRQ 27
[    1.169828] pcieport 0000:00:01.3: pciehp: Slot #0 AttnBtn- PwrCtrl- MRL- AttnInd- PwrInd- HotPlug+ Surprise- Interlock- NoCompl+ IbPresDis- LLActRep+
[    1.170026] pcieport 0000:00:01.3: DPC: enabled with IRQ 27
[    1.170030] pcieport 0000:00:01.3: DPC: error containment capabilities: Int Msg #0, RPExt+ PoisonedTLP+ SwTrigger+ RP PIO Log 6, DL_ActiveErr+
[    1.170678] pcieport 0000:00:01.4: PME: Signaling with IRQ 28
[    1.170792] pcieport 0000:00:01.4: AER: enabled with IRQ 28
[    1.170828] pcieport 0000:00:01.4: pciehp: Slot #0 AttnBtn- PwrCtrl- MRL- AttnInd- PwrInd- HotPlug+ Surprise- Interlock- NoCompl+ IbPresDis- LLActRep+
[    1.170993] pcieport 0000:00:01.4: DPC: enabled with IRQ 28
[    1.170997] pcieport 0000:00:01.4: DPC: error containment capabilities: Int Msg #0, RPExt+ PoisonedTLP+ SwTrigger+ RP PIO Log 6, DL_ActiveErr+
[    1.171695] pcieport 0000:00:01.5: PME: Signaling with IRQ 29
[    1.171793] pcieport 0000:00:01.5: AER: enabled with IRQ 29
[    1.171832] pcieport 0000:00:01.5: pciehp: Slot #0 AttnBtn- PwrCtrl- MRL- AttnInd- PwrInd- HotPlug+ Surprise- Interlock- NoCompl+ IbPresDis- LLActRep+
[    1.171993] pcieport 0000:00:01.5: DPC: enabled with IRQ 29
[    1.171998] pcieport 0000:00:01.5: DPC: error containment capabilities: Int Msg #0, RPExt+ PoisonedTLP+ SwTrigger+ RP PIO Log 6, DL_ActiveErr+
[    1.172698] pcieport 0000:00:01.6: PME: Signaling with IRQ 30
[    1.172808] pcieport 0000:00:01.6: AER: enabled with IRQ 30
[    1.172846] pcieport 0000:00:01.6: pciehp: Slot #0 AttnBtn- PwrCtrl- MRL- AttnInd- PwrInd- HotPlug+ Surprise- Interlock- NoCompl+ IbPresDis- LLActRep+
[    1.173001] pcieport 0000:00:01.6: DPC: enabled with IRQ 30
[    1.173006] pcieport 0000:00:01.6: DPC: error containment capabilities: Int Msg #0, RPExt+ PoisonedTLP+ SwTrigger+ RP PIO Log 6, DL_ActiveErr+
[    1.173691] pcieport 0000:00:03.1: PME: Signaling with IRQ 31
[    1.173803] pcieport 0000:00:03.1: AER: enabled with IRQ 31
[    1.173846] pcieport 0000:00:03.1: pciehp: Slot #0 AttnBtn- PwrCtrl- MRL- AttnInd- PwrInd- HotPlug+ Surprise- Interlock- NoCompl+ IbPresDis- LLActRep+
[    1.174039] pcieport 0000:00:03.1: DPC: enabled with IRQ 31
[    1.174044] pcieport 0000:00:03.1: DPC: error containment capabilities: Int Msg #0, RPExt+ PoisonedTLP+ SwTrigger+ RP PIO Log 6, DL_ActiveErr+
[    1.174676] pcieport 0000:00:03.2: PME: Signaling with IRQ 32
[    1.174772] pcieport 0000:00:03.2: AER: enabled with IRQ 32
[    1.174809] pcieport 0000:00:03.2: pciehp: Slot #0 AttnBtn- PwrCtrl- MRL- AttnInd- PwrInd- HotPlug+ Surprise- Interlock- NoCompl+ IbPresDis- LLActRep+
[    1.175002] pcieport 0000:00:03.2: DPC: enabled with IRQ 32
[    1.175006] pcieport 0000:00:03.2: DPC: error containment capabilities: Int Msg #0, RPExt+ PoisonedTLP+ SwTrigger+ RP PIO Log 6, DL_ActiveErr+
[    1.175691] pcieport 0000:00:03.3: PME: Signaling with IRQ 33
[    1.175788] pcieport 0000:00:03.3: AER: enabled with IRQ 33
[    1.175823] pcieport 0000:00:03.3: pciehp: Slot #0 AttnBtn- PwrCtrl- MRL- AttnInd- PwrInd- HotPlug+ Surprise- Interlock- NoCompl+ IbPresDis- LLActRep+
[    1.176018] pcieport 0000:00:03.3: DPC: enabled with IRQ 33
[    1.176023] pcieport 0000:00:03.3: DPC: error containment capabilities: Int Msg #0, RPExt+ PoisonedTLP+ SwTrigger+ RP PIO Log 6, DL_ActiveErr+
[    1.176808] pcieport 0000:00:07.1: PME: Signaling with IRQ 34
[    1.176939] pcieport 0000:00:07.1: AER: enabled with IRQ 34
[    1.177789] pcieport 0000:00:08.1: PME: Signaling with IRQ 36
[    1.177944] pcieport 0000:00:08.1: AER: enabled with IRQ 36
[    1.179426] pcieport 0000:40:07.1: PME: Signaling with IRQ 37
[    1.179596] pcieport 0000:40:07.1: AER: enabled with IRQ 37
[    1.180379] pcieport 0000:40:08.1: PME: Signaling with IRQ 39
[    1.180527] pcieport 0000:40:08.1: AER: enabled with IRQ 39
[    1.180800] shpchp: Standard Hot Plug PCI Controller Driver version: 0.4
[    1.182324] ACPI: processor limited to max C-state 1
[    1.182342] Monitor-Mwait will be used to enter C-1 state
[    1.186587] Could not retrieve perf counters (-19)
[    1.187003] Serial: 8250/16550 driver, 4 ports, IRQ sharing enabled
[    1.187875] printk: legacy console [ttyS0] disabled
[    1.188053] AMDI0020:00: ttyS0 at MMIO 0xfedc9000 (irq = 3, base_baud = 3000000) is a 16550A
[    1.188091] printk: legacy console [ttyS0] enabled
[    1.192731] AMDI0020:01: ttyS1 at MMIO 0xfedca000 (irq = 4, base_baud = 3000000) is a 16550A
[    1.196941] Linux agpgart interface v0.103
[    1.201066] tpm_tis MSFT0101:00: 2.0 TPM (device-id 0x1D, rev-id 54)
[    1.319455] i8042: PNP: No PS/2 controller found.
[    1.319548] mousedev: PS/2 mouse device common for all mice
[    1.319586] rtc_cmos 00:01: RTC can wake from S4
[    1.320408] rtc_cmos 00:01: registered as rtc0
[    1.320553] rtc_cmos 00:01: setting system clock to 2026-04-05T15:36:45 UTC (1775403405)
[    1.320627] rtc_cmos 00:01: alarms up to one month, y3k, 242 bytes nvram
[    1.321390] NET: Registered PF_INET6 protocol family
[    1.326790] Segment Routing with IPv6
[    1.326809] In-situ OAM (IOAM) with IPv6
[    1.326852] mip6: Mobile IPv6
[    1.326858] NET: Registered PF_PACKET protocol family
[    1.326925] mpls_gso: MPLS GSO support
[    1.329411] microcode: Current revision: 0x0800126f
[    1.329416] microcode: Updated early from: 0x0800126e
[    1.330050] IPI shorthand broadcast: enabled
[    1.334216] sched_clock: Marking stable (1332004388, 348827)->(1341607002, -9253787)
[    1.334640] registered taskstats version 1
[    1.335093] Loading compiled-in X.509 certificates
[    1.364940] Loaded X.509 cert 'Build time autogenerated kernel key: 9afc86dc3a68475a39bed991a588f18faa0ad2bd'
[    1.380828] Demotion targets for Node 0: null
[    1.380832] Demotion targets for Node 1: null
[    1.381205] Key type .fscrypt registered
[    1.381210] Key type fscrypt-provisioning registered
[    1.403018] Key type encrypted registered
[    1.403025] AppArmor: AppArmor sha256 policy hashing enabled
[    1.403172] integrity: Loading X.509 certificate: UEFI:db
[    1.428033] integrity: Loaded X.509 cert 'NVIDIA Corporation : Switch Secure ONIE: 24a3630d45615a5b722efd28f787470a7e209610'
[    1.428038] integrity: Loading X.509 certificate: UEFI:db
[    1.428805] integrity: Loaded X.509 cert 'NVIDIA Corporation : Switch Secure Cumulus Linux: b0279e54923fd96e4b154c0ea686cc5a388c5d4f'
[    1.428808] integrity: Loading X.509 certificate: UEFI:db
[    1.429553] integrity: Loaded X.509 cert 'NVIDIA Corporation : Switch Secure ONYX MLNX-OS: 648d6cc7a258ce37672f3d6a668916a47544c4cc'
[    1.429557] integrity: Loading X.509 certificate: UEFI:db
[    1.430298] integrity: Loaded X.509 cert 'NVIDIA Corporation : Switch Secure NV-OS: 40a624ca34ee766f4d4cb868b3a205e718a60835'
[    1.430302] integrity: Loading X.509 certificate: UEFI:db
[    1.431051] integrity: Loaded X.509 cert 'NVIDIA Corporation : Switch Secure SONiC: 06448c92efd387e14571cdec8298c9a8507860b2'
[    1.431054] integrity: Loading X.509 certificate: UEFI:db
[    1.431800] integrity: Loaded X.509 cert 'NVIDIA Corporation : Switch SED PBA: 1664fcee0ca28d65c74919b9757e54488311924c'
[    1.433023] ima: secureboot mode disabled
[    1.433354] ima: Allocated hash algorithm: sha384
[    1.591642] ima: No architecture policies found
[    1.591675] evm: Initialising EVM extended attributes:
[    1.591677] evm: security.selinux
[    1.591680] evm: security.SMACK64 (disabled)
[    1.591683] evm: security.SMACK64EXEC (disabled)
[    1.591686] evm: security.SMACK64TRANSMUTE (disabled)
[    1.591689] evm: security.SMACK64MMAP (disabled)
[    1.591692] evm: security.apparmor
[    1.591694] evm: security.ima
[    1.591697] evm: security.capability
[    1.591700] evm: HMAC attrs: 0x1
[    1.593789] RAS: Correctable Errors collector initialized.
[    1.600987] clk: Disabling unused clocks
[    1.601185] dw-apb-uart AMDI0020:00: forbid DMA for kernel console
[    1.604205] Freeing unused kernel image (initmem) memory: 4148K
[    1.604233] Write protecting the kernel read-only data: 28672k
[    1.604848] Freeing unused kernel image (rodata/data gap) memory: 424K
[    1.640368] tsc: Refined TSC clocksource calibration: 2140.000 MHz
[    1.640393] clocksource: tsc: mask: 0xffffffffffffffff max_cycles: 0x1ed8cae9e88, max_idle_ns: 440795237412 ns
[    1.712953] x86/mm: Checked W+X mappings: passed, no W+X pages found.
[    1.712973] clocksource: Switched to clocksource tsc
[    1.712980] Run /init as init process
[    1.712984]   with arguments:
[    1.712988]     /init
[    1.712991]   with environment:
[    1.712994]     HOME=/
[    1.712998]     TERM=linux
[    1.713001]     BOOT_IMAGE=/image-20251110.16/boot/vmlinuz-6.12.41+deb13-sonic-amd64
[    1.713004]     sonic_fips=1
[    1.713008]     biosdevname=0
[    1.713010]     loop=image-20251110.16/fs.squashfs
[    1.713013]     loopfstype=squashfs
[    1.713016]     varlog_size=4096
[    2.045581] ACPI: bus type USB registered
[    2.045653] usbcore: registered new interface driver usbfs
[    2.045672] usbcore: registered new interface driver hub
[    2.045715] usbcore: registered new device driver usb
[    2.057810] nvme nvme0: pci function 0000:03:00.0
[    2.230395] nvme nvme0: allocated 64 MiB host memory buffer.
[    2.266084] nvme nvme0: 8/0/0 default/read/poll queues
[    2.298076]  nvme0n1: p1 p2 p3
[    2.318974] xhci_hcd 0000:09:00.3: xHCI Host Controller
[    2.318989] xhci_hcd 0000:09:00.3: new USB bus registered, assigned bus number 1
[    2.319099] xhci_hcd 0000:09:00.3: hcc params 0x0270f665 hci version 0x100 quirks 0x0000000000000010
[    2.319452] xhci_hcd 0000:09:00.3: xHCI Host Controller
[    2.319459] xhci_hcd 0000:09:00.3: new USB bus registered, assigned bus number 2
[    2.319465] xhci_hcd 0000:09:00.3: Host supports USB 3.0 SuperSpeed
[    2.319632] mlx5_core 0000:01:00.0: enabling device (0000 -> 0002)
[    2.319820] mlx5_core 0000:01:00.0: PTM is not supported by PCIe
[    2.319839] mlx5_core 0000:01:00.0: firmware version: 32.48.410
[    2.319869] mlx5_core 0000:01:00.0: 31.504 Gb/s available PCIe bandwidth (8.0 GT/s PCIe x4 link)
[    2.322147] usb usb1: New USB device found, idVendor=1d6b, idProduct=0002, bcdDevice= 6.12
[    2.322153] usb usb1: New USB device strings: Mfr=3, Product=2, SerialNumber=1
[    2.322157] usb usb1: Product: xHCI Host Controller
[    2.322161] usb usb1: Manufacturer: Linux 6.12.41+deb13-sonic-amd64 xhci-hcd
[    2.322165] usb usb1: SerialNumber: 0000:09:00.3
[    2.322379] hub 1-0:1.0: USB hub found
[    2.322393] hub 1-0:1.0: 2 ports detected
[    2.322585] usb usb2: We don't know the algorithms for LPM for this host, disabling LPM.
[    2.322645] usb usb2: New USB device found, idVendor=1d6b, idProduct=0003, bcdDevice= 6.12
[    2.322651] usb usb2: New USB device strings: Mfr=3, Product=2, SerialNumber=1
[    2.322655] usb usb2: Product: xHCI Host Controller
[    2.322659] usb usb2: Manufacturer: Linux 6.12.41+deb13-sonic-amd64 xhci-hcd
[    2.322663] usb usb2: SerialNumber: 0000:09:00.3
[    2.322901] hub 2-0:1.0: USB hub found
[    2.322915] hub 2-0:1.0: 2 ports detected
[    2.323323] xhci_hcd 0000:41:00.3: xHCI Host Controller
[    2.323341] xhci_hcd 0000:41:00.3: new USB bus registered, assigned bus number 3
[    2.323453] xhci_hcd 0000:41:00.3: hcc params 0x0270f665 hci version 0x100 quirks 0x0000000000000010
[    2.323840] xhci_hcd 0000:41:00.3: xHCI Host Controller
[    2.323850] xhci_hcd 0000:41:00.3: new USB bus registered, assigned bus number 4
[    2.323856] xhci_hcd 0000:41:00.3: Host supports USB 3.0 SuperSpeed
[    2.323928] usb usb3: New USB device found, idVendor=1d6b, idProduct=0002, bcdDevice= 6.12
[    2.323935] usb usb3: New USB device strings: Mfr=3, Product=2, SerialNumber=1
[    2.323939] usb usb3: Product: xHCI Host Controller
[    2.323944] usb usb3: Manufacturer: Linux 6.12.41+deb13-sonic-amd64 xhci-hcd
[    2.323948] usb usb3: SerialNumber: 0000:41:00.3
[    2.324149] hub 3-0:1.0: USB hub found
[    2.324163] hub 3-0:1.0: 2 ports detected
[    2.324370] usb usb4: We don't know the algorithms for LPM for this host, disabling LPM.
[    2.324417] usb usb4: New USB device found, idVendor=1d6b, idProduct=0003, bcdDevice= 6.12
[    2.324423] usb usb4: New USB device strings: Mfr=3, Product=2, SerialNumber=1
[    2.324427] usb usb4: Product: xHCI Host Controller
[    2.324431] usb usb4: Manufacturer: Linux 6.12.41+deb13-sonic-amd64 xhci-hcd
[    2.324435] usb usb4: SerialNumber: 0000:41:00.3
[    2.324609] hub 4-0:1.0: USB hub found
[    2.324624] hub 4-0:1.0: 2 ports detected
[    2.335464] amd-xgbe 0000:0a:00.4 eth0: net device enabled
[    2.336934] amd-xgbe 0000:0a:00.5 eth1: net device enabled
[    2.532807] mlx5_core 0000:01:00.0: Rate limit: 127 rates are supported, range: 0Mbps to 390625Mbps
[    2.532886] mlx5_core 0000:01:00.0: E-Switch: Total vports 2, per vport: max uc(128) max mc(2048)
[    2.535598] mlx5_core 0000:01:00.0: mlx5_pcie_event:297:(pid 286): PCIe slot power capability was not advertised.
[    2.572364] usb 1-2: new full-speed USB device number 2 using xhci_hcd
[    2.624942] mlx5_core 0000:01:00.0: MLX5E: StrdRq(1) RqSz(8) StrdSz(2048) RxCqeCmprss(1 enhanced)
[    2.629531] mlx5_core 0000:02:00.0: enabling device (0000 -> 0002)
[    2.629746] mlx5_core 0000:02:00.0: PTM is not supported by PCIe
[    2.629764] mlx5_core 0000:02:00.0: firmware version: 32.48.410
[    2.629793] mlx5_core 0000:02:00.0: 31.504 Gb/s available PCIe bandwidth (8.0 GT/s PCIe x4 link)
[    2.733500] usb 1-2: New USB device found, idVendor=10c4, idProduct=ea71, bcdDevice= 1.90
[    2.733507] usb 1-2: New USB device strings: Mfr=1, Product=2, SerialNumber=7
[    2.733512] usb 1-2: Product: CP2108 Quad USB to UART Bridge Controller
[    2.733516] usb 1-2: Manufacturer: Silicon Labs
[    2.733520] usb 1-2: SerialNumber: 8F0E06A5D1427B9511ED720BADC945C
[    2.843189] mlx5_core 0000:02:00.0: Rate limit: 127 rates are supported, range: 0Mbps to 390625Mbps
[    2.843268] mlx5_core 0000:02:00.0: E-Switch: Total vports 2, per vport: max uc(128) max mc(2048)
[    2.845827] mlx5_core 0000:02:00.0: mlx5_pcie_event:297:(pid 12): PCIe slot power capability was not advertised.
[    2.935444] mlx5_core 0000:02:00.0: MLX5E: StrdRq(1) RqSz(8) StrdSz(2048) RxCqeCmprss(1 enhanced)
[    2.939943] mlx5_core 0000:07:00.0: enabling device (0000 -> 0002)
[    2.940184] mlx5_core 0000:07:00.0: PTM is not supported by PCIe
[    2.940202] mlx5_core 0000:07:00.0: firmware version: 32.48.410
[    2.940234] mlx5_core 0000:07:00.0: 31.504 Gb/s available PCIe bandwidth (8.0 GT/s PCIe x4 link)
[    3.153711] mlx5_core 0000:07:00.0: Rate limit: 127 rates are supported, range: 0Mbps to 390625Mbps
[    3.153798] mlx5_core 0000:07:00.0: E-Switch: Total vports 2, per vport: max uc(128) max mc(2048)
[    3.156391] mlx5_core 0000:07:00.0: mlx5_pcie_event:297:(pid 286): PCIe slot power capability was not advertised.
[    3.245519] mlx5_core 0000:07:00.0: MLX5E: StrdRq(1) RqSz(8) StrdSz(2048) RxCqeCmprss(1 enhanced)
[    3.250036] mlx5_core 0000:08:00.0: enabling device (0000 -> 0002)
[    3.250252] mlx5_core 0000:08:00.0: PTM is not supported by PCIe
[    3.250269] mlx5_core 0000:08:00.0: firmware version: 32.48.410
[    3.250300] mlx5_core 0000:08:00.0: 31.504 Gb/s available PCIe bandwidth (8.0 GT/s PCIe x4 link)
[    3.462873] mlx5_core 0000:08:00.0: Rate limit: 127 rates are supported, range: 0Mbps to 390625Mbps
[    3.462958] mlx5_core 0000:08:00.0: E-Switch: Total vports 2, per vport: max uc(128) max mc(2048)
[    3.485178] mlx5_core 0000:08:00.0: mlx5_pcie_event:297:(pid 560): PCIe slot power capability was not advertised.
[    3.553899] mlx5_core 0000:08:00.0: MLX5E: StrdRq(1) RqSz(8) StrdSz(2048) RxCqeCmprss(1 enhanced)
[    3.703685] squashfs: version 4.0 (2009/01/31) Phillip Lougher
[    4.138227] EXT4-fs (nvme0n1p3): mounted filesystem 838e20b9-c4ad-4289-b69f-a40227f99031 r/w with ordered data mode. Quota mode: none.
[    4.155768] loop: module loaded
[    4.160152] loop0: detected capacity change from 0 to 1122296
[    4.216998] loop1: detected capacity change from 0 to 8388608
[    4.226411] EXT4-fs (loop1): mounted filesystem 756aaadc-3dc4-4113-a347-e2115b6c773a r/w with ordered data mode. Quota mode: none.
[    4.460431] systemd[1]: Inserted module 'autofs4'
[    4.536387] systemd[1]: systemd 257.9-1~deb13u1 running in system mode (+PAM +AUDIT +SELINUX +APPARMOR +IMA +IPE +SMACK +SECCOMP +GCRYPT -GNUTLS +OPENSSL +ACL +BLKID +CURL +ELFUTILS +FIDO2 +IDN2 -IDN +IPTC +KMOD +LIBCRYPTSETUP +LIBCRYPTSETUP_PLUGINS +LIBFDISK +PCRE2 +PWQUALITY +P11KIT +QRENCODE +TPM2 +BZIP2 +LZ4 +XZ +ZLIB +ZSTD +BPF_FRAMEWORK +BTF -XKBCOMMON -UTMP +SYSVINIT +LIBARCHIVE)
[    4.536400] systemd[1]: Detected architecture x86-64.
[    4.541481] systemd[1]: Hostname set to <sonic>.
[    4.804421] systemd[1]: bpf-restrict-fs: LSM BPF program attached
[    4.853930] systemd-sysv-generator[770]: SysV service '/etc/init.d/sxdkernel' lacks a native systemd unit file, automatically generating a unit file for compatibility.
[    4.853943] systemd-sysv-generator[770]: Please update package to include a native systemd unit file.
[    4.853948] systemd-sysv-generator[770]: ⚠️ This compatibility logic is deprecated, expect removal soon. ⚠️
[    4.972534] systemd[1]: /usr/lib/systemd/system/ztp.service:9: Standard output type syslog is obsolete, automatically updating to journal. Please update your unit file, and consider removing the setting altogether.
[    4.972549] systemd[1]: /usr/lib/systemd/system/ztp.service:10: Standard output type syslog+console is obsolete, automatically updating to journal+console. Please update your unit file, and consider removing the setting altogether.
[    5.152217] systemd[1]: Queued start job for default target graphical.target.
[    5.199983] systemd[1]: Created slice system-database.slice - Slice /system/database.
[    5.201002] systemd[1]: Created slice system-getty.slice - Slice /system/getty.
[    5.201930] systemd[1]: Created slice system-modprobe.slice - Slice /system/modprobe.
[    5.202973] systemd[1]: Created slice system-serial\x2dgetty.slice - Slice /system/serial-getty.
[    5.203909] systemd[1]: Created slice system-systemd\x2dnetworkd\x2dwait\x2donline.slice - Slice /system/systemd-networkd-wait-online.
[    5.204628] systemd[1]: Created slice user.slice - User and Session Slice.
[    5.204741] systemd[1]: Started systemd-ask-password-console.path - Dispatch Password Requests to Console Directory Watch.
[    5.204828] systemd[1]: Started systemd-ask-password-wall.path - Forward Password Requests to Wall Directory Watch.
[    5.205172] systemd[1]: Set up automount proc-sys-fs-binfmt_misc.automount - Arbitrary Executable File Formats File System Automount Point.
[    5.205209] systemd[1]: Expecting device dev-ttyS0.device - /dev/ttyS0...
[    5.205272] systemd[1]: Reached target paths.target - Path Units.
[    5.205298] systemd[1]: Reached target remote-fs.target - Remote File Systems.
[    5.205319] systemd[1]: Reached target slices.target - Slice Units.
[    5.205356] systemd[1]: Reached target swap.target - Swaps.
[    5.207183] systemd[1]: Listening on systemd-creds.socket - Credential Encryption/Decryption.
[    5.207306] systemd[1]: Listening on systemd-initctl.socket - initctl Compatibility Named Pipe.
[    5.207459] systemd[1]: Listening on systemd-journald-dev-log.socket - Journal Socket (/dev/log).
[    5.207625] systemd[1]: Listening on systemd-journald.socket - Journal Sockets.
[    5.207840] systemd[1]: Listening on systemd-networkd.socket - Network Service Netlink Socket.
[    5.207907] systemd[1]: systemd-pcrextend.socket - TPM PCR Measurements was skipped because of an unmet condition check (ConditionSecurity=measured-uki).
[    5.207938] systemd[1]: systemd-pcrlock.socket - Make TPM PCR Policy was skipped because of an unmet condition check (ConditionSecurity=measured-uki).
[    5.208070] systemd[1]: Listening on systemd-udevd-control.socket - udev Control Socket.
[    5.208160] systemd[1]: Listening on systemd-udevd-kernel.socket - udev Kernel Socket.
[    5.212785] systemd[1]: Mounting dev-hugepages.mount - Huge Pages File System...
[    5.214214] systemd[1]: Mounting dev-mqueue.mount - POSIX Message Queue File System...
[    5.215906] systemd[1]: Mounting run-lock.mount - Legacy Locks Directory /run/lock...
[    5.217302] systemd[1]: Mounting sys-kernel-debug.mount - Kernel Debug File System...
[    5.218703] systemd[1]: Mounting sys-kernel-tracing.mount - Kernel Trace File System...
[    5.220256] systemd[1]: Mounting tmp.mount - Temporary Directory /tmp...
[    5.222498] systemd[1]: Starting kmod-static-nodes.service - Create List of Static Device Nodes...
[    5.224095] systemd[1]: Starting modprobe@configfs.service - Load Kernel Module configfs...
[    5.225592] systemd[1]: Starting modprobe@drm.service - Load Kernel Module drm...
[    5.227106] systemd[1]: Starting modprobe@efi_pstore.service - Load Kernel Module efi_pstore...
[    5.228549] systemd[1]: Starting modprobe@fuse.service - Load Kernel Module fuse...
[    5.230007] systemd[1]: Starting modprobe@nvme_fabrics.service - Load Kernel Module nvme_fabrics...
[    5.234767] systemd[1]: Starting networking.service - Network initialization...
[    5.235078] systemd[1]: systemd-hibernate-clear.service - Clear Stale Hibernate Storage Info was skipped because of an unmet condition check (ConditionPathExists=/sys/firmware/efi/efivars/HibernateLocation-8cf2644b-4b0b-428f-9387-6d876050dc67).
[    5.235206] systemd[1]: systemd-pcrmachine.service - TPM PCR Machine ID Measurement was skipped because of an unmet condition check (ConditionSecurity=measured-uki).
[    5.236958] systemd[1]: Starting systemd-remount-fs.service - Remount Root and Kernel File Systems...
[    5.237017] systemd[1]: systemd-tpm2-setup-early.service - Early TPM SRK Setup was skipped because of an unmet condition check (ConditionSecurity=measured-uki).
[    5.238560] systemd[1]: Starting systemd-udev-load-credentials.service - Load udev Rules from Credentials...
[    5.240112] systemd[1]: Starting systemd-udev-trigger.service - Coldplug All udev Devices...
[    5.243469] systemd[1]: Mounted dev-hugepages.mount - Huge Pages File System.
[    5.243640] systemd[1]: Mounted dev-mqueue.mount - POSIX Message Queue File System.
[    5.243798] systemd[1]: Mounted run-lock.mount - Legacy Locks Directory /run/lock.
[    5.243956] systemd[1]: Mounted sys-kernel-debug.mount - Kernel Debug File System.
[    5.244112] systemd[1]: Mounted sys-kernel-tracing.mount - Kernel Trace File System.
[    5.244308] systemd[1]: Mounted tmp.mount - Temporary Directory /tmp.
[    5.244823] systemd[1]: Finished kmod-static-nodes.service - Create List of Static Device Nodes.
[    5.245354] systemd[1]: modprobe@drm.service: Deactivated successfully.
[    5.245683] systemd[1]: Finished modprobe@drm.service - Load Kernel Module drm.
[    5.245928] pstore: Using crash dump compression: deflate
[    5.246164] systemd[1]: modprobe@fuse.service: Deactivated successfully.
[    5.246480] systemd[1]: Finished modprobe@fuse.service - Load Kernel Module fuse.
[    5.247008] systemd[1]: modprobe@configfs.service: Deactivated successfully.
[    5.247321] systemd[1]: Finished modprobe@configfs.service - Load Kernel Module configfs.
[    5.249031] Key type psk registered
[    5.249541] systemd[1]: Mounting sys-fs-fuse-connections.mount - FUSE Control File System...
[    5.250090] pstore: Registered efi_pstore as persistent store backend
[    5.251054] systemd[1]: Mounting sys-kernel-config.mount - Kernel Configuration File System...
[    5.252734] systemd[1]: Starting systemd-tmpfiles-setup-dev-early.service - Create Static Device Nodes in /dev gracefully...
[    5.254323] systemd[1]: modprobe@efi_pstore.service: Deactivated successfully.
[    5.254657] systemd[1]: Finished modprobe@efi_pstore.service - Load Kernel Module efi_pstore.
[    5.261753] systemd[1]: modprobe@nvme_fabrics.service: Deactivated successfully.
[    5.262110] systemd[1]: Finished modprobe@nvme_fabrics.service - Load Kernel Module nvme_fabrics.
[    5.263431] systemd[1]: Finished systemd-udev-load-credentials.service - Load udev Rules from Credentials.
[    5.264597] systemd[1]: Mounted sys-fs-fuse-connections.mount - FUSE Control File System.
[    5.264844] systemd[1]: Mounted sys-kernel-config.mount - Kernel Configuration File System.
[    5.268381] systemd[1]: Finished systemd-remount-fs.service - Remount Root and Kernel File Systems.
[    5.269179] systemd[1]: systemd-hwdb-update.service - Rebuild Hardware Database was skipped because of an unmet condition check (ConditionNeedsUpdate=/etc).
[    5.269252] systemd[1]: systemd-pstore.service - Platform Persistent Storage Archival was skipped because of an unmet condition check (ConditionDirectoryNotEmpty=/sys/fs/pstore).
[    5.271095] systemd[1]: Starting systemd-random-seed.service - Load/Save OS Random Seed...
[    5.271120] systemd[1]: systemd-tpm2-setup.service - TPM SRK Setup was skipped because of an unmet condition check (ConditionSecurity=measured-uki).
[    5.288091] evm: overlay not supported
[    5.289874] systemd[1]: Finished systemd-random-seed.service - Load/Save OS Random Seed.
[    5.314514] systemd[1]: Finished systemd-tmpfiles-setup-dev-early.service - Create Static Device Nodes in /dev gracefully.
[    5.314757] systemd[1]: systemd-sysusers.service - Create System Users was skipped because no trigger condition checks were met.
[    5.316670] systemd[1]: Starting systemd-tmpfiles-setup-dev.service - Create Static Device Nodes in /dev...
[    5.340846] systemd[1]: Finished systemd-tmpfiles-setup-dev.service - Create Static Device Nodes in /dev.
[    5.343372] systemd[1]: Starting systemd-udevd.service - Rule-based Manager for Device Events and Files...
[    5.485294] systemd[1]: Started systemd-udevd.service - Rule-based Manager for Device Events and Files.
[    5.485462] systemd[1]: nvmefc-boot-connections.service - Auto-connect to subsystems on FC-NVME devices found during boot was skipped because of an unmet condition check (ConditionPathExists=/sys/class/fc/fc_udev_device/nvme_discovery).
[    5.485511] systemd[1]: Reached target local-fs-pre.target - Preparation for Local File Systems.
[    5.485539] systemd[1]: Reached target local-fs.target - Local File Systems.
[    5.485704] systemd[1]: Listening on syslog.socket - Syslog Socket.
[    5.489804] systemd[1]: Listening on systemd-sysext.socket - System Extension Image Management.
[    5.491907] systemd[1]: Starting apparmor.service - Load AppArmor profiles...
[    5.493502] systemd[1]: Starting hw-management-blacklist-generator.service - Dynamic Module Blacklist Generator...
[    5.495807] systemd[1]: Starting systemd-binfmt.service - Set Up Additional Binary Formats...
[    5.498752] systemd[1]: Starting systemd-journald.service - Journal Service...
[    5.560022] systemd[1]: proc-sys-fs-binfmt_misc.automount: Got automount request for /proc/sys/fs/binfmt_misc, triggered by 818 (systemd-binfmt)
[    5.565403] systemd[1]: Reached target tpm2.target - Trusted Platform Module.
[    5.568483] systemd[1]: Finished systemd-udev-trigger.service - Coldplug All udev Devices.
[    5.569089] systemd[1]: Finished hw-management-blacklist-generator.service - Dynamic Module Blacklist Generator.
[    5.570977] systemd[1]: Found device dev-ttyS0.device - /dev/ttyS0.
[    5.572259] mlx5_core 0000:01:00.0 dpu2: renamed from eth2
[    5.574630] mlx5_core 0000:02:00.0 dpu3: renamed from eth3
[    5.575833] systemd[1]: Starting systemd-modules-load.service - Load Kernel Modules...
[    5.576338] systemd-journald[819]: Collecting audit messages is disabled.
[    5.577277] mlx5_core 0000:08:00.0 dpu0: renamed from eth5
[    5.578113] mlx5_core 0000:07:00.0 dpu1: renamed from eth4
[    5.592860] input: Power Button as /devices/LNXSYSTM:00/LNXSYBUS:00/PNP0C0C:00/input/input0
[    5.592928] ACPI: button: Power Button [PWRB]
[    5.593040] input: Power Button as /devices/LNXSYSTM:00/LNXPWRBN:00/input/input1
[    5.608464] ACPI: button: Power Button [PWRF]
[    5.620803] audit: type=1400 audit(1775403409.796:2): apparmor="STATUS" operation="profile_load" profile="unconfined" name="goldendict" pid=913 comm="apparmor_parser"
[    5.620814] audit: type=1400 audit(1775403409.796:3): apparmor="STATUS" operation="profile_load" profile="unconfined" name="libcamerify" pid=918 comm="apparmor_parser"
[    5.620821] audit: type=1400 audit(1775403409.796:4): apparmor="STATUS" operation="profile_load" profile="unconfined" name="foliate" pid=910 comm="apparmor_parser"
[    5.620827] audit: type=1400 audit(1775403409.796:5): apparmor="STATUS" operation="profile_load" profile="unconfined" name="balena-etcher" pid=893 comm="apparmor_parser"
[    5.620833] audit: type=1400 audit(1775403409.796:6): apparmor="STATUS" operation="profile_load" profile="unconfined" name="ch-run" pid=899 comm="apparmor_parser"
[    5.620839] audit: type=1400 audit(1775403409.796:7): apparmor="STATUS" operation="profile_load" profile="unconfined" name="flatpak" pid=909 comm="apparmor_parser"
[    5.620873] audit: type=1400 audit(1775403409.796:8): apparmor="STATUS" operation="profile_load" profile="unconfined" name="brave" pid=894 comm="apparmor_parser"
[    5.620945] audit: type=1400 audit(1775403409.796:9): apparmor="STATUS" operation="profile_load" profile="unconfined" name="Discord" pid=889 comm="apparmor_parser"
[    5.621018] audit: type=1400 audit(1775403409.796:10): apparmor="STATUS" operation="profile_load" profile="unconfined" name="QtWebEngineProcess" pid=891 comm="apparmor_parser"
[    5.621101] audit: type=1400 audit(1775403409.796:11): apparmor="STATUS" operation="profile_load" profile="unconfined" name="geary" pid=911 comm="apparmor_parser"
[    5.650998] i2c_dev: i2c /dev entries driver
[    5.652221] acpi_cpufreq: overriding BIOS provided _PSD data
[    5.668107] sp5100_tco: SP5100/SB800 TCO WatchDog Timer Driver
[    5.669138] ccp 0000:09:00.2: enabling device (0000 -> 0002)
[    5.669850] sp5100-tco sp5100-tco: Using 0xfeb00000 for watchdog MMIO address
[    5.670049] sp5100-tco sp5100-tco: initialized. heartbeat=60 sec (nowayout=0)
[    5.670362] ccp 0000:09:00.2: ccp enabled
[    5.670474] ccp 0000:09:00.2: sev enabled
[    5.670480] ccp 0000:09:00.2: psp enabled
[    5.670960] ccp 0000:0a:00.1: enabling device (0000 -> 0002)
[    5.708625] systemd[1]: Finished apparmor.service - Load AppArmor profiles.
[    5.709926] ccp 0000:0a:00.1: ccp enabled
[    5.710600] ccp 0000:41:00.2: enabling device (0000 -> 0002)
[    5.719649] ccp 0000:41:00.2: ccp enabled
[    5.719693] ccp 0000:41:00.2: sev enabled
[    5.719698] ccp 0000:41:00.2: psp enabled
[    5.719795] ccp 0000:42:00.1: enabling device (0000 -> 0002)
[    5.720724] ccp 0000:42:00.1: ccp enabled
[    5.728624] ccp 0000:09:00.2: firmware: failed to load amd/amd_sev_fam17h_model01h.sbin (-2)
[    5.728672] ccp 0000:09:00.2: firmware: failed to load amd/amd_sev_fam17h_model01h.sbin (-2)
[    5.728713] ccp 0000:09:00.2: firmware: failed to load amd/amd_sev_fam17h_model01h.sbin (-2)
[    5.751105] i2c i2c-1: Added multiplexed i2c bus 2
[    5.751246] i2c i2c-1: Added multiplexed i2c bus 3
[    5.751341] i2c i2c-1: Added multiplexed i2c bus 4
[    5.751470] i2c i2c-1: Added multiplexed i2c bus 5
[    5.751586] i2c i2c-1: Added multiplexed i2c bus 6
[    5.751689] i2c i2c-1: Added multiplexed i2c bus 7
[    5.751783] i2c i2c-1: Added multiplexed i2c bus 8
[    5.751889] i2c i2c-1: Added multiplexed i2c bus 9
[    5.752006] i2c i2c-1: Added multiplexed i2c bus 10
[    5.752127] i2c i2c-1: Added multiplexed i2c bus 11
[    5.752265] i2c i2c-1: Added multiplexed i2c bus 12
[    5.752562] i2c i2c-1: Added multiplexed i2c bus 13
[    5.774964] i2c i2c-1: Added multiplexed i2c bus 14
[    5.775162] i2c i2c-1: Added multiplexed i2c bus 15
[    5.775489] i2c i2c-1: Added multiplexed i2c bus 16
[    5.775734] i2c i2c-1: Added multiplexed i2c bus 17
[    5.776028] i2c i2c-1: Added multiplexed i2c bus 18
[    5.776084] leds mlxreg:status:green: label: status:green, mask: 0xf0, offset:0x20
[    5.776127] leds mlxreg:status:amber: label: status:amber, mask: 0xf0, offset:0x20
[    5.776152] i2c i2c-1: Added multiplexed i2c bus 19
[    5.776167] leds mlxreg:psu:green: label: psu:green, mask: 0x0f, offset:0x20
[    5.776226] leds mlxreg:psu:amber: label: psu:amber, mask: 0x0f, offset:0x20
[    5.776264] i2c i2c-1: Added multiplexed i2c bus 20
[    5.776265] leds mlxreg:fan1:green: label: fan1:green, mask: 0xf0, offset:0x21
[    5.776318] leds mlxreg:fan1:amber: label: fan1:amber, mask: 0xf0, offset:0x21
[    5.776371] leds mlxreg:fan2:green: label: fan2:green, mask: 0x0f, offset:0x21
[    5.776387] i2c i2c-1: Added multiplexed i2c bus 21
[    5.776408] leds mlxreg:fan2:amber: label: fan2:amber, mask: 0x0f, offset:0x21
[    5.776527] leds mlxreg:fan3:green: label: fan3:green, mask: 0xf0, offset:0x22
[    5.776638] leds mlxreg:fan3:amber: label: fan3:amber, mask: 0xf0, offset:0x22
[    5.776670] i2c i2c-1: Added multiplexed i2c bus 22
[    5.776679] leds mlxreg:fan4:green: label: fan4:green, mask: 0x0f, offset:0x22
[    5.776737] leds mlxreg:fan4:amber: label: fan4:amber, mask: 0x0f, offset:0x22
[    5.776802] i2c i2c-1: Added multiplexed i2c bus 23
[    5.776815] leds mlxreg:uid:blue: label: uid:blue, mask: 0xf0, offset:0x24
[    5.776937] i2c i2c-1: Added multiplexed i2c bus 24
[    5.777254] i2c i2c-1: Added multiplexed i2c bus 25
[    5.777411] i2c i2c-1: Added multiplexed i2c bus 26
[    5.777515] i2c i2c-1: Added multiplexed i2c bus 27
[    5.777639] i2c i2c-1: Added multiplexed i2c bus 28
[    5.811272] i2c i2c-1: Added multiplexed i2c bus 29
[    5.813541] i2c i2c-1: Added multiplexed i2c bus 30
[    5.813841] i2c i2c-1: Added multiplexed i2c bus 31
[    5.814059] i2c i2c-1: Added multiplexed i2c bus 32
[    5.814274] i2c i2c-1: Added multiplexed i2c bus 33
[    5.814485] i2c i2c-1: Added multiplexed i2c bus 34
[    5.814605] i2c i2c-1: Added multiplexed i2c bus 35
[    5.814711] i2c i2c-1: Added multiplexed i2c bus 36
[    5.814917] i2c i2c-1: Added multiplexed i2c bus 37
[    5.815028] i2c i2c-1: Added multiplexed i2c bus 38
[    5.815181] i2c i2c-1: Added multiplexed i2c bus 39
[    5.815286] i2c i2c-1: Added multiplexed i2c bus 40
[    5.815440] i2c i2c-1: Added multiplexed i2c bus 41
[    5.830962] RAPL PMU: API unit is 2^-32 Joules, 1 fixed counters, 163840 ms ovfl timer
[    5.830972] RAPL PMU: hw unit of domain package 2^-16 Joules
[    5.845739] usbcore: registered new interface driver usbserial_generic
[    5.845845] usbserial: USB Serial support registered for generic
[    5.847161] cryptd: max_cpu_qlen set to 1000
[    5.870764] usbcore: registered new interface driver cp210x
[    5.870793] usbserial: USB Serial support registered for cp210x
[    5.870842] cp210x 1-2:1.0: cp210x converter detected
[    5.871335] ccp 0000:09:00.2: SEV API:0.17 build:48
[    5.871348] ccp 0000:09:00.2: SEV API:0.17 build:48
[    5.879881] usb 1-2: cp210x converter now attached to ttyUSB0
[    5.879943] cp210x 1-2:1.1: cp210x converter detected
[    5.885693] usb 1-2: cp210x converter now attached to ttyUSB1
[    5.885744] cp210x 1-2:1.2: cp210x converter detected
[    5.891627] usb 1-2: cp210x converter now attached to ttyUSB2
[    5.891673] cp210x 1-2:1.3: cp210x converter detected
[    5.895272] AES CTR mode by8 optimization enabled
[    5.897693] usb 1-2: cp210x converter now attached to ttyUSB3
[    5.946828] systemd[1]: Started systemd-journald.service - Journal Service.
[    6.106175] kvm_amd: TSC scaling supported
[    6.106184] kvm_amd: Nested Virtualization enabled
[    6.106187] kvm_amd: Nested Paging enabled
[    6.106191] kvm_amd: LBR virtualization supported
[    6.106195] kvm_amd: SEV enabled (ASIDs 1 - 15)
[    6.106199] kvm_amd: SEV-ES disabled (ASIDs 0 - 0)
[    6.106254] kvm_amd: Virtual VMLOAD VMSAVE supported
[    6.106257] kvm_amd: Virtual GIF supported
[    6.135782] MCE: In-kernel MCE decoding enabled.
[    6.143261] EDAC MC0: Giving out device to module amd64_edac controller F17h: DEV 0000:00:18.3 (INTERRUPT)
[    6.143271] EDAC amd64: F17h detected (node 0).
[    6.143274] EDAC MC: UMC0 chip selects:
[    6.143277] EDAC amd64: MC: 0: 16384MB 1: 16384MB
[    6.143282] EDAC amd64: MC: 2:     0MB 3:     0MB
[    6.143286] EDAC MC: UMC1 chip selects:
[    6.143289] EDAC amd64: MC: 0: 16384MB 1: 16384MB
[    6.143292] EDAC amd64: MC: 2:     0MB 3:     0MB
[    6.143490] EDAC MC1: Giving out device to module amd64_edac controller F17h: DEV 0000:00:19.3 (INTERRUPT)
[    6.143495] EDAC amd64: F17h detected (node 1).
[    6.143497] EDAC MC: UMC0 chip selects:
[    6.143500] EDAC amd64: MC: 0: 16384MB 1: 16384MB
[    6.143504] EDAC amd64: MC: 2:     0MB 3:     0MB
[    6.143507] EDAC MC: UMC1 chip selects:
[    6.143510] EDAC amd64: MC: 0: 16384MB 1: 16384MB
[    6.143513] EDAC amd64: MC: 2:     0MB 3:     0MB
[    6.159146] systemd-journald[819]: Received client request to flush runtime journal.
[    6.162123] intel_rapl_common: Found RAPL domain package
[    6.162131] intel_rapl_common: Found RAPL domain core
[    6.164768] amd_atl: AMD Address Translation Library initialized
[    6.173183] mlx5_core 0000:01:00.0 dpu2: Disabling rxhash, not supported when CQE compress is active
[    6.173250] mlx5_core 0000:02:00.0 dpu3: Disabling rxhash, not supported when CQE compress is active
[    6.173280] mlx5_core 0000:07:00.0 dpu1: Disabling rxhash, not supported when CQE compress is active
[    6.173309] mlx5_core 0000:08:00.0 dpu0: Disabling rxhash, not supported when CQE compress is active
[    6.967742] nvme nvme0: using unchecked data buffer
[    7.140785] bridge: filtering via arp/ip/ip6tables is no longer available by default. Update your scripts to load br_netfilter if you need this.
[    7.160859] bridge-midplane: port 1(dpu2) entered blocking state
[    7.160870] bridge-midplane: port 1(dpu2) entered disabled state
[    7.160901] mlx5_core 0000:01:00.0 dpu2: entered allmulticast mode
[    7.161029] mlx5_core 0000:01:00.0 dpu2: entered promiscuous mode
[    7.166450] bridge-midplane: port 2(dpu1) entered blocking state
[    7.166461] bridge-midplane: port 2(dpu1) entered disabled state
[    7.166496] mlx5_core 0000:07:00.0 dpu1: entered allmulticast mode
[    7.166606] mlx5_core 0000:07:00.0 dpu1: entered promiscuous mode
[    7.172061] bridge-midplane: port 3(dpu0) entered blocking state
[    7.172068] bridge-midplane: port 3(dpu0) entered disabled state
[    7.172105] mlx5_core 0000:08:00.0 dpu0: entered allmulticast mode
[    7.172251] mlx5_core 0000:08:00.0 dpu0: entered promiscuous mode
[    7.177550] bridge-midplane: port 4(dpu3) entered blocking state
[    7.177557] bridge-midplane: port 4(dpu3) entered disabled state
[    7.177581] mlx5_core 0000:02:00.0 dpu3: entered allmulticast mode
[    7.177672] mlx5_core 0000:02:00.0 dpu3: entered promiscuous mode
[    7.186642] bridge-midplane: port 5(dummy-midplane) entered blocking state
[    7.186649] bridge-midplane: port 5(dummy-midplane) entered disabled state
[    7.186684] dummy-midplane: entered allmulticast mode
[    7.186764] dummy-midplane: entered promiscuous mode
[    7.290436] systemd-sysv-generator[2243]: SysV service '/etc/init.d/sxdkernel' lacks a native systemd unit file, automatically generating a unit file for compatibility.
[    7.290448] systemd-sysv-generator[2243]: Please update package to include a native systemd unit file.
[    7.290454] systemd-sysv-generator[2243]: ⚠️ This compatibility logic is deprecated, expect removal soon. ⚠️
[    7.420435] mlx5_core 0000:01:00.0 dpu2: Link up
[    7.423691] mlx5_core 0000:01:00.0: mlx5e_fs_set_rx_mode_work:842:(pid 286): S-tagged traffic will be dropped while C-tag vlan stripping is enabled
[    7.648514] mlx5_core 0000:07:00.0 dpu1: Link up
[    7.669232] SCSI subsystem initialized
[    7.861358] ------------[ cut here ]------------
[    7.861367] WARNING: CPU: 14 PID: 278 at kernel/workqueue.c:2496 __queue_delayed_work+0xbd/0xf0
[    7.861380] Modules linked in: i2c_designware_platform(+) i2c_designware_core mlxreg_dpu drivetemp scsi_mod scsi_common dummy bridge stp llc nft_chain_nat xt_MASQUERADE xt_nat nf_nat xt_owner xt_hl xt_tcpudp xt_conntrack marvell nf_conntrack binfmt_misc nf_defrag_ipv6 nf_defrag_ipv4 nft_compat nf_tables libcrc32c amd_atl intel_rapl_msr intel_rapl_common amd64_edac edac_mce_amd isl68137 mp2869 mp29502 kvm_amd mp2891 mp2855 lm25066 kvm i2c_mux_mlxcpld powr1220 ti_ads1015 irqbypass emc2305 crct10dif_pclmul mp2888 ghash_clmulni_intel sha256_ssse3 mp2975 xdpe12284 sha1_ssse3 at24 aesni_intel bonding ledtrig_timer gf128mul tmp102 cp210x crypto_simd lm75 tls cryptd regmap_i2c usbserial max1363 rapl industrialio_triggered_buffer leds_mlxreg mlx_wdt mlxreg_fan i2c_mux_reg mlxreg_hotplug mlxreg_io kfifo_buf i2c_mlxcpld industrialio mlx_platform evdev tps53679 pmbus pmbus_core sp5100_tco ccp acpi_cpufreq i2c_dev watchdog k10temp i2c_i801 i2c_smbus i2c_mux button nvme_fabrics nvme_keyring efi_pstore configfs nfnetlink efivarfs
[    7.861576]  ip_tables x_tables autofs4 loop ext4 crc16 mbcache jbd2 crc32c_generic zstd nls_utf8 nls_cp437 nls_ascii vfat fat overlay squashfs mlx5_ib ib_uverbs ib_core amd_xgbe xhci_pci mdio_devres mlx5_core xhci_hcd of_mdio nvme fixed_phy fwnode_mdio crc32_pclmul nvme_core usbcore crc32c_intel libphy sha512_ssse3 mlxfw usb_common nvme_auth pci_hyperv_intf
[    7.861658] CPU: 14 UID: 0 PID: 278 Comm: kworker/14:1 Not tainted 6.12.41+deb13-sonic-amd64 #1  Debian 6.12.41-1
[    7.861666] Hardware name: Nvidia SN4280/VMOD0019, BIOS 5.13 09/01/2024
[    7.861670] Workqueue: events mlxreg_hotplug_work_handler [mlxreg_hotplug]
[    7.861680] RIP: 0010:__queue_delayed_work+0xbd/0xf0
[    7.861687] Code: 5d e9 77 1e 0b 00 89 df 5b 5d e9 8e f9 ff ff 31 ff e8 f7 89 05 00 89 c3 eb e0 0f 0b 48 81 7a 38 b0 72 8e 8b 0f 84 63 ff ff ff <0f> 0b 48 8b 42 28 48 85 c0 0f 84 61 ff ff ff 0f 0b 48 8b 7a 08 48
[    7.861692] RSP: 0018:ffffb1b2c66f4f18 EFLAGS: 00010007
[    7.861698] RAX: 0000000000000000 RBX: 0000000000002000 RCX: 0000000000000000
[    7.861702] RDX: ffff91dcc0f68050 RSI: ffff91cd00050c00 RDI: 0000000000002000
