Debian GNU/Linux 13 \n \l

Oct 29 11:45:04 sonic kernel: Booting Linux on physical CPU 0x0000000000 [0x410fd421]
Oct 29 11:45:04 sonic kernel: Linux version 6.12.41+deb13-sonic-arm64 (debian-kernel@lists.debian.org) (aarch64-linux-gnu-gcc-14 (Debian 14.2.0-19) 14.2.0, GNU ld (GNU Binutils for Debian) 2.44) #1 SMP Debian 6.12.41-1 (2025-08-12)
Oct 29 11:45:04 sonic kernel: KASLR enabled
Oct 29 11:45:04 sonic kernel: earlycon: pl11 at MMIO 0x0000000013010000 (options '')
Oct 29 11:45:04 sonic kernel: printk: legacy bootconsole [pl11] enabled
Oct 29 11:45:04 sonic kernel: efi: EFI v2.7 by EDK II
Oct 29 11:45:04 sonic kernel: efi: SMBIOS=0xfffe0000 SMBIOS 3.0=0x107ffa0000 ACPI 2.0=0xffff0018 MEMATTR=0x107e4ec018 ESRT=0x107e498d18 RNG=0xffffe918 MEMRESERVE=0x107acd0998
Oct 29 11:45:04 sonic kernel: random: crng init done
Oct 29 11:45:04 sonic kernel: secureboot: Secure boot disabled
Oct 29 11:45:04 sonic kernel: esrt: Reserving ESRT space from 0x000000107e498d18 to 0x000000107e498d50.
Oct 29 11:45:04 sonic kernel: ACPI: Early table checksum verification disabled
Oct 29 11:45:04 sonic kernel: ACPI: RSDP 0x00000000FFFF0018 000024 (v02 MLNXT.)
Oct 29 11:45:04 sonic kernel: ACPI: XSDT 0x00000000FFFFFE98 0000BC (v01 MLNXT. MLX-BF00 20170213      01000013)
Oct 29 11:45:04 sonic kernel: ACPI: FACP 0x00000000FFFFFD18 000114 (v06 MLNXT. MLX-BF00 20170213 MLNX 00000099)
Oct 29 11:45:04 sonic kernel: ACPI: DSDT 0x00000000FFFFF218 0001F9 (v06 MLNXT. MLX-BF01 20170213 INTL 20170303)
Oct 29 11:45:04 sonic kernel: ACPI: APIC 0x00000000FFFFE998 000568 (v04 MLNXT. MLX-BF00 20170213 MLNX 00000099)
Oct 29 11:45:04 sonic kernel: ACPI: EINJ 0x00000000FFFFFA98 000190 (v01 MLNXT. MLX-BF00 20170213 MLNX 00000099)
Oct 29 11:45:04 sonic kernel: ACPI: GTDT 0x00000000FFFFF018 00007C (v02 MLNXT. MLX-BF38 20170213 MLNX 00000099)
Oct 29 11:45:04 sonic kernel: ACPI: HEST 0x00000000FFFFF798 000198 (v01 MLNXT. MLX-BF42 20170213 MLNX 00000099)
Oct 29 11:45:04 sonic kernel: ACPI: IORT 0x00000000FFFFF118 0000CC (v00 MLNXT. MLX-BF37 20170213 MLNX 00000099)
Oct 29 11:45:04 sonic kernel: ACPI: MCFG 0x00000000FFFFFA18 00003C (v01 MLNXT. MLX-BF00 20170213 MLNX 00000099)
Oct 29 11:45:04 sonic kernel: ACPI: PPTT 0x00000000FFFF7518 0006D4 (v02 MLNXT. MLX-BF39 20170213 MLNX 00000099)
Oct 29 11:45:04 sonic kernel: ACPI: TMFF 0x00000000FFFFFF98 000040 (v02 MLNXT. MLX-BF30 20170213 MLNX 00000099)
Oct 29 11:45:04 sonic kernel: ACPI: SDEI 0x00000000FFFFF498 00008E (v01 MLNXT. MLX-BF3B 20170213 INTL 20170303)
Oct 29 11:45:04 sonic kernel: ACPI: SSDT 0x00000000FFFFC798 001771 (v06 MLNXT. MLX-BF31 20170213 INTL 20170303)
Oct 29 11:45:04 sonic kernel: ACPI: SSDT 0x00000000FFFFF618 00014A (v06 MLNXT. MLX-BF29 20170213 INTL 20170303)
Oct 29 11:45:04 sonic kernel: ACPI: SSDT 0x00000000FFFFE318 000077 (v06 MLNXT. MLX-BF46 20170213 INTL 20170303)
Oct 29 11:45:04 sonic kernel: ACPI: SSDT 0x00000000FFFF7F98 000972 (v01 MLNXT. MLX-BF34 20170213 INTL 20170303)
Oct 29 11:45:04 sonic kernel: ACPI: SSDT 0x00000000FFFFB698 000974 (v01 MLNXT. MLX-BF35 20170213 INTL 20170303)
Oct 29 11:45:04 sonic kernel: ACPI: SSDT 0x00000000FFFF8A18 000974 (v01 MLNXT. MLX-BF36 20170213 INTL 20170303)
Oct 29 11:45:04 sonic kernel: ACPI: SSDT 0x00000000FFFFE818 00007D (v06 MLNXT. MLX-BF49 20170213 INTL 20170303)
Oct 29 11:45:04 sonic kernel: ACPI: SSDT 0x00000000FFFFE418 000107 (v06 MLNXT. MLX-BF43 20170213 INTL 20170303)
Oct 29 11:45:04 sonic kernel: ACPI: SSDT 0x00000000FFFFE598 00022D (v01 MLNXT. MLX-BF32 20170213 INTL 20170303)
Oct 29 11:45:04 sonic kernel: ACPI: Use ACPI SPCR as default console: Yes
Oct 29 11:45:04 sonic kernel: NUMA: Faking a node at [mem 0x0000000082000000-0x000000107fffffff]
Oct 29 11:45:04 sonic kernel: NODE_DATA(0) allocated [mem 0x10777ab8c0-0x10777aefff]
Oct 29 11:45:04 sonic kernel: Zone ranges:
Oct 29 11:45:04 sonic kernel:   DMA      [mem 0x0000000082000000-0x00000000ffffffff]
Oct 29 11:45:04 sonic kernel:   DMA32    empty
Oct 29 11:45:04 sonic kernel:   Normal   [mem 0x0000000100000000-0x000000107fffffff]
Oct 29 11:45:04 sonic kernel:   Device   empty
Oct 29 11:45:04 sonic kernel: Movable zone start for each node
Oct 29 11:45:04 sonic kernel: Early memory node ranges
Oct 29 11:45:04 sonic kernel:   node   0: [mem 0x0000000082000000-0x0000000087ffffff]
Oct 29 11:45:04 sonic kernel:   node   0: [mem 0x0000000088000000-0x0000000088001fff]
Oct 29 11:45:04 sonic kernel:   node   0: [mem 0x0000000088002000-0x00000000fffcffff]
Oct 29 11:45:04 sonic kernel:   node   0: [mem 0x00000000fffd0000-0x00000000fffeffff]
Oct 29 11:45:04 sonic kernel:   node   0: [mem 0x00000000ffff0000-0x000000107a1cffff]
Oct 29 11:45:04 sonic kernel:   node   0: [mem 0x000000107a1d0000-0x000000107a21ffff]
Oct 29 11:45:04 sonic kernel:   node   0: [mem 0x000000107a220000-0x000000107a22afff]
Oct 29 11:45:04 sonic kernel:   node   0: [mem 0x000000107a22b000-0x000000107a296fff]
Oct 29 11:45:04 sonic kernel:   node   0: [mem 0x000000107a297000-0x000000107a57ffff]
Oct 29 11:45:04 sonic kernel:   node   0: [mem 0x000000107a580000-0x000000107a58ffff]
Oct 29 11:45:04 sonic kernel:   node   0: [mem 0x000000107a590000-0x000000107a5cffff]
Oct 29 11:45:04 sonic kernel:   node   0: [mem 0x000000107a5d0000-0x000000107a70ffff]
Oct 29 11:45:04 sonic kernel:   node   0: [mem 0x000000107a710000-0x000000107a72ffff]
Oct 29 11:45:04 sonic kernel:   node   0: [mem 0x000000107a730000-0x000000107a7cffff]
Oct 29 11:45:04 sonic kernel:   node   0: [mem 0x000000107a7d0000-0x000000107a83ffff]
Oct 29 11:45:04 sonic kernel:   node   0: [mem 0x000000107a840000-0x000000107accffff]
Oct 29 11:45:04 sonic kernel:   node   0: [mem 0x000000107acd0000-0x000000107acdffff]
Oct 29 11:45:04 sonic kernel:   node   0: [mem 0x000000107ace0000-0x000000107ad7ffff]
Oct 29 11:45:04 sonic kernel:   node   0: [mem 0x000000107ad80000-0x000000107ff9ffff]
Oct 29 11:45:04 sonic kernel:   node   0: [mem 0x000000107ffa0000-0x000000107ffeffff]
Oct 29 11:45:04 sonic kernel:   node   0: [mem 0x000000107fff0000-0x000000107fffffff]
Oct 29 11:45:04 sonic kernel: Initmem setup node 0 [mem 0x0000000082000000-0x000000107fffffff]
Oct 29 11:45:04 sonic kernel: On node 0, zone DMA: 8192 pages in unavailable ranges
Oct 29 11:45:04 sonic kernel: cma: Reserved 64 MiB at 0x00000000fbe00000 on node -1
Oct 29 11:45:04 sonic kernel: psci: probing for conduit method from ACPI.
Oct 29 11:45:04 sonic kernel: psci: PSCIv1.1 detected in firmware.
Oct 29 11:45:04 sonic kernel: psci: Using standard PSCI v0.2 function IDs
Oct 29 11:45:04 sonic kernel: psci: Trusted OS migration not required
Oct 29 11:45:04 sonic kernel: psci: SMC Calling Convention v1.1
Oct 29 11:45:04 sonic kernel: percpu: Embedded 34 pages/cpu s101400 r8192 d29672 u139264
Oct 29 11:45:04 sonic kernel: pcpu-alloc: s101400 r8192 d29672 u139264 alloc=34*4096
Oct 29 11:45:04 sonic kernel: pcpu-alloc: [0] 00 [0] 01 [0] 02 [0] 03 [0] 04 [0] 05 [0] 06 [0] 07
Oct 29 11:45:04 sonic kernel: pcpu-alloc: [0] 08 [0] 09 [0] 10 [0] 11 [0] 12 [0] 13 [0] 14 [0] 15
Oct 29 11:45:04 sonic kernel: Detected PIPT I-cache on CPU0
Oct 29 11:45:04 sonic kernel: CPU features: detected: Address authentication (architected QARMA5 algorithm)
Oct 29 11:45:04 sonic kernel: CPU features: detected: GIC system register CPU interface
Oct 29 11:45:04 sonic kernel: CPU features: detected: Virtualization Host Extensions
Oct 29 11:45:04 sonic kernel: CPU features: detected: Spectre-v4
Oct 29 11:45:04 sonic kernel: CPU features: detected: Spectre-BHB
Oct 29 11:45:04 sonic kernel: CPU features: kernel page table isolation forced ON by KASLR
Oct 29 11:45:04 sonic kernel: CPU features: detected: Kernel page table isolation (KPTI)
Oct 29 11:45:04 sonic kernel: alternatives: applying boot alternatives
Oct 29 11:45:04 sonic kernel: Kernel command line: BOOT_IMAGE=/image-20251110.16/boot/vmlinuz-6.12.41+deb13-sonic-arm64 root=UUID=379ce65b-0980-4f21-b658-d1bcbf2edb44 rw console=ttyAMA1 console=hvc0 console=ttyAMA0 earlycon=pl011,0x13010000 quiet sonic_fips=1 net.ifnames=0 biosdevname=0 loop=image-20251110.16/fs.squashfs loopfstype=squashfs apparmor=1 security=apparmor varlog_size=4096 usbcore.autosuspend=-1 isolcpus=1-10 nohz_full=1-10 rcu_nocbs=1-10
Oct 29 11:45:04 sonic kernel: Unknown kernel command line parameters "BOOT_IMAGE=/image-20251110.16/boot/vmlinuz-6.12.41+deb13-sonic-arm64 sonic_fips=1 biosdevname=0 loop=image-20251110.16/fs.squashfs loopfstype=squashfs varlog_size=4096", will be passed to user space.
Oct 29 11:45:04 sonic kernel: Dentry cache hash table entries: 8388608 (order: 14, 67108864 bytes, linear)
Oct 29 11:45:04 sonic kernel: Inode-cache hash table entries: 4194304 (order: 13, 33554432 bytes, linear)
Oct 29 11:45:04 sonic kernel: Fallback order for Node 0: 0
Oct 29 11:45:04 sonic kernel: Built 1 zonelists, mobility grouping on.  Total pages: 16769024
Oct 29 11:45:04 sonic kernel: Policy zone: Normal
Oct 29 11:45:04 sonic kernel: mem auto-init: stack:all(zero), heap alloc:on, heap free:off
Oct 29 11:45:04 sonic kernel: software IO TLB: area num 16.
Oct 29 11:45:04 sonic kernel: software IO TLB: mapped [mem 0x00000000f7e00000-0x00000000fbe00000] (64MB)
Oct 29 11:45:04 sonic kernel: SLUB: HWalign=64, Order=0-3, MinObjects=0, CPUs=16, Nodes=1
Oct 29 11:45:04 sonic kernel: ftrace: allocating 50739 entries in 199 pages
Oct 29 11:45:04 sonic kernel: ftrace: allocated 199 pages with 5 groups
Oct 29 11:45:04 sonic kernel: rcu: Hierarchical RCU implementation.
Oct 29 11:45:04 sonic kernel: rcu:         RCU restricting CPUs from NR_CPUS=512 to nr_cpu_ids=16.
Oct 29 11:45:04 sonic kernel:         Rude variant of Tasks RCU enabled.
Oct 29 11:45:04 sonic kernel:         Tracing variant of Tasks RCU enabled.
Oct 29 11:45:04 sonic kernel: rcu: RCU calculated value of scheduler-enlistment delay is 25 jiffies.
Oct 29 11:45:04 sonic kernel: rcu: Adjusting geometry for rcu_fanout_leaf=16, nr_cpu_ids=16
Oct 29 11:45:04 sonic kernel: RCU Tasks Rude: Setting shift to 4 and lim to 1 rcu_task_cb_adjust=1 rcu_task_cpu_ids=16.
Oct 29 11:45:04 sonic kernel: RCU Tasks Trace: Setting shift to 4 and lim to 1 rcu_task_cb_adjust=1 rcu_task_cpu_ids=16.
Oct 29 11:45:04 sonic kernel: NR_IRQS: 64, nr_irqs: 64, preallocated irqs: 0
Oct 29 11:45:04 sonic kernel: GICv3: GIC: Using split EOI/Deactivate mode
Oct 29 11:45:04 sonic kernel: GICv3: 960 SPIs implemented
Oct 29 11:45:04 sonic kernel: GICv3: 0 Extended SPIs implemented
Oct 29 11:45:04 sonic kernel: Root IRQ handler: gic_handle_irq
Oct 29 11:45:04 sonic kernel: GICv3: GICv3 features: 16 PPIs
Oct 29 11:45:04 sonic kernel: GICv3: GICD_CTRL.DS=0, SCR_EL3.FIQ=1
Oct 29 11:45:04 sonic kernel: GICv3: CPU0: found redistributor 0 region 0:0x0000000012860000
Oct 29 11:45:04 sonic kernel: ITS [mem 0x12840000-0x1285ffff]
Oct 29 11:45:04 sonic kernel: ITS@0x0000000012840000: allocated 8192 Devices @100240000 (indirect, esz 8, psz 64K, shr 1)
Oct 29 11:45:04 sonic kernel: ITS@0x0000000012840000: allocated 32768 Interrupt Collections @100250000 (flat, esz 2, psz 64K, shr 1)
Oct 29 11:45:04 sonic kernel: GICv3: using LPI property table @0x0000000100260000
Oct 29 11:45:04 sonic kernel: GICv3: CPU0: using allocated LPI pending table @0x0000000100270000
Oct 29 11:45:04 sonic kernel: NO_HZ: Full dynticks CPUs: 1-10.
Oct 29 11:45:04 sonic kernel: rcu:         Offload RCU callbacks from CPUs: 1-10.
Oct 29 11:45:04 sonic kernel: rcu: srcu_init: Setting srcu_struct sizes based on contention.
Oct 29 11:45:04 sonic kernel: arch_timer: cp15 timer(s) running at 330.27MHz (phys).
Oct 29 11:45:04 sonic kernel: clocksource: arch_sys_counter: mask: 0x7ffffffffffffff max_cycles: 0x4c2c000f6e, max_idle_ns: 440795214072 ns
Oct 29 11:45:04 sonic kernel: sched_clock: 59 bits at 330MHz, resolution 3ns, wraps every 4398046511103ns
Oct 29 11:45:04 sonic kernel: Console: colour dummy device 80x25
Oct 29 11:45:04 sonic kernel: ACPI: Core revision 20240827
Oct 29 11:45:04 sonic kernel: Calibrating delay loop (skipped), value calculated using timer frequency.. 660.55 BogoMIPS (lpj=1321105)
Oct 29 11:45:04 sonic kernel: pid_max: default: 32768 minimum: 301
Oct 29 11:45:04 sonic kernel: LSM: initializing lsm=lockdown,capability,landlock,yama,apparmor,bpf,ipe,ima,evm
Oct 29 11:45:04 sonic kernel: landlock: Up and running.
Oct 29 11:45:04 sonic kernel: Yama: disabled by default; enable with sysctl kernel.yama.*
Oct 29 11:45:04 sonic kernel: AppArmor: AppArmor initialized
Oct 29 11:45:04 sonic kernel: LSM support for eBPF active
Oct 29 11:45:04 sonic kernel: Mount-cache hash table entries: 131072 (order: 8, 1048576 bytes, linear)
Oct 29 11:45:04 sonic kernel: Mountpoint-cache hash table entries: 131072 (order: 8, 1048576 bytes, linear)
Oct 29 11:45:04 sonic kernel: rcu: Hierarchical SRCU implementation.
Oct 29 11:45:04 sonic kernel: rcu:         Max phase no-delay instances is 1000.
Oct 29 11:45:04 sonic kernel: Timer migration: 2 hierarchy levels; 8 children per group; 2 crossnode level
Oct 29 11:45:04 sonic kernel: fsl-mc MSI: ITS@0x12840000 domain created
Oct 29 11:45:04 sonic kernel: Remapping and enabling EFI services.
Oct 29 11:45:04 sonic kernel: watchdog: Disabling watchdog on nohz_full cores by default
Oct 29 11:45:04 sonic kernel: smp: Bringing up secondary CPUs ...
Oct 29 11:45:04 sonic kernel: Detected PIPT I-cache on CPU1
Oct 29 11:45:04 sonic kernel: GICv3: CPU1: found redistributor 100 region 0:0x0000000012880000
Oct 29 11:45:04 sonic kernel: GICv3: CPU1: using allocated LPI pending table @0x0000000100280000
Oct 29 11:45:04 sonic kernel: CPU1: Booted secondary processor 0x0000000100 [0x410fd421]
Oct 29 11:45:04 sonic kernel: Detected PIPT I-cache on CPU2
Oct 29 11:45:04 sonic kernel: GICv3: CPU2: found redistributor 10000 region 0:0x00000000128a0000
Oct 29 11:45:04 sonic kernel: GICv3: CPU2: using allocated LPI pending table @0x0000000100290000
Oct 29 11:45:04 sonic kernel: CPU2: Booted secondary processor 0x0000010000 [0x410fd421]
Oct 29 11:45:04 sonic kernel: Detected PIPT I-cache on CPU3
Oct 29 11:45:04 sonic kernel: GICv3: CPU3: found redistributor 10100 region 0:0x00000000128c0000
Oct 29 11:45:04 sonic kernel: GICv3: CPU3: using allocated LPI pending table @0x00000001002a0000
Oct 29 11:45:04 sonic kernel: CPU3: Booted secondary processor 0x0000010100 [0x410fd421]
Oct 29 11:45:04 sonic kernel: Detected PIPT I-cache on CPU4
Oct 29 11:45:04 sonic kernel: GICv3: CPU4: found redistributor 20000 region 0:0x00000000128e0000
Oct 29 11:45:04 sonic kernel: GICv3: CPU4: using allocated LPI pending table @0x00000001002b0000
Oct 29 11:45:04 sonic kernel: CPU4: Booted secondary processor 0x0000020000 [0x410fd421]
Oct 29 11:45:04 sonic kernel: Detected PIPT I-cache on CPU5
Oct 29 11:45:04 sonic kernel: GICv3: CPU5: found redistributor 20100 region 0:0x0000000012900000
Oct 29 11:45:04 sonic kernel: GICv3: CPU5: using allocated LPI pending table @0x00000001002c0000
Oct 29 11:45:04 sonic kernel: CPU5: Booted secondary processor 0x0000020100 [0x410fd421]
Oct 29 11:45:04 sonic kernel: Detected PIPT I-cache on CPU6
Oct 29 11:45:04 sonic kernel: GICv3: CPU6: found redistributor 30000 region 0:0x0000000012920000
Oct 29 11:45:04 sonic kernel: GICv3: CPU6: using allocated LPI pending table @0x00000001002d0000
Oct 29 11:45:04 sonic kernel: CPU6: Booted secondary processor 0x0000030000 [0x410fd421]
Oct 29 11:45:04 sonic kernel: Detected PIPT I-cache on CPU7
Oct 29 11:45:04 sonic kernel: GICv3: CPU7: found redistributor 30100 region 0:0x0000000012940000
Oct 29 11:45:04 sonic kernel: GICv3: CPU7: using allocated LPI pending table @0x00000001002e0000
Oct 29 11:45:04 sonic kernel: CPU7: Booted secondary processor 0x0000030100 [0x410fd421]
Oct 29 11:45:04 sonic kernel: Detected PIPT I-cache on CPU8
Oct 29 11:45:04 sonic kernel: GICv3: CPU8: found redistributor 40000 region 0:0x0000000012960000
Oct 29 11:45:04 sonic kernel: GICv3: CPU8: using allocated LPI pending table @0x00000001002f0000
Oct 29 11:45:04 sonic kernel: CPU8: Booted secondary processor 0x0000040000 [0x410fd421]
Oct 29 11:45:04 sonic kernel: Detected PIPT I-cache on CPU9
Oct 29 11:45:04 sonic kernel: GICv3: CPU9: found redistributor 40100 region 0:0x0000000012980000
Oct 29 11:45:04 sonic kernel: GICv3: CPU9: using allocated LPI pending table @0x0000000100300000
Oct 29 11:45:04 sonic kernel: CPU9: Booted secondary processor 0x0000040100 [0x410fd421]
Oct 29 11:45:04 sonic kernel: Detected PIPT I-cache on CPU10
Oct 29 11:45:04 sonic kernel: GICv3: CPU10: found redistributor 50000 region 0:0x00000000129a0000
Oct 29 11:45:04 sonic kernel: GICv3: CPU10: using allocated LPI pending table @0x0000000100310000
Oct 29 11:45:04 sonic kernel: CPU10: Booted secondary processor 0x0000050000 [0x410fd421]
Oct 29 11:45:04 sonic kernel: Detected PIPT I-cache on CPU11
Oct 29 11:45:04 sonic kernel: GICv3: CPU11: found redistributor 50100 region 0:0x00000000129c0000
Oct 29 11:45:04 sonic kernel: GICv3: CPU11: using allocated LPI pending table @0x0000000100320000
Oct 29 11:45:04 sonic kernel: CPU11: Booted secondary processor 0x0000050100 [0x410fd421]
Oct 29 11:45:04 sonic kernel: Detected PIPT I-cache on CPU12
Oct 29 11:45:04 sonic kernel: GICv3: CPU12: found redistributor 60000 region 0:0x00000000129e0000
Oct 29 11:45:04 sonic kernel: GICv3: CPU12: using allocated LPI pending table @0x0000000100330000
Oct 29 11:45:04 sonic kernel: CPU12: Booted secondary processor 0x0000060000 [0x410fd421]
Oct 29 11:45:04 sonic kernel: Detected PIPT I-cache on CPU13
Oct 29 11:45:04 sonic kernel: GICv3: CPU13: found redistributor 60100 region 0:0x0000000012a00000
Oct 29 11:45:04 sonic kernel: GICv3: CPU13: using allocated LPI pending table @0x0000000100340000
Oct 29 11:45:04 sonic kernel: CPU13: Booted secondary processor 0x0000060100 [0x410fd421]
Oct 29 11:45:04 sonic kernel: Detected PIPT I-cache on CPU14
Oct 29 11:45:04 sonic kernel: GICv3: CPU14: found redistributor 70000 region 0:0x0000000012a20000
Oct 29 11:45:04 sonic kernel: GICv3: CPU14: using allocated LPI pending table @0x0000000100350000
Oct 29 11:45:04 sonic kernel: CPU14: Booted secondary processor 0x0000070000 [0x410fd421]
Oct 29 11:45:04 sonic kernel: Detected PIPT I-cache on CPU15
Oct 29 11:45:04 sonic kernel: GICv3: CPU15: found redistributor 70100 region 0:0x0000000012a40000
Oct 29 11:45:04 sonic kernel: GICv3: CPU15: using allocated LPI pending table @0x0000000100360000
Oct 29 11:45:04 sonic kernel: CPU15: Booted secondary processor 0x0000070100 [0x410fd421]
Oct 29 11:45:04 sonic kernel: smp: Brought up 1 node, 16 CPUs
Oct 29 11:45:04 sonic kernel: SMP: Total of 16 processors activated.
Oct 29 11:45:04 sonic kernel: CPU: All CPU(s) started at EL2
Oct 29 11:45:04 sonic kernel: CPU features: detected: 32-bit EL0 Support
Oct 29 11:45:04 sonic kernel: CPU features: detected: Data cache clean to the PoU not required for I/D coherence
Oct 29 11:45:04 sonic kernel: CPU features: detected: Common not Private translations
Oct 29 11:45:04 sonic kernel: CPU features: detected: CRC32 instructions
Oct 29 11:45:04 sonic kernel: CPU features: detected: Data cache clean to Point of Persistence
Oct 29 11:45:04 sonic kernel: CPU features: detected: Generic authentication (architected QARMA5 algorithm)
Oct 29 11:45:04 sonic kernel: CPU features: detected: RCpc load-acquire (LDAPR)
Oct 29 11:45:04 sonic kernel: CPU features: detected: LSE atomic instructions
Oct 29 11:45:04 sonic kernel: CPU features: detected: Privileged Access Never
Oct 29 11:45:04 sonic kernel: CPU features: detected: RAS Extension Support
Oct 29 11:45:04 sonic kernel: CPU features: detected: Speculative Store Bypassing Safe (SSBS)
Oct 29 11:45:04 sonic kernel: alternatives: applying system-wide alternatives
Oct 29 11:45:04 sonic kernel: CPU features: detected: Hardware dirty bit management on CPU0-15
Oct 29 11:45:04 sonic kernel: node 0 deferred pages initialised in 28ms
Oct 29 11:45:04 sonic kernel: Memory: 65562516K/67076096K available (15744K kernel code, 6936K rwdata, 13604K rodata, 3072K init, 1836K bss, 1436080K reserved, 65536K cma-reserved)
Oct 29 11:45:04 sonic kernel: devtmpfs: initialized
Oct 29 11:45:04 sonic kernel: clocksource: jiffies: mask: 0xffffffff max_cycles: 0xffffffff, max_idle_ns: 7645041785100000 ns
Oct 29 11:45:04 sonic kernel: futex hash table entries: 4096 (order: 6, 262144 bytes, linear)
Oct 29 11:45:04 sonic kernel: 2G module region forced by RANDOMIZE_MODULE_REGION_FULL
Oct 29 11:45:04 sonic kernel: 0 pages in range for non-PLT usage
Oct 29 11:45:04 sonic kernel: 513920 pages in range for PLT usage
Oct 29 11:45:04 sonic kernel: pinctrl core: initialized pinctrl subsystem
Oct 29 11:45:04 sonic kernel: SMBIOS 3.3.0 present.
Oct 29 11:45:04 sonic kernel: DMI: Nvidia BlueField-3 DPU/BlueField-3 DPU, BIOS 4.11.0.13611 Apr 28 2025
Oct 29 11:45:04 sonic kernel: DMI: Memory slots populated: 1/1
Oct 29 11:45:04 sonic kernel: NET: Registered PF_NETLINK/PF_ROUTE protocol family
Oct 29 11:45:04 sonic kernel: DMA: preallocated 4096 KiB GFP_KERNEL pool for atomic allocations
Oct 29 11:45:04 sonic kernel: DMA: preallocated 4096 KiB GFP_KERNEL|GFP_DMA pool for atomic allocations
Oct 29 11:45:04 sonic kernel: DMA: preallocated 4096 KiB GFP_KERNEL|GFP_DMA32 pool for atomic allocations
Oct 29 11:45:04 sonic kernel: audit: initializing netlink subsys (disabled)
Oct 29 11:45:04 sonic kernel: audit: type=2000 audit(0.168:1): state=initialized audit_enabled=0 res=1
Oct 29 11:45:04 sonic kernel: thermal_sys: Registered thermal governor 'fair_share'
Oct 29 11:45:04 sonic kernel: thermal_sys: Registered thermal governor 'bang_bang'
Oct 29 11:45:04 sonic kernel: thermal_sys: Registered thermal governor 'step_wise'
Oct 29 11:45:04 sonic kernel: thermal_sys: Registered thermal governor 'user_space'
Oct 29 11:45:04 sonic kernel: thermal_sys: Registered thermal governor 'power_allocator'
Oct 29 11:45:04 sonic kernel: cpuidle: using governor ladder
Oct 29 11:45:04 sonic kernel: cpuidle: using governor menu
Oct 29 11:45:04 sonic kernel: hw-breakpoint: found 6 breakpoint and 4 watchpoint registers.
Oct 29 11:45:04 sonic kernel: ASID allocator initialised with 32768 entries
Oct 29 11:45:04 sonic kernel: acpiphp: ACPI Hot Plug PCI Controller Driver version: 0.5
Oct 29 11:45:04 sonic kernel: Serial: AMBA PL011 UART driver
Oct 29 11:45:04 sonic kernel: HugeTLB: registered 1.00 GiB page size, pre-allocated 0 pages
Oct 29 11:45:04 sonic kernel: HugeTLB: 0 KiB vmemmap can be freed for a 1.00 GiB page
Oct 29 11:45:04 sonic kernel: HugeTLB: registered 32.0 MiB page size, pre-allocated 0 pages
Oct 29 11:45:04 sonic kernel: HugeTLB: 0 KiB vmemmap can be freed for a 32.0 MiB page
Oct 29 11:45:04 sonic kernel: HugeTLB: registered 2.00 MiB page size, pre-allocated 0 pages
Oct 29 11:45:04 sonic kernel: HugeTLB: 0 KiB vmemmap can be freed for a 2.00 MiB page
Oct 29 11:45:04 sonic kernel: HugeTLB: registered 64.0 KiB page size, pre-allocated 0 pages
Oct 29 11:45:04 sonic kernel: HugeTLB: 0 KiB vmemmap can be freed for a 64.0 KiB page
Oct 29 11:45:04 sonic kernel: ACPI: Added _OSI(Module Device)
Oct 29 11:45:04 sonic kernel: ACPI: Added _OSI(Processor Device)
Oct 29 11:45:04 sonic kernel: ACPI: Added _OSI(Processor Aggregator Device)
Oct 29 11:45:04 sonic kernel: ACPI: Actual Package length (6) is larger than NumElements field (4), truncated
Oct 29 11:45:04 sonic kernel: ACPI: 10 ACPI AML tables successfully acquired and loaded
Oct 29 11:45:04 sonic kernel: ACPI: Interpreter enabled
Oct 29 11:45:04 sonic kernel: ACPI: Using GIC for interrupt routing
Oct 29 11:45:04 sonic kernel: ACPI: MCFG table detected, 1 entries
Oct 29 11:45:04 sonic kernel: HEST: Table parsing has been initialized.
Oct 29 11:45:04 sonic kernel: sdei: SDEIv1.0 (0x0) detected in firmware.
Oct 29 11:45:04 sonic kernel: GHES: APEI firmware first mode is enabled by APEI bit.
Oct 29 11:45:04 sonic kernel: ACPI: CPU0 has been hot-added
Oct 29 11:45:04 sonic kernel: ACPI: CPU1 has been hot-added
Oct 29 11:45:04 sonic kernel: ACPI: CPU2 has been hot-added
Oct 29 11:45:04 sonic kernel: ACPI: CPU3 has been hot-added
Oct 29 11:45:04 sonic kernel: ACPI: CPU4 has been hot-added
Oct 29 11:45:04 sonic kernel: ACPI: CPU5 has been hot-added
Oct 29 11:45:04 sonic kernel: ACPI: CPU6 has been hot-added
Oct 29 11:45:04 sonic kernel: ACPI: CPU7 has been hot-added
Oct 29 11:45:04 sonic kernel: ACPI: CPU8 has been hot-added
Oct 29 11:45:04 sonic kernel: ACPI: CPU9 has been hot-added
Oct 29 11:45:04 sonic kernel: ACPI: CPU10 has been hot-added
Oct 29 11:45:04 sonic kernel: ACPI: CPU11 has been hot-added
Oct 29 11:45:04 sonic kernel: ACPI: CPU12 has been hot-added
Oct 29 11:45:04 sonic kernel: ACPI: CPU13 has been hot-added
Oct 29 11:45:04 sonic kernel: ACPI: CPU14 has been hot-added
Oct 29 11:45:04 sonic kernel: ACPI: CPU15 has been hot-added
Oct 29 11:45:04 sonic kernel: ARMH0011:00: ttyAMA0 at MMIO 0x13010000 (irq = 20, base_baud = 0) is a SBSA
Oct 29 11:45:04 sonic kernel: ARMH0011:01: ttyAMA1 at MMIO 0x13011000 (irq = 21, base_baud = 0) is a SBSA
Oct 29 11:45:04 sonic kernel: printk: legacy console [ttyAMA1] enabled
Oct 29 11:45:04 sonic kernel: ACPI: PCI Root Bridge [PCI0] (domain 0000 [bus 00-fd])
Oct 29 11:45:04 sonic kernel: acpi PNP0A08:00: _OSC: OS supports [ExtendedConfig ASPM ClockPM Segments MSI HPX-Type3]
Oct 29 11:45:04 sonic kernel: acpi PNP0A08:00: _OSC: platform does not support [SHPCHotplug LTR]
Oct 29 11:45:04 sonic kernel: acpi PNP0A08:00: _OSC: OS now controls [PCIeHotplug PME AER PCIeCapability]
Oct 29 11:45:04 sonic kernel: acpi PNP0A08:00: ECAM area [mem 0x20000000-0x2fdfffff] reserved by PNP0C02:00
Oct 29 11:45:04 sonic kernel: acpi PNP0A08:00: ECAM at [mem 0x20000000-0x2fdfffff] for [bus 00-fd]
Oct 29 11:45:04 sonic kernel: PCI host bridge to bus 0000:00
Oct 29 11:45:04 sonic kernel: pci_bus 0000:00: root bus resource [mem 0x7fff00000000-0x7fff7fffffff window] (bus address [0x00000000-0x7fffffff])
Oct 29 11:45:04 sonic kernel: pci_bus 0000:00: root bus resource [mem 0x800000000000-0xffffffffffff pref window]
Oct 29 11:45:04 sonic kernel: pci_bus 0000:00: root bus resource [bus 00-fd]
Oct 29 11:45:04 sonic kernel: pci 0000:00:00.0: [15b3:a2da] type 01 class 0x060400 PCIe Root Port
Oct 29 11:45:04 sonic kernel: pci 0000:00:00.0: PCI bridge to [bus 01-06]
Oct 29 11:45:04 sonic kernel: pci 0000:00:00.0:   bridge window [mem 0x7fff7ff00000-0x7fff7fffffff]
Oct 29 11:45:04 sonic kernel: pci 0000:00:00.0:   bridge window [mem 0x80fffc000000-0x80fffe7fffff 64bit pref]
Oct 29 11:45:04 sonic kernel: pci 0000:00:00.0: PME# supported from D3cold
Oct 29 11:45:04 sonic kernel: pci 0000:01:00.0: [15b3:197b] type 01 class 0x060400 PCIe Switch Upstream Port
Oct 29 11:45:04 sonic kernel: pci 0000:01:00.0: PCI bridge to [bus 02-06]
Oct 29 11:45:04 sonic kernel: pci 0000:01:00.0:   bridge window [mem 0x7fff7ff00000-0x7fff7fffffff]
Oct 29 11:45:04 sonic kernel: pci 0000:01:00.0:   bridge window [mem 0x80fffc000000-0x80fffe7fffff 64bit pref]
Oct 29 11:45:04 sonic kernel: pci 0000:01:00.0: PME# supported from D3cold
Oct 29 11:45:04 sonic kernel: pci 0000:02:00.0: [15b3:197b] type 01 class 0x060400 PCIe Switch Downstream Port
Oct 29 11:45:04 sonic kernel: pci 0000:02:00.0: PCI bridge to [bus 03]
Oct 29 11:45:04 sonic kernel: pci 0000:02:00.0:   bridge window [mem 0x80fffc000000-0x80fffe7fffff 64bit pref]
Oct 29 11:45:04 sonic kernel: pci 0000:02:00.0: PME# supported from D3cold
Oct 29 11:45:04 sonic kernel: pci 0000:02:03.0: [15b3:197b] type 01 class 0x060400 PCIe Switch Downstream Port
Oct 29 11:45:04 sonic kernel: pci 0000:02:03.0: PCI bridge to [bus 04-06]
Oct 29 11:45:04 sonic kernel: pci 0000:02:03.0:   bridge window [mem 0x7fff7ff00000-0x7fff7fffffff]
Oct 29 11:45:04 sonic kernel: pci 0000:02:03.0: PME# supported from D3cold
Oct 29 11:45:04 sonic kernel: pci 0000:03:00.0: [15b3:a2dc] type 00 class 0x020000 PCIe Endpoint
Oct 29 11:45:04 sonic kernel: pci 0000:03:00.0: BAR 0 [mem 0x80fffc000000-0x80fffdffffff 64bit pref]
Oct 29 11:45:04 sonic kernel: pci 0000:03:00.0: BAR 2 [mem 0x80fffe000000-0x80fffe7fffff 64bit pref]
Oct 29 11:45:04 sonic kernel: pci 0000:03:00.0: PME# supported from D3cold
Oct 29 11:45:04 sonic kernel: pci 0000:04:00.0: [15b3:197b] type 01 class 0x060400 PCIe Switch Upstream Port
Oct 29 11:45:04 sonic kernel: pci 0000:04:00.0: PCI bridge to [bus 05-06]
Oct 29 11:45:04 sonic kernel: pci 0000:04:00.0:   bridge window [mem 0x7fff7ff00000-0x7fff7fffffff]
Oct 29 11:45:04 sonic kernel: pci 0000:04:00.0: PME# supported from D3cold
Oct 29 11:45:04 sonic kernel: pci 0000:05:00.0: [15b3:197b] type 01 class 0x060400 PCIe Switch Downstream Port
Oct 29 11:45:04 sonic kernel: pci 0000:05:00.0: PCI bridge to [bus 06]
Oct 29 11:45:04 sonic kernel: pci 0000:05:00.0:   bridge window [mem 0x7fff7ff00000-0x7fff7fffffff]
Oct 29 11:45:04 sonic kernel: pci 0000:05:00.0: PME# supported from D3cold
Oct 29 11:45:04 sonic kernel: pci 0000:06:00.0: [1f9f:5765] type 00 class 0x010802 PCIe Endpoint
Oct 29 11:45:04 sonic kernel: pci 0000:06:00.0: BAR 0 [mem 0x7fff7ff00000-0x7fff7ff03fff 64bit]
Oct 29 11:45:04 sonic kernel: pci 0000:06:00.0: BAR 5 [mem 0x7fff7ff04000-0x7fff7ff05fff]
Oct 29 11:45:04 sonic kernel: pci 0000:06:00.0: 15.752 Gb/s available PCIe bandwidth, limited by 8.0 GT/s PCIe x2 link at 0000:05:00.0 (capable of 31.504 Gb/s with 8.0 GT/s PCIe x4 link)
Oct 29 11:45:04 sonic kernel: pci 0000:00:00.0: bridge window [mem 0x800000000000-0x800002ffffff 64bit pref]: assigned
Oct 29 11:45:04 sonic kernel: pci 0000:00:00.0: bridge window [mem 0x7fff00000000-0x7fff000fffff]: assigned
Oct 29 11:45:04 sonic kernel: pci 0000:01:00.0: bridge window [mem 0x800000000000-0x800002ffffff 64bit pref]: assigned
Oct 29 11:45:04 sonic kernel: pci 0000:01:00.0: bridge window [mem 0x7fff00000000-0x7fff000fffff]: assigned
Oct 29 11:45:04 sonic kernel: pci 0000:02:00.0: bridge window [mem 0x800000000000-0x800002ffffff 64bit pref]: assigned
Oct 29 11:45:04 sonic kernel: pci 0000:02:03.0: bridge window [mem 0x7fff00000000-0x7fff000fffff]: assigned
Oct 29 11:45:04 sonic kernel: pci 0000:03:00.0: BAR 0 [mem 0x800000000000-0x800001ffffff 64bit pref]: assigned
Oct 29 11:45:04 sonic kernel: pci 0000:03:00.0: BAR 2 [mem 0x800002000000-0x8000027fffff 64bit pref]: assigned
Oct 29 11:45:04 sonic kernel: pci 0000:02:00.0: PCI bridge to [bus 03]
Oct 29 11:45:04 sonic kernel: pci 0000:02:00.0:   bridge window [mem 0x800000000000-0x800002ffffff 64bit pref]
Oct 29 11:45:04 sonic kernel: pci 0000:04:00.0: bridge window [mem 0x7fff00000000-0x7fff000fffff]: assigned
Oct 29 11:45:04 sonic kernel: pci 0000:05:00.0: bridge window [mem 0x7fff00000000-0x7fff000fffff]: assigned
Oct 29 11:45:04 sonic kernel: pci 0000:06:00.0: BAR 0 [mem 0x7fff00000000-0x7fff00003fff 64bit]: assigned
Oct 29 11:45:04 sonic kernel: pci 0000:06:00.0: BAR 5 [mem 0x7fff00004000-0x7fff00005fff]: assigned
Oct 29 11:45:04 sonic kernel: pci 0000:05:00.0: PCI bridge to [bus 06]
Oct 29 11:45:04 sonic kernel: pci 0000:05:00.0:   bridge window [mem 0x7fff00000000-0x7fff000fffff]
Oct 29 11:45:04 sonic kernel: pci 0000:04:00.0: PCI bridge to [bus 05-06]
Oct 29 11:45:04 sonic kernel: pci 0000:04:00.0:   bridge window [mem 0x7fff00000000-0x7fff000fffff]
Oct 29 11:45:04 sonic kernel: pci 0000:02:03.0: PCI bridge to [bus 04-06]
Oct 29 11:45:04 sonic kernel: pci 0000:02:03.0:   bridge window [mem 0x7fff00000000-0x7fff000fffff]
Oct 29 11:45:04 sonic kernel: pci 0000:01:00.0: PCI bridge to [bus 02-06]
Oct 29 11:45:04 sonic kernel: pci 0000:01:00.0:   bridge window [mem 0x7fff00000000-0x7fff000fffff]
Oct 29 11:45:04 sonic kernel: pci 0000:01:00.0:   bridge window [mem 0x800000000000-0x800002ffffff 64bit pref]
Oct 29 11:45:04 sonic kernel: pci 0000:00:00.0: PCI bridge to [bus 01-06]
Oct 29 11:45:04 sonic kernel: pci 0000:00:00.0:   bridge window [mem 0x7fff00000000-0x7fff000fffff]
Oct 29 11:45:04 sonic kernel: pci 0000:00:00.0:   bridge window [mem 0x800000000000-0x800002ffffff 64bit pref]
Oct 29 11:45:04 sonic kernel: pci_bus 0000:00: resource 4 [mem 0x7fff00000000-0x7fff7fffffff window]
Oct 29 11:45:04 sonic kernel: pci_bus 0000:00: resource 5 [mem 0x800000000000-0xffffffffffff pref window]
Oct 29 11:45:04 sonic kernel: pci_bus 0000:01: resource 1 [mem 0x7fff00000000-0x7fff000fffff]
Oct 29 11:45:04 sonic kernel: pci_bus 0000:01: resource 2 [mem 0x800000000000-0x800002ffffff 64bit pref]
Oct 29 11:45:04 sonic kernel: pci_bus 0000:02: resource 1 [mem 0x7fff00000000-0x7fff000fffff]
Oct 29 11:45:04 sonic kernel: pci_bus 0000:02: resource 2 [mem 0x800000000000-0x800002ffffff 64bit pref]
Oct 29 11:45:04 sonic kernel: pci_bus 0000:03: resource 2 [mem 0x800000000000-0x800002ffffff 64bit pref]
Oct 29 11:45:04 sonic kernel: pci_bus 0000:04: resource 1 [mem 0x7fff00000000-0x7fff000fffff]
Oct 29 11:45:04 sonic kernel: pci_bus 0000:05: resource 1 [mem 0x7fff00000000-0x7fff000fffff]
Oct 29 11:45:04 sonic kernel: pci_bus 0000:06: resource 1 [mem 0x7fff00000000-0x7fff000fffff]
Oct 29 11:45:04 sonic kernel: iommu: Default domain type: Translated
Oct 29 11:45:04 sonic kernel: iommu: DMA domain TLB invalidation policy: strict mode
Oct 29 11:45:04 sonic kernel: pps_core: LinuxPPS API ver. 1 registered
Oct 29 11:45:04 sonic kernel: pps_core: Software ver. 5.3.6 - Copyright 2005-2007 Rodolfo Giometti <giometti@linux.it>
Oct 29 11:45:04 sonic kernel: PTP clock support registered
Oct 29 11:45:04 sonic kernel: EDAC MC: Ver: 3.0.0
Oct 29 11:45:04 sonic kernel: scmi_core: SCMI protocol bus registered
Oct 29 11:45:04 sonic kernel: efivars: Registered efivars operations
Oct 29 11:45:04 sonic kernel: NetLabel: Initializing
Oct 29 11:45:04 sonic kernel: NetLabel:  domain hash size = 128
Oct 29 11:45:04 sonic kernel: NetLabel:  protocols = UNLABELED CIPSOv4 CALIPSO
Oct 29 11:45:04 sonic kernel: NetLabel:  unlabeled traffic allowed by default
Oct 29 11:45:04 sonic kernel: vgaarb: loaded
Oct 29 11:45:04 sonic kernel: clocksource: Switched to clocksource arch_sys_counter
Oct 29 11:45:04 sonic kernel: VFS: Disk quotas dquot_6.6.0
Oct 29 11:45:04 sonic kernel: VFS: Dquot-cache hash table entries: 512 (order 0, 4096 bytes)
Oct 29 11:45:04 sonic kernel: AppArmor: AppArmor Filesystem Enabled
Oct 29 11:45:04 sonic kernel: pnp: PnP ACPI init
Oct 29 11:45:04 sonic kernel: system 00:00: [mem 0x20000000-0x2fffffff window] could not be reserved
Oct 29 11:45:04 sonic kernel: pnp: PnP ACPI: found 1 devices
Oct 29 11:45:04 sonic kernel: NET: Registered PF_INET protocol family
Oct 29 11:45:04 sonic kernel: IP idents hash table entries: 262144 (order: 9, 2097152 bytes, linear)
Oct 29 11:45:04 sonic kernel: tcp_listen_portaddr_hash hash table entries: 32768 (order: 7, 524288 bytes, linear)
Oct 29 11:45:04 sonic kernel: Table-perturb hash table entries: 65536 (order: 6, 262144 bytes, linear)
Oct 29 11:45:04 sonic kernel: TCP established hash table entries: 524288 (order: 10, 4194304 bytes, linear)
Oct 29 11:45:04 sonic kernel: TCP bind hash table entries: 65536 (order: 9, 2097152 bytes, linear)
Oct 29 11:45:04 sonic kernel: TCP: Hash tables configured (established 524288 bind 65536)
Oct 29 11:45:04 sonic kernel: MPTCP token hash table entries: 65536 (order: 8, 1572864 bytes, linear)
Oct 29 11:45:04 sonic kernel: UDP hash table entries: 32768 (order: 8, 1048576 bytes, linear)
Oct 29 11:45:04 sonic kernel: UDP-Lite hash table entries: 32768 (order: 8, 1048576 bytes, linear)
Oct 29 11:45:04 sonic kernel: NET: Registered PF_UNIX/PF_LOCAL protocol family
Oct 29 11:45:04 sonic kernel: NET: Registered PF_XDP protocol family
Oct 29 11:45:04 sonic kernel: PCI: CLS 0 bytes, default 64
Oct 29 11:45:04 sonic kernel: Trying to unpack rootfs image as initramfs...
Oct 29 11:45:04 sonic kernel: kvm [1]: nv: 554 coarse grained trap handlers
Oct 29 11:45:04 sonic kernel: kvm [1]: IPA Size Limit: 48 bits
Oct 29 11:45:04 sonic kernel: kvm [1]: GICv3: no GICV resource entry
Oct 29 11:45:04 sonic kernel: kvm [1]: disabling GICv2 emulation
Oct 29 11:45:04 sonic kernel: kvm [1]: GIC system register CPU interface enabled
Oct 29 11:45:04 sonic kernel: kvm [1]: vgic interrupt IRQ9
Oct 29 11:45:04 sonic kernel: kvm [1]: VHE mode initialized successfully
Oct 29 11:45:04 sonic kernel: Initialise system trusted keyrings
Oct 29 11:45:04 sonic kernel: Key type blacklist registered
Oct 29 11:45:04 sonic kernel: workingset: timestamp_bits=42 max_order=24 bucket_order=0
Oct 29 11:45:04 sonic kernel: zbud: loaded
Oct 29 11:45:04 sonic kernel: fuse: init (API version 7.41)
Oct 29 11:45:04 sonic kernel: integrity: Platform Keyring initialized
Oct 29 11:45:04 sonic kernel: integrity: Machine keyring initialized
Oct 29 11:45:04 sonic kernel: Key type asymmetric registered
Oct 29 11:45:04 sonic kernel: Asymmetric key parser 'x509' registered
Oct 29 11:45:04 sonic kernel: Block layer SCSI generic (bsg) driver version 0.4 loaded (major 245)
Oct 29 11:45:04 sonic kernel: io scheduler mq-deadline registered
Oct 29 11:45:04 sonic kernel: ledtrig-cpu: registered to indicate activity on CPUs
Oct 29 11:45:04 sonic kernel: shpchp: Standard Hot Plug PCI Controller Driver version: 0.4
Oct 29 11:45:04 sonic kernel: input: Power Button as /devices/LNXSYSTM:00/LNXSYBUS:00/PNP0C0C:00/input/input0
Oct 29 11:45:04 sonic kernel: ACPI: button: Power Button [PWRB]
Oct 29 11:45:04 sonic kernel: input: Lid Switch as /devices/LNXSYSTM:00/LNXSYBUS:00/PNP0C0D:00/input/input1
Oct 29 11:45:04 sonic kernel: ACPI: button: Lid Switch [LID]
Oct 29 11:45:04 sonic kernel: thermal LNXTHERM:00: registered as thermal_zone0
Oct 29 11:45:04 sonic kernel: ACPI: thermal: Thermal Zone [TZ00] (54 C)
Oct 29 11:45:04 sonic kernel: thermal LNXTHERM:01: registered as thermal_zone1
Oct 29 11:45:04 sonic kernel: ACPI: thermal: Thermal Zone [TZ01] (51 C)
Oct 29 11:45:04 sonic kernel: thermal LNXTHERM:02: registered as thermal_zone2
Oct 29 11:45:04 sonic kernel: ACPI: thermal: Thermal Zone [TZ02] (55 C)
Oct 29 11:45:04 sonic kernel: thermal LNXTHERM:03: registered as thermal_zone3
Oct 29 11:45:04 sonic kernel: ACPI: thermal: Thermal Zone [TZ03] (54 C)
Oct 29 11:45:04 sonic kernel: thermal LNXTHERM:04: registered as thermal_zone4
Oct 29 11:45:04 sonic kernel: ACPI: thermal: Thermal Zone [TZ04] (54 C)
Oct 29 11:45:04 sonic kernel: thermal LNXTHERM:05: registered as thermal_zone5
Oct 29 11:45:04 sonic kernel: ACPI: thermal: Thermal Zone [TZ05] (53 C)
Oct 29 11:45:04 sonic kernel: thermal LNXTHERM:06: registered as thermal_zone6
Oct 29 11:45:04 sonic kernel: ACPI: thermal: Thermal Zone [TZ06] (54 C)
Oct 29 11:45:04 sonic kernel: thermal LNXTHERM:07: registered as thermal_zone7
Oct 29 11:45:04 sonic kernel: ACPI: thermal: Thermal Zone [TZ07] (57 C)
Oct 29 11:45:04 sonic kernel: thermal LNXTHERM:08: registered as thermal_zone8
Oct 29 11:45:04 sonic kernel: ACPI: thermal: Thermal Zone [TZ08] (54 C)
Oct 29 11:45:04 sonic kernel: thermal LNXTHERM:09: registered as thermal_zone9
Oct 29 11:45:04 sonic kernel: ACPI: thermal: Thermal Zone [TZ09] (52 C)
Oct 29 11:45:04 sonic kernel: thermal LNXTHERM:0a: registered as thermal_zone10
Oct 29 11:45:04 sonic kernel: ACPI: thermal: Thermal Zone [TZ10] (53 C)
Oct 29 11:45:04 sonic kernel: thermal LNXTHERM:0b: registered as thermal_zone11
Oct 29 11:45:04 sonic kernel: ACPI: thermal: Thermal Zone [TZ11] (54 C)
Oct 29 11:45:04 sonic kernel: thermal LNXTHERM:0c: registered as thermal_zone12
Oct 29 11:45:04 sonic kernel: ACPI: thermal: Thermal Zone [TZ12] (52 C)
Oct 29 11:45:04 sonic kernel: thermal LNXTHERM:0d: registered as thermal_zone13
Oct 29 11:45:04 sonic kernel: ACPI: thermal: Thermal Zone [TZ13] (58 C)
Oct 29 11:45:04 sonic kernel: thermal LNXTHERM:0e: registered as thermal_zone14
Oct 29 11:45:04 sonic kernel: ACPI: thermal: Thermal Zone [TZ14] (56 C)
Oct 29 11:45:04 sonic kernel: thermal LNXTHERM:0f: registered as thermal_zone15
Oct 29 11:45:04 sonic kernel: ACPI: thermal: Thermal Zone [TZ15] (75 C)
Oct 29 11:45:04 sonic kernel: ACPI GTDT: found 1 SBSA generic Watchdog(s).
Oct 29 11:45:04 sonic kernel: Serial: 8250/16550 driver, 4 ports, IRQ sharing enabled
Oct 29 11:45:04 sonic kernel: Serial: AMBA driver
Oct 29 11:45:04 sonic kernel: msm_serial: driver initialized
Oct 29 11:45:04 sonic kernel: SuperH (H)SCI(F) driver initialized
Oct 29 11:45:04 sonic kernel: arm-smmu-v3 arm-smmu-v3.0.auto: option mask 0x0
Oct 29 11:45:04 sonic kernel: arm-smmu-v3 arm-smmu-v3.0.auto: ias 48-bit, oas 48-bit (features 0x001c1fff)
Oct 29 11:45:04 sonic kernel: arm-smmu-v3 arm-smmu-v3.0.auto: allocated 65536 entries for cmdq
Oct 29 11:45:04 sonic kernel: arm-smmu-v3 arm-smmu-v3.0.auto: allocated 32768 entries for evtq
Oct 29 11:45:04 sonic kernel: arm-smmu-v3 arm-smmu-v3.0.auto: allocated 65536 entries for priq
Oct 29 11:45:04 sonic kernel: arm-smmu-v3 arm-smmu-v3.0.auto: msi_domain absent - falling back to wired irqs
Oct 29 11:45:04 sonic kernel: mousedev: PS/2 mouse device common for all mice
Oct 29 11:45:04 sonic kernel: rtc-efi rtc-efi.0: registered as rtc0
Oct 29 11:45:04 sonic kernel: rtc-efi rtc-efi.0: setting system clock to 2025-10-29T11:44:59 UTC (1761738299)
Oct 29 11:45:04 sonic kernel: hw perfevents: enabled with armv8_pmuv3_0 PMU driver, 7 (0,8000003f) counters available
Oct 29 11:45:04 sonic kernel: NET: Registered PF_INET6 protocol family
Oct 29 11:45:04 sonic kernel: Freeing initrd memory: 39252K
Oct 29 11:45:04 sonic kernel: Segment Routing with IPv6
Oct 29 11:45:04 sonic kernel: In-situ OAM (IOAM) with IPv6
Oct 29 11:45:04 sonic kernel: mip6: Mobile IPv6
Oct 29 11:45:04 sonic kernel: NET: Registered PF_PACKET protocol family
Oct 29 11:45:04 sonic kernel: mpls_gso: MPLS GSO support
Oct 29 11:45:04 sonic kernel: registered taskstats version 1
Oct 29 11:45:04 sonic kernel: Loading compiled-in X.509 certificates
Oct 29 11:45:04 sonic kernel: Loaded X.509 cert 'Build time autogenerated kernel key: 552afe6baa929f2e75f16f2280799913c2699dc1'
Oct 29 11:45:04 sonic kernel: Demotion targets for Node 0: null
Oct 29 11:45:04 sonic kernel: Key type .fscrypt registered
Oct 29 11:45:04 sonic kernel: Key type fscrypt-provisioning registered
Oct 29 11:45:04 sonic kernel: Key type encrypted registered
Oct 29 11:45:04 sonic kernel: AppArmor: AppArmor sha256 policy hashing enabled
Oct 29 11:45:04 sonic kernel: integrity: Loading X.509 certificate: UEFI:db
Oct 29 11:45:04 sonic kernel: integrity: Loaded X.509 cert 'Bluefield Signature Database Test Key: a109f01707ba6769c4d546530ba1592c7daedc3b'
Oct 29 11:45:04 sonic kernel: integrity: Loading X.509 certificate: UEFI:db
Oct 29 11:45:04 sonic kernel: integrity: Loaded X.509 cert 'Mellanox Technologies signing key: 2012e5122669ffc0cc28827c6134329a6bec0b88'
Oct 29 11:45:04 sonic kernel: integrity: Loading X.509 certificate: UEFI:db
Oct 29 11:45:04 sonic kernel: integrity: Loaded X.509 cert 'Microsoft Corporation UEFI CA 2011: 13adbf4309bd82709c8cd54f316ed522988a1bd4'
Oct 29 11:45:04 sonic kernel: integrity: Loading X.509 certificate: UEFI:db
Oct 29 11:45:04 sonic kernel: integrity: Loaded X.509 cert 'VMware, Inc.: VMware Secure Boot Signing: 04597f3e1ffb240bba0ff0f05d5eb05f3e15f6d7'
Oct 29 11:45:04 sonic kernel: integrity: Loading X.509 certificate: UEFI:db
Oct 29 11:45:04 sonic kernel: integrity: Loaded X.509 cert 'VMware, Inc.: VMware Test Boot Signing: 1c5bda6d3a4b5beb3bf9203562fccb3420d4e23a'
Oct 29 11:45:04 sonic kernel: integrity: Loading X.509 certificate: UEFI:db
Oct 29 11:45:04 sonic kernel: integrity: Loaded X.509 cert 'Canonical Ltd. Master Certificate Authority: ad91990bc22ab1f517048c23b6655a268e345a63'
Oct 29 11:45:04 sonic kernel: integrity: Loading X.509 certificate: UEFI:db
Oct 29 11:45:04 sonic kernel: integrity: Loaded X.509 cert 'NVIDIA BlueField Secure Boot UEFI db Signing 2021: f3ebdcf5e3ef589c8fcc8883f8864c29e2884306'
Oct 29 11:45:04 sonic kernel: integrity: Loading X.509 certificate: UEFI:db
Oct 29 11:45:04 sonic kernel: integrity: Loaded X.509 cert 'NVIDIA BlueField Secure Boot EFI Signing 2022-A: 7eaf3adfa51d32346583b219684c21b3cdbff7b4'
Oct 29 11:45:04 sonic kernel: ima: secureboot mode disabled
Oct 29 11:45:04 sonic kernel: ima: No TPM chip found, activating TPM-bypass!
Oct 29 11:45:04 sonic kernel: ima: Allocated hash algorithm: sha256
Oct 29 11:45:04 sonic kernel: ima: No architecture policies found
Oct 29 11:45:04 sonic kernel: evm: Initialising EVM extended attributes:
Oct 29 11:45:04 sonic kernel: evm: security.selinux
Oct 29 11:45:04 sonic kernel: evm: security.SMACK64 (disabled)
Oct 29 11:45:04 sonic kernel: evm: security.SMACK64EXEC (disabled)
Oct 29 11:45:04 sonic kernel: evm: security.SMACK64TRANSMUTE (disabled)
Oct 29 11:45:04 sonic kernel: evm: security.SMACK64MMAP (disabled)
Oct 29 11:45:04 sonic kernel: evm: security.apparmor
Oct 29 11:45:04 sonic kernel: evm: security.ima
Oct 29 11:45:04 sonic kernel: evm: security.capability
Oct 29 11:45:04 sonic kernel: evm: HMAC attrs: 0x1
Oct 29 11:45:04 sonic kernel: pcieport 0000:00:00.0: Adding to iommu group 0
Oct 29 11:45:04 sonic kernel: pcieport 0000:00:00.0: PME: Signaling with IRQ 56
Oct 29 11:45:04 sonic kernel: pcieport 0000:01:00.0: Adding to iommu group 1
Oct 29 11:45:04 sonic kernel: pcieport 0000:02:00.0: Adding to iommu group 2
Oct 29 11:45:04 sonic kernel: pcieport 0000:02:03.0: Adding to iommu group 3
Oct 29 11:45:04 sonic kernel: pcieport 0000:04:00.0: Adding to iommu group 4
Oct 29 11:45:04 sonic kernel: pcieport 0000:05:00.0: Adding to iommu group 5
Oct 29 11:45:04 sonic kernel: clk: Disabling unused clocks
Oct 29 11:45:04 sonic kernel: PM: genpd: Disabling unused power domains
Oct 29 11:45:04 sonic kernel: Freeing unused kernel memory: 3072K
Oct 29 11:45:04 sonic kernel: Checked W+X mappings: passed, no W+X pages found
Oct 29 11:45:04 sonic kernel: Run /init as init process
Oct 29 11:45:04 sonic kernel:   with arguments:
Oct 29 11:45:04 sonic kernel:     /init
Oct 29 11:45:04 sonic kernel:   with environment:
Oct 29 11:45:04 sonic kernel:     HOME=/
Oct 29 11:45:04 sonic kernel:     TERM=linux
Oct 29 11:45:04 sonic kernel:     BOOT_IMAGE=/image-20251110.16/boot/vmlinuz-6.12.41+deb13-sonic-arm64
Oct 29 11:45:04 sonic kernel:     sonic_fips=1
Oct 29 11:45:04 sonic kernel:     biosdevname=0
Oct 29 11:45:04 sonic kernel:     loop=image-20251110.16/fs.squashfs
Oct 29 11:45:04 sonic kernel:     loopfstype=squashfs
Oct 29 11:45:04 sonic kernel:     varlog_size=4096
Oct 29 11:45:04 sonic kernel: sdhci: Secure Digital Host Controller Interface driver
Oct 29 11:45:04 sonic kernel: sdhci: Copyright(c) Pierre Ossman
Oct 29 11:45:04 sonic kernel: sdhci-pltfm: SDHCI platform and OF driver helper
Oct 29 11:45:04 sonic kernel: mmc0: SDHCI controller on MLNXBF30:00 [MLNXBF30:00] using ADMA 64-bit
Oct 29 11:45:04 sonic kernel: mlx_compat: loading out-of-tree module taints kernel.
Oct 29 11:45:04 sonic kernel: mlx_compat: module verification failed: signature and/or required key missing - tainting kernel
Oct 29 11:45:04 sonic kernel: Compat-mlnx-ofed backport release: 6439d83
Oct 29 11:45:04 sonic kernel: Backport based on https://:@git-nbu.nvidia.com/r/a/mlnx_ofed/mlnx-ofa_kernel-4.0.git 6439d83
Oct 29 11:45:04 sonic kernel: compat.git: https://:@git-nbu.nvidia.com/r/a/mlnx_ofed/mlnx-ofa_kernel-4.0.git
Oct 29 11:45:04 sonic kernel: nvme 0000:06:00.0: Adding to iommu group 6
Oct 29 11:45:04 sonic kernel: nvme nvme0: pci function 0000:06:00.0
Oct 29 11:45:04 sonic kernel: mmc0: new high speed MMC card at address 0001
Oct 29 11:45:04 sonic kernel: mmcblk0: mmc0:0001 00040G 38.8 GiB
Oct 29 11:45:04 sonic kernel: mmcblk0boot0: mmc0:0001 00040G 31.5 MiB
Oct 29 11:45:04 sonic kernel: mmcblk0boot1: mmc0:0001 00040G 31.5 MiB
Oct 29 11:45:04 sonic kernel: mmcblk0rpmb: mmc0:0001 00040G 4.00 MiB, chardev (239:0)
Oct 29 11:45:04 sonic kernel: nvme nvme0: allocated 64 MiB host memory buffer.
Oct 29 11:45:04 sonic kernel: nvme nvme0: 8/0/0 default/read/poll queues
Oct 29 11:45:04 sonic kernel:  nvme0n1: p1 p2
Oct 29 11:45:04 sonic kernel: mlx5_core 0000:03:00.0: Adding to iommu group 7
Oct 29 11:45:04 sonic kernel: mlx5_core 0000:03:00.0: enabling device (0000 -> 0002)
Oct 29 11:45:04 sonic kernel: mlx5_core 0000:03:00.0: firmware version: 32.48.410
Oct 29 11:45:04 sonic kernel: mlx5_core 0000:03:00.0: 126.016 Gb/s available PCIe bandwidth (8.0 GT/s PCIe x16 link)
Oct 29 11:45:04 sonic kernel: mlx5_core 0000:03:00.0: Rate limit: 127 rates are supported, range: 0Mbps to 390625Mbps
Oct 29 11:45:04 sonic kernel: mlx5_core 0000:03:00.0: E-Switch: Total vports 67, per vport: max uc(128) max mc(2048)
Oct 29 11:45:04 sonic kernel: mlx5_core 0000:03:00.0: Flow counters bulk query buffer size increased, bulk_query_len(8)
Oct 29 11:45:04 sonic kernel: mlx5_core 0000:03:00.0: mlx5e: IPSec ESP acceleration enabled
Oct 29 11:45:04 sonic kernel: mlx5_core 0000:03:00.0: mlx5_pcie_event:325:(pid 122): PCIe slot power capability was not advertised.
Oct 29 11:45:04 sonic kernel: mlx5_core 0000:03:00.0: MLX5E: StrdRq(0) RqSz(1024) StrdSz(2048) RxCqeCmprss(1 enhanced)
Oct 29 11:45:04 sonic kernel: mlx5_core 0000:03:00.0 Ethernet0: renamed from eth0
Oct 29 11:45:04 sonic kernel: squashfs: version 4.0 (2009/01/31) Phillip Lougher
Oct 29 11:45:04 sonic kernel: EXT4-fs (nvme0n1p2): mounted filesystem 379ce65b-0980-4f21-b658-d1bcbf2edb44 r/w with ordered data mode. Quota mode: none.
Oct 29 11:45:04 sonic kernel: loop: module loaded
Oct 29 11:45:04 sonic kernel: loop0: detected capacity change from 0 to 994032
Oct 29 11:45:04 sonic kernel: loop1: detected capacity change from 0 to 8388608
Oct 29 11:45:04 sonic kernel: EXT4-fs (loop1): mounted filesystem 088a887f-60ad-4476-903f-266f560551c1 r/w with ordered data mode. Quota mode: none.
Oct 29 11:45:04 sonic systemd[1]: Inserted module 'autofs4'
Oct 29 11:45:04 sonic systemd[1]: systemd 257.9-1~deb13u1 running in system mode (+PAM +AUDIT +SELINUX +APPARMOR +IMA +IPE +SMACK +SECCOMP +GCRYPT -GNUTLS +OPENSSL +ACL +BLKID +CURL +ELFUTILS +FIDO2 +IDN2 -IDN +IPTC +KMOD +LIBCRYPTSETUP +LIBCRYPTSETUP_PLUGINS +LIBFDISK +PCRE2 +PWQUALITY +P11KIT +QRENCODE +TPM2 +BZIP2 +LZ4 +XZ +ZLIB +ZSTD +BPF_FRAMEWORK +BTF -XKBCOMMON -UTMP +SYSVINIT +LIBARCHIVE)
Oct 29 11:45:04 sonic systemd[1]: Detected architecture arm64.
Oct 29 11:45:04 sonic systemd[1]: Hostname set to <sonic>.
Oct 29 11:45:04 sonic systemd[1]: bpf-restrict-fs: LSM BPF program attached
Oct 29 11:45:04 sonic systemd[1]: /usr/lib/systemd/system/ztp.service:9: Standard output type syslog is obsolete, automatically updating to journal. Please update your unit file, and consider removing the setting altogether.
Oct 29 11:45:04 sonic systemd[1]: /usr/lib/systemd/system/ztp.service:10: Standard output type syslog+console is obsolete, automatically updating to journal+console. Please update your unit file, and consider removing the setting altogether.
Oct 29 11:45:04 sonic systemd[1]: Queued start job for default target graphical.target.
Oct 29 11:45:04 sonic systemd[1]: Created slice system-getty.slice - Slice /system/getty.
Oct 29 11:45:04 sonic systemd[1]: Created slice system-modprobe.slice - Slice /system/modprobe.
Oct 29 11:45:04 sonic systemd[1]: Created slice system-serial\x2dgetty.slice - Slice /system/serial-getty.
Oct 29 11:45:04 sonic systemd[1]: Created slice user.slice - User and Session Slice.
Oct 29 11:45:04 sonic systemd[1]: Started systemd-ask-password-console.path - Dispatch Password Requests to Console Directory Watch.
Oct 29 11:45:04 sonic systemd[1]: Started systemd-ask-password-wall.path - Forward Password Requests to Wall Directory Watch.
Oct 29 11:45:04 sonic systemd[1]: Set up automount proc-sys-fs-binfmt_misc.automount - Arbitrary Executable File Formats File System Automount Point.
Oct 29 11:45:04 sonic systemd[1]: Expecting device dev-hvc0.device - /dev/hvc0...
Oct 29 11:45:04 sonic systemd[1]: Expecting device dev-ttyAMA0.device - /dev/ttyAMA0...
Oct 29 11:45:04 sonic systemd[1]: Expecting device dev-ttyAMA1.device - /dev/ttyAMA1...
Oct 29 11:45:04 sonic systemd[1]: Reached target paths.target - Path Units.
Oct 29 11:45:04 sonic systemd[1]: Reached target remote-fs.target - Remote File Systems.
Oct 29 11:45:04 sonic systemd[1]: Reached target slices.target - Slice Units.
Oct 29 11:45:04 sonic systemd[1]: Reached target swap.target - Swaps.
Oct 29 11:45:04 sonic systemd[1]: Listening on systemd-creds.socket - Credential Encryption/Decryption.
Oct 29 11:45:04 sonic systemd[1]: Listening on systemd-initctl.socket - initctl Compatibility Named Pipe.
Oct 29 11:45:04 sonic systemd[1]: Listening on systemd-journald-dev-log.socket - Journal Socket (/dev/log).
Oct 29 11:45:04 sonic systemd[1]: Listening on systemd-journald.socket - Journal Sockets.
Oct 29 11:45:04 sonic systemd[1]: Listening on systemd-networkd.socket - Network Service Netlink Socket.
Oct 29 11:45:04 sonic systemd[1]: systemd-pcrextend.socket - TPM PCR Measurements was skipped because of an unmet condition check (ConditionSecurity=measured-uki).
Oct 29 11:45:04 sonic systemd[1]: systemd-pcrlock.socket - Make TPM PCR Policy was skipped because of an unmet condition check (ConditionSecurity=measured-uki).
Oct 29 11:45:04 sonic systemd[1]: Listening on systemd-udevd-control.socket - udev Control Socket.
Oct 29 11:45:04 sonic systemd[1]: Listening on systemd-udevd-kernel.socket - udev Kernel Socket.
Oct 29 11:45:04 sonic systemd[1]: Mounting dev-hugepages.mount - Huge Pages File System...
Oct 29 11:45:04 sonic systemd[1]: Mounting dev-mqueue.mount - POSIX Message Queue File System...
Oct 29 11:45:04 sonic systemd[1]: Mounting run-lock.mount - Legacy Locks Directory /run/lock...
Oct 29 11:45:04 sonic systemd[1]: Mounting sys-kernel-debug.mount - Kernel Debug File System...
Oct 29 11:45:04 sonic systemd[1]: Mounting sys-kernel-tracing.mount - Kernel Trace File System...
Oct 29 11:45:04 sonic systemd[1]: tmp.mount: Directory /tmp to mount over is not empty, mounting anyway.
Oct 29 11:45:04 sonic systemd[1]: Mounting tmp.mount - Temporary Directory /tmp...
Oct 29 11:45:04 sonic systemd[1]: Starting kmod-static-nodes.service - Create List of Static Device Nodes...
Oct 29 11:45:04 sonic systemd[1]: Starting modprobe@configfs.service - Load Kernel Module configfs...
Oct 29 11:45:04 sonic systemd[1]: Starting modprobe@drm.service - Load Kernel Module drm...
Oct 29 11:45:04 sonic systemd[1]: Starting modprobe@efi_pstore.service - Load Kernel Module efi_pstore...
Oct 29 11:45:04 sonic systemd[1]: Starting modprobe@fuse.service - Load Kernel Module fuse...
Oct 29 11:45:04 sonic systemd[1]: Starting modprobe@nvme_fabrics.service - Load Kernel Module nvme_fabrics...
Oct 29 11:45:04 sonic systemd[1]: Starting networking.service - Network initialization...
Oct 29 11:45:04 sonic systemd[1]: systemd-hibernate-clear.service - Clear Stale Hibernate Storage Info was skipped because of an unmet condition check (ConditionPathExists=/sys/firmware/efi/efivars/HibernateLocation-8cf2644b-4b0b-428f-9387-6d876050dc67).
Oct 29 11:45:04 sonic systemd[1]: Starting systemd-modules-load.service - Load Kernel Modules...
Oct 29 11:45:04 sonic kernel: Key type psk registered
Oct 29 11:45:04 sonic systemd[1]: systemd-pcrmachine.service - TPM PCR Machine ID Measurement was skipped because of an unmet condition check (ConditionSecurity=measured-uki).
Oct 29 11:45:04 sonic kernel: pstore: Using crash dump compression: deflate
Oct 29 11:45:04 sonic systemd[1]: Starting systemd-remount-fs.service - Remount Root and Kernel File Systems...
Oct 29 11:45:04 sonic systemd[1]: systemd-tpm2-setup-early.service - Early TPM SRK Setup was skipped because of an unmet condition check (ConditionSecurity=measured-uki).
Oct 29 11:45:04 sonic kernel: pstore: Registered efi_pstore as persistent store backend
Oct 29 11:45:04 sonic systemd[1]: Starting systemd-udev-load-credentials.service - Load udev Rules from Credentials...
Oct 29 11:45:04 sonic systemd[1]: Starting systemd-udev-trigger.service - Coldplug All udev Devices...
Oct 29 11:45:04 sonic systemd[1]: Mounted dev-hugepages.mount - Huge Pages File System.
Oct 29 11:45:04 sonic systemd[1]: Mounted dev-mqueue.mount - POSIX Message Queue File System.
Oct 29 11:45:04 sonic systemd[1]: Mounted run-lock.mount - Legacy Locks Directory /run/lock.
Oct 29 11:45:04 sonic systemd[1]: Mounted sys-kernel-debug.mount - Kernel Debug File System.
Oct 29 11:45:04 sonic systemd[1]: Mounted sys-kernel-tracing.mount - Kernel Trace File System.
Oct 29 11:45:04 sonic systemd[1]: Mounted tmp.mount - Temporary Directory /tmp.
Oct 29 11:45:04 sonic systemd[1]: Finished kmod-static-nodes.service - Create List of Static Device Nodes.
Oct 29 11:45:04 sonic systemd[1]: modprobe@configfs.service: Deactivated successfully.
Oct 29 11:45:04 sonic systemd[1]: Finished modprobe@configfs.service - Load Kernel Module configfs.
Oct 29 11:45:04 sonic systemd[1]: modprobe@drm.service: Deactivated successfully.
Oct 29 11:45:04 sonic systemd[1]: Finished modprobe@drm.service - Load Kernel Module drm.
Oct 29 11:45:04 sonic systemd[1]: modprobe@efi_pstore.service: Deactivated successfully.
Oct 29 11:45:04 sonic systemd[1]: Finished modprobe@efi_pstore.service - Load Kernel Module efi_pstore.
Oct 29 11:45:04 sonic systemd[1]: modprobe@fuse.service: Deactivated successfully.
Oct 29 11:45:04 sonic systemd[1]: Finished modprobe@fuse.service - Load Kernel Module fuse.
Oct 29 11:45:04 sonic systemd[1]: modprobe@nvme_fabrics.service: Deactivated successfully.
Oct 29 11:45:04 sonic systemd[1]: Finished modprobe@nvme_fabrics.service - Load Kernel Module nvme_fabrics.
Oct 29 11:45:04 sonic systemd[1]: Mounting sys-fs-fuse-connections.mount - FUSE Control File System...
Oct 29 11:45:04 sonic systemd[1]: Mounting sys-kernel-config.mount - Kernel Configuration File System...
Oct 29 11:45:04 sonic systemd[1]: Starting systemd-tmpfiles-setup-dev-early.service - Create Static Device Nodes in /dev gracefully...
Oct 29 11:45:04 sonic systemd[1]: Finished systemd-udev-load-credentials.service - Load udev Rules from Credentials.
Oct 29 11:45:04 sonic kernel: printk: legacy console [hvc0] enabled
Oct 29 11:45:04 sonic systemd[1]: Finished systemd-remount-fs.service - Remount Root and Kernel File Systems.
Oct 29 11:45:04 sonic systemd[1]: Mounted sys-fs-fuse-connections.mount - FUSE Control File System.
Oct 29 11:45:04 sonic systemd[1]: Mounted sys-kernel-config.mount - Kernel Configuration File System.
Oct 29 11:45:04 sonic systemd[1]: systemd-hwdb-update.service - Rebuild Hardware Database was skipped because of an unmet condition check (ConditionNeedsUpdate=/etc).
Oct 29 11:45:04 sonic systemd[1]: systemd-pstore.service - Platform Persistent Storage Archival was skipped because of an unmet condition check (ConditionDirectoryNotEmpty=/sys/fs/pstore).
Oct 29 11:45:04 sonic systemd[1]: Starting systemd-random-seed.service - Load/Save OS Random Seed...
Oct 29 11:45:04 sonic systemd[1]: systemd-tpm2-setup.service - TPM SRK Setup was skipped because of an unmet condition check (ConditionSecurity=measured-uki).
Oct 29 11:45:04 sonic kernel: evm: overlay not supported
Oct 29 11:45:04 sonic systemd[1]: Finished systemd-random-seed.service - Load/Save OS Random Seed.
Oct 29 11:45:04 sonic kernel: mlxbf_gige MLNXBF17:00: probe: pdev=0xffff000081941400 pdev->dev=0xffff000081941410
Oct 29 11:45:04 sonic kernel: mlxbf_gige MLNXBF17:00: probe: resource 0 (MAC) start=0x130a1000 end=0x130a17ff
Oct 29 11:45:04 sonic kernel: mlxbf_gige MLNXBF17:00: probe: resource 3 (LLU) start=0x130a8000 end=0x130affff
Oct 29 11:45:04 sonic kernel: mlxbf_gige MLNXBF17:00: probe: resource 4 (PLU) start=0x130c0000 end=0x130fffff
Oct 29 11:45:04 sonic kernel: mlxbf_gige MLNXBF17:00: probe: netdev=ffff00008582c000 netdev->flags=0x1002
Oct 29 11:45:04 sonic kernel: mlxbf_gige MLNXBF17:00: probe: priv=0xffff00008582ca00 priv->base=0xffff800081cff000
Oct 29 11:45:04 sonic kernel: mlxbf_gige MLNXBF17:00: probe: llu_base=0xffff800085d38000 plu_base=0xffff800087cc0000
Oct 29 11:45:04 sonic kernel: mlxbf_gige MLNXBF17:00: disable_mac_rx_filter: index=0
Oct 29 11:45:04 sonic kernel: mlxbf_gige MLNXBF17:00: disable_mac_rx_filter: index=1
Oct 29 11:45:04 sonic kernel: mlxbf_gige MLNXBF17:00: disable_multicast_rx
Oct 29 11:45:04 sonic kernel: mlxbf_gige MLNXBF17:00: get_mac_rx_filter: index=1 dmac=2c5eab1b70eb
Oct 29 11:45:04 sonic kernel: mlxbf_gige MLNXBF17:00: Read MAC address 2c:5e:ab:1b:70:eb from chip
Oct 29 11:45:04 sonic kernel: mlxbf_gige MLNXBF17:00: set_mac_rx_filter: index=1 dmac=2c5eab1b70eb
Oct 29 11:45:04 sonic kernel: mlxbf_gige MLNXBF17:00: probe: irq[] = 27 28 29
Oct 29 11:45:04 sonic systemd[1]: Finished systemd-tmpfiles-setup-dev-early.service - Create Static Device Nodes in /dev gracefully.
Oct 29 11:45:04 sonic systemd[1]: systemd-sysusers.service - Create System Users was skipped because no trigger condition checks were met.
Oct 29 11:45:04 sonic kernel: mlxbf_gige MLNXBF17:00: supported: 00,00000000,00000000,000062e0, advertising: 00,00000000,00000000,000002e0
Oct 29 11:45:04 sonic kernel: mlxbf_gige MLNXBF17:00: speed: 0x3e8, duplex: 0x1, autoneg: 0x1, pause: 0x1, asym_pause: 0x0
Oct 29 11:45:04 sonic kernel: Generic PHY fixed-0:00: attached PHY driver (mii_bus:phy_addr=fixed-0:00, irq=POLL)
Oct 29 11:45:04 sonic kernel: mlxbf_gige MLNXBF17:00: probed
Oct 29 11:45:04 sonic systemd[1]: Starting systemd-tmpfiles-setup-dev.service - Create Static Device Nodes in /dev...
Oct 29 11:45:04 sonic kernel: gpio gpiochip0: (MLNXBF33:00): not an immutable chip, please consider fixing it!
Oct 29 11:45:04 sonic kernel: PKA_DRIVER: device MLNXBF51:00 probed
Oct 29 11:45:04 sonic kernel: PKA_DRIVER: device MLNXBF51:01 probed
Oct 29 11:45:04 sonic systemd[1]: Finished systemd-tmpfiles-setup-dev.service - Create Static Device Nodes in /dev.
Oct 29 11:45:04 sonic systemd[1]: Finished systemd-udev-trigger.service - Coldplug All udev Devices.
Oct 29 11:45:04 sonic systemd[1]: Starting systemd-udevd.service - Rule-based Manager for Device Events and Files...
Oct 29 11:45:04 sonic kernel: PKA_DRIVER: device MLNXBF51:02 probed
Oct 29 11:45:04 sonic kernel: PKA_DRIVER: device MLNXBF51:03 probed
Oct 29 11:45:04 sonic kernel: PKA_DRIVER: device MLNXBF51:04 probed
Oct 29 11:45:04 sonic kernel: PKA_DRIVER: device MLNXBF51:05 probed
Oct 29 11:45:04 sonic systemd[1]: Started systemd-udevd.service - Rule-based Manager for Device Events and Files.
Oct 29 11:45:04 sonic systemd[1]: nvmefc-boot-connections.service - Auto-connect to subsystems on FC-NVME devices found during boot was skipped because of an unmet condition check (ConditionPathExists=/sys/class/fc/fc_udev_device/nvme_discovery).
Oct 29 11:45:04 sonic systemd[1]: Reached target local-fs-pre.target - Preparation for Local File Systems.
Oct 29 11:45:04 sonic systemd[1]: Reached target local-fs.target - Local File Systems.
Oct 29 11:45:04 sonic systemd[1]: Listening on syslog.socket - Syslog Socket.
Oct 29 11:45:04 sonic systemd[1]: Listening on systemd-sysext.socket - System Extension Image Management.
Oct 29 11:45:04 sonic systemd[1]: Starting apparmor.service - Load AppArmor profiles...
Oct 29 11:45:04 sonic systemd[1]: Starting systemd-binfmt.service - Set Up Additional Binary Formats...
Oct 29 11:45:04 sonic systemd[1]: Starting systemd-journald.service - Journal Service...
Oct 29 11:45:04 sonic systemd[1]: Found device dev-hvc0.device - /dev/hvc0.
Oct 29 11:45:04 sonic systemd[1]: proc-sys-fs-binfmt_misc.automount: Got automount request for /proc/sys/fs/binfmt_misc, triggered by 517 (systemd-binfmt)
Oct 29 11:45:04 sonic systemd[1]: Mounting proc-sys-fs-binfmt_misc.mount - Arbitrary Executable File Formats File System...
Oct 29 11:45:04 sonic systemd[1]: Mounted proc-sys-fs-binfmt_misc.mount - Arbitrary Executable File Formats File System.
Oct 29 11:45:04 sonic systemd[1]: Finished systemd-binfmt.service - Set Up Additional Binary Formats.
Oct 29 11:45:04 sonic systemd[1]: Created slice system-mlnx_interface_mgr.slice - Slice /system/mlnx_interface_mgr.
Oct 29 11:45:04 sonic systemd[1]: Started mlnx_interface_mgr@eth0.service - mlnx_interface_mgr - configure eth0.
Oct 29 11:45:04 sonic systemd[1]: Finished networking.service - Network initialization.
Oct 29 11:45:04 sonic kernel: PKA_DRIVER: device MLNXBF51:06 probed
Oct 29 11:45:04 sonic systemd[1]: Starting kdump-tools.service - Kernel crash dump capture service...
Oct 29 11:45:04 sonic kernel: audit: type=1400 audit(1761738304.460:2): apparmor="STATUS" operation="profile_load" profile="unconfined" name="ch-checkns" pid=554 comm="apparmor_parser"
Oct 29 11:45:04 sonic kernel: audit: type=1400 audit(1761738304.460:3): apparmor="STATUS" operation="profile_load" profile="unconfined" name="chromium" pid=557 comm="apparmor_parser"
Oct 29 11:45:04 sonic kernel: audit: type=1400 audit(1761738304.460:4): apparmor="STATUS" operation="profile_load" profile="unconfined" name="1password" pid=544 comm="apparmor_parser"
Oct 29 11:45:04 sonic kernel: audit: type=1400 audit(1761738304.460:5): apparmor="STATUS" operation="profile_load" profile="unconfined" name="buildah" pid=551 comm="apparmor_parser"
Oct 29 11:45:04 sonic kernel: audit: type=1400 audit(1761738304.460:6): apparmor="STATUS" operation="profile_load" profile="unconfined" name="brave" pid=550 comm="apparmor_parser"
Oct 29 11:45:04 sonic kernel: audit: type=1400 audit(1761738304.460:7): apparmor="STATUS" operation="profile_load" profile="unconfined" name="QtWebEngineProcess" pid=547 comm="apparmor_parser"
Oct 29 11:45:04 sonic kernel: audit: type=1400 audit(1761738304.464:8): apparmor="STATUS" operation="profile_load" profile="unconfined" name="crun" pid=559 comm="apparmor_parser"
Oct 29 11:45:04 sonic kernel: audit: type=1400 audit(1761738304.464:9): apparmor="STATUS" operation="profile_load" profile="unconfined" name="balena-etcher" pid=549 comm="apparmor_parser"
Oct 29 11:45:04 sonic kernel: audit: type=1400 audit(1761738304.464:10): apparmor="STATUS" operation="profile_load" profile="unconfined" name="chrome" pid=556 comm="apparmor_parser"
Oct 29 11:45:04 sonic kernel: audit: type=1400 audit(1761738304.464:11): apparmor="STATUS" operation="profile_load" profile="unconfined" name="busybox" pid=552 comm="apparmor_parser"
Oct 29 11:45:04 sonic systemd[1]: Found device dev-ttyAMA0.device - /dev/ttyAMA0.
Oct 29 11:45:04 sonic systemd[1]: Finished kdump-tools.service - Kernel crash dump capture service.
Oct 29 11:45:04 sonic kernel: PKA_DRIVER: device MLNXBF51:07 probed
Oct 29 11:45:04 sonic systemd[1]: Started mlnx_interface_mgr@Ethernet0.service - mlnx_interface_mgr - configure Ethernet0.
Oct 29 11:45:04 sonic systemd-journald[522]: Collecting audit messages is disabled.
Oct 29 11:45:04 sonic systemd[1]: mlnx_interface_mgr@eth0.service: Deactivated successfully.
Oct 29 11:45:04 sonic systemd[1]: Found device dev-ttyAMA1.device - /dev/ttyAMA1.
Oct 29 11:45:04 sonic systemd[1]: Finished apparmor.service - Load AppArmor profiles.
Oct 29 11:45:04 sonic systemd[1]: mlnx_interface_mgr@Ethernet0.service: Deactivated successfully.
Oct 29 11:45:04 sonic systemd[1]: Started mlnx_interface_mgr@eth0.service - mlnx_interface_mgr - configure eth0.
Oct 29 11:45:04 sonic systemd-journald[522]: Journal started
Oct 29 11:45:04 sonic systemd-journald[522]: Runtime Journal (/run/log/journal/1b4f4cd7754c4e85bb1829d7ac5e19de) is 6.2M, max 50M, 43.7M free.
Oct 29 11:45:02 sonic systemd-modules-load[445]: Inserted module 'pinctrl_mlxbf3'
Oct 29 11:45:04 sonic mlnx_interface_mgr[689]: Setting up Mellanox network interface: eth0
Oct 29 11:45:02 sonic systemd-modules-load[445]: Inserted module 'mlxbf_tmfifo'
Oct 29 11:45:04 sonic mlnx_interface_mgr[708]: Got ETH interface eth0 and OS is booting, skipping.
Oct 29 11:45:03 sonic systemd-modules-load[445]: Inserted module 'mlxbf_gige'
Oct 29 11:45:04 sonic systemd[1]: Started systemd-journald.service - Journal Service.
Oct 29 11:45:04 sonic rps.py[719]: configure_rps successful for interface Ethernet0
Oct 29 11:45:03 sonic systemd-modules-load[445]: Inserted module 'gpio_mlxbf3'
Oct 29 11:45:04 sonic mlnx_interface_mgr[756]: Setting up Mellanox network interface: Ethernet0
Oct 29 11:45:04 sonic systemd-udevd[472]: Using default interface naming scheme 'v257'.
Oct 29 11:45:04 sonic mlnx_interface_mgr[761]: Got ETH interface Ethernet0 and OS is booting, skipping.
Oct 29 11:45:04 sonic (udev-worker)[510]: Network interface NamePolicy= disabled on kernel command line.
Oct 29 11:45:04 sonic (udev-worker)[510]: eth0: Process '/usr/bin/killall -q -SIGHUP irqbalance' failed with exit code 1.
Oct 29 11:45:04 sonic (udev-worker)[519]: Network interface NamePolicy= disabled on kernel command line.
Oct 29 11:45:04 sonic (udev-worker)[519]: Ethernet0: Process '/usr/bin/killall -q -SIGHUP irqbalance' failed with exit code 1.
Oct 29 11:45:04 sonic (udev-worker)[523]: Network interface NamePolicy= disabled on kernel command line.
Oct 29 11:45:04 sonic (udev-worker)[523]: eth0: Process '/usr/bin/killall -q -SIGHUP irqbalance' failed with exit code 1.
Oct 29 11:45:04 sonic systemd[1]: Starting systemd-journal-flush.service - Flush Journal to Persistent Storage...
Oct 29 11:45:04 sonic networking[444]: networking: Configuring network interfaces
Oct 29 11:45:04 sonic apparmor.systemd[513]: Restarting AppArmor
Oct 29 11:45:04 sonic apparmor.systemd[513]: Reloading AppArmor profiles
Oct 29 11:45:04 sonic kdump_mem_estimator[562]: Couldn't find systemctl
Oct 29 11:45:04 sonic systemd-journald[522]: Runtime Journal (/run/log/journal/1b4f4cd7754c4e85bb1829d7ac5e19de) is 6.2M, max 50M, 43.7M free.
Oct 29 11:45:04 sonic kernel: PKA_DRIVER: device MLNXBF51:08 probed
Oct 29 11:45:04 sonic systemd-journald[522]: Received client request to flush runtime journal.
Oct 29 11:45:04 sonic systemd[1]: Finished systemd-journal-flush.service - Flush Journal to Persistent Storage.
Oct 29 11:45:04 sonic mlnx_interface_mgr[829]: Setting up Mellanox network interface: eth0
Oct 29 11:45:04 sonic mlnx_interface_mgr[840]: No configuration found for eth0
Oct 29 11:45:04 sonic kernel: Mellanox boot control driver (version 1.7)
Oct 29 11:45:04 sonic systemd[1]: Starting systemd-tmpfiles-setup.service - Create System Files and Directories...
Oct 29 11:45:04 sonic kernel: MACsec IEEE 802.1AE
Oct 29 11:45:05 sonic kernel: PKA_DRIVER: device MLNXBF51:09 probed
Oct 29 11:45:05 sonic kernel: PKA_DRIVER: device MLNXBF51:0a probed
Oct 29 11:45:05 sonic kernel: PKA_DRIVER: device MLNXBF51:0b probed
Oct 29 11:45:05 sonic systemd[1]: mlnx_interface_mgr@eth0.service: Deactivated successfully.
Oct 29 11:45:05 sonic kernel: PKA_DRIVER: device MLNXBF51:0c probed
Oct 29 11:45:05 sonic kernel: PKA_DRIVER: device MLNXBF51:0d probed
Oct 29 11:45:05 sonic systemd-tmpfiles[846]: /usr/lib/tmpfiles.d/legacy.conf:14: Duplicate line for path "/run/lock", ignoring.
Oct 29 11:45:06 sonic systemd[1]: Finished systemd-tmpfiles-setup.service - Create System Files and Directories.
Oct 29 11:45:06 sonic kernel: PKA_DRIVER: device MLNXBF51:0e probed
Oct 29 11:45:06 sonic systemd[1]: Starting audit-rules.service - Load Audit Rules...
Oct 29 11:45:06 sonic systemd[1]: Started haveged.service - Entropy Daemon based on the HAVEGE algorithm.
Oct 29 11:45:06 sonic systemd[1]: ldconfig.service - Rebuild Dynamic Linker Cache was skipped because no trigger condition checks were met.
Oct 29 11:45:06 sonic systemd[1]: systemd-firstboot.service - First Boot Wizard was skipped because of an unmet condition check (ConditionFirstBoot=yes).
Oct 29 11:45:06 sonic systemd[1]: first-boot-complete.target - First Boot Complete was skipped because of an unmet condition check (ConditionFirstBoot=yes).
Oct 29 11:45:06 sonic systemd[1]: systemd-journal-catalog-update.service - Rebuild Journal Catalog was skipped because of an unmet condition check (ConditionNeedsUpdate=/var).
Oct 29 11:45:06 sonic systemd[1]: systemd-machine-id-commit.service - Save Transient machine-id to Disk was skipped because of an unmet condition check (ConditionPathIsMountPoint=/etc/machine-id).
Oct 29 11:45:06 sonic systemd[1]: systemd-update-done.service - Update is Completed was skipped because no trigger condition checks were met.
Oct 29 11:45:06 sonic augenrules[857]: /usr/sbin/augenrules: No change
Oct 29 11:45:06 sonic augenrules[874]: No rules
Oct 29 11:45:06 sonic augenrules[874]: enabled 0
Oct 29 11:45:06 sonic augenrules[874]: failure 1
Oct 29 11:45:06 sonic augenrules[874]: pid 0
Oct 29 11:45:06 sonic augenrules[874]: rate_limit 0
Oct 29 11:45:06 sonic augenrules[874]: backlog_limit 8192
Oct 29 11:45:06 sonic augenrules[874]: lost 0
Oct 29 11:45:06 sonic augenrules[874]: backlog 0
Oct 29 11:45:06 sonic augenrules[874]: backlog_wait_time 15000
Oct 29 11:45:06 sonic augenrules[874]: backlog_wait_time_actual 0
Oct 29 11:45:06 sonic augenrules[874]: enabled 0
Oct 29 11:45:06 sonic augenrules[874]: failure 1
Oct 29 11:45:06 sonic augenrules[874]: pid 0
Oct 29 11:45:06 sonic augenrules[874]: rate_limit 0
Oct 29 11:45:06 sonic augenrules[874]: backlog_limit 8192
Oct 29 11:45:06 sonic augenrules[874]: lost 0
Oct 29 11:45:06 sonic augenrules[874]: backlog 0
Oct 29 11:45:06 sonic augenrules[874]: backlog_wait_time 15000
Oct 29 11:45:06 sonic augenrules[874]: backlog_wait_time_actual 0
Oct 29 11:45:06 sonic augenrules[874]: enabled 0
Oct 29 11:45:06 sonic augenrules[874]: failure 1
Oct 29 11:45:06 sonic augenrules[874]: pid 0
Oct 29 11:45:06 sonic augenrules[874]: rate_limit 0
Oct 29 11:45:06 sonic augenrules[874]: backlog_limit 8192
Oct 29 11:45:06 sonic augenrules[874]: lost 0
Oct 29 11:45:06 sonic augenrules[874]: backlog 0
Oct 29 11:45:06 sonic augenrules[874]: backlog_wait_time 60000
Oct 29 11:45:06 sonic augenrules[874]: backlog_wait_time_actual 0
Oct 29 11:45:06 sonic systemd[1]: audit-rules.service: Deactivated successfully.
Oct 29 11:45:06 sonic systemd[1]: Finished audit-rules.service - Load Audit Rules.
Oct 29 11:45:06 sonic systemd[1]: Starting auditd.service - Security Audit Logging Service...
Oct 29 11:45:06 sonic kernel: PKA_DRIVER: device MLNXBF51:0f probed
Oct 29 11:45:06 sonic kernel: PKA_DRIVER: device MLNXBF51:10 probed
Oct 29 11:45:06 sonic kernel: PKA_DRIVER: device MLNXBF51:11 probed
Oct 29 11:45:06 sonic auditd[885]: audit dispatcher initialized with q_depth=2000 and 1 active plugins
Oct 29 11:45:06 sonic auditd[885]: Init complete, auditd 4.0.2 listening for events (startup state enable)
Oct 29 11:45:06 sonic systemd[1]: Started auditd.service - Security Audit Logging Service.
Oct 29 11:45:06 sonic kernel: PKA_DRIVER: device MLNXBF51:12 probed
Oct 29 11:45:07 sonic kernel: PKA_DRIVER: device MLNXBF51:13 probed
Oct 29 11:45:07 sonic kernel: PKA_DRIVER: device MLNXBF51:14 probed
Oct 29 11:45:07 sonic kernel: PKA_DRIVER: device MLNXBF51:15 probed
Oct 29 11:45:07 sonic kernel: PKA_DRIVER: device MLNXBF51:16 probed
Oct 29 11:45:07 sonic (haveged)[858]: haveged.service: Referenced but unset environment variable evaluates to an empty string: DAEMON_ARGS
Oct 29 11:45:07 sonic haveged[858]: haveged: command socket is listening at fd 3
Oct 29 11:45:07 sonic haveged[858]: haveged starting up
Oct 29 11:45:07 sonic systemd-modules-load[445]: Inserted module 'mlxbf_pka'
Oct 29 11:45:07 sonic kernel: PKA_DRIVER: device MLNXBF51:17 probed
Oct 29 11:45:07 sonic kernel: PKA_DRIVER: version: v3.1
Oct 29 11:45:07 sonic systemd-modules-load[445]: Inserted module 'mlxbf_ptm'
Oct 29 11:45:07 sonic systemd[1]: Finished systemd-modules-load.service - Load Kernel Modules.
Oct 29 11:45:07 sonic systemd[1]: Starting netfilter-persistent.service - netfilter persistent configuration...
Oct 29 11:45:07 sonic haveged[858]: haveged: ver: 1.9.19; arch: generic; vend: ; build: (gcc 14.2.0 CTV); collect: 128K
Oct 29 11:45:07 sonic haveged[858]: haveged: cpu: (VC); data: 64K (V); inst: 64K (V); idx: 38/40; sz: 64924/66732
Oct 29 11:45:07 sonic haveged[858]: haveged: tot tests(BA8): A:1/1 B:1/1 continuous tests(B):  last entropy estimate 7.99794
Oct 29 11:45:07 sonic haveged[858]: haveged: fills: 0, generated: 0
Oct 29 11:45:07 sonic systemd[1]: Starting systemd-sysctl.service - Apply Kernel Variables...
Oct 29 11:45:07 sonic kernel: sbsa-gwdt sbsa-gwdt.0: Initialized with 10s timeout @ 330276489 Hz, action=0. [enabled]
Oct 29 11:45:07 sonic netfilter-persistent[915]: run-parts: executing /usr/share/netfilter-persistent/plugins.d/15-ip4tables start
Oct 29 11:45:07 sonic kernel: mlx5_core 0000:03:00.0 Ethernet0: Disabling rxhash, not supported when CQE compress is active
Oct 29 11:45:07 sonic systemd-sysctl[893]: Couldn't write '1' to 'kernel/panic_on_unrecovered_nmi', ignoring: No such file or directory
Oct 29 11:45:07 sonic systemd-sysctl[893]: Couldn't write '1' to 'kernel/panic_on_io_nmi', ignoring: No such file or directory
Oct 29 11:45:07 sonic systemd-sysctl[893]: Couldn't write '1' to 'kernel/panic_on_stackoverflow', ignoring: No such file or directory
Oct 29 11:45:07 sonic systemd-sysctl[893]: Couldn't write '1' to 'kernel/unknown_nmi_panic', ignoring: No such file or directory
Oct 29 11:45:07 sonic systemd[1]: Finished systemd-sysctl.service - Apply Kernel Variables.
Oct 29 11:45:08 sonic netfilter-persistent[915]: run-parts: executing /usr/share/netfilter-persistent/plugins.d/25-ip6tables start
Oct 29 11:45:08 sonic systemd[1]: Finished netfilter-persistent.service - netfilter persistent configuration.
Oct 29 11:45:08 sonic systemd[1]: Reached target network-pre.target - Preparation for Network.
Oct 29 11:45:08 sonic systemd[1]: Reached target sysinit.target - System Initialization.
Oct 29 11:45:08 sonic systemd[1]: Started aaastatsd.timer - Delays aaastatsd daemon until SONiC has started.
Oct 29 11:45:08 sonic systemd[1]: Started apt-daily.timer - Daily apt download activities.
Oct 29 11:45:08 sonic systemd[1]: Started apt-daily-upgrade.timer - Daily apt upgrade and clean activities.
Oct 29 11:45:08 sonic systemd[1]: Started dpkg-db-backup.timer - Daily dpkg database backup timer.
Oct 29 11:45:08 sonic systemd[1]: Started e2scrub_all.timer - Periodic ext4 Online Metadata Check for All Filesystems.
Oct 29 11:45:08 sonic systemd[1]: Started featured.timer - Delays feature daemon until SONiC has started.
Oct 29 11:45:08 sonic systemd[1]: Started hostcfgd.timer - Delays hostcfgd daemon until SONiC has started.
Oct 29 11:45:08 sonic systemd[1]: Started logrotate.timer - Daily rotation of log files.
Oct 29 11:45:08 sonic systemd[1]: Started sysstat-collect.timer - Run system activity accounting tool every 10 minutes.
Oct 29 11:45:08 sonic systemd[1]: Started sysstat-rotate.timer - Rotate daily system activity data file at midnight.
Oct 29 11:45:08 sonic systemd[1]: Started sysstat-summary.timer - Generate summary of yesterday's process accounting.
Oct 29 11:45:08 sonic systemd[1]: Started systemd-tmpfiles-clean.timer - Daily Cleanup of Temporary Directories.
Oct 29 11:45:08 sonic systemd[1]: Listening on dbus.socket - D-Bus System Message Bus Socket.
Oct 29 11:45:08 sonic systemd[1]: Starting docker.socket - Docker Socket for the API...
Oct 29 11:45:08 sonic systemd[1]: Listening on sshd-unix-local.socket - OpenSSH Server Socket (systemd-ssh-generator, AF_UNIX Local).
Oct 29 11:45:08 sonic systemd[1]: Listening on systemd-hostnamed.socket - Hostname Service Socket.
Oct 29 11:45:08 sonic systemd[1]: Listening on uuidd.socket - UUID daemon activation socket.
Oct 29 11:45:08 sonic systemd[1]: Starting systemd-networkd.service - Network Configuration...
Oct 29 11:45:08 sonic systemd[1]: systemd-pcrphase-sysinit.service - TPM PCR Barrier (Initialization) was skipped because of an unmet condition check (ConditionSecurity=measured-uki).
Oct 29 11:45:08 sonic systemd[1]: Listening on docker.socket - Docker Socket for the API.
Oct 29 11:45:08 sonic systemd[1]: Reached target sockets.target - Socket Units.
Oct 29 11:45:08 sonic systemd[1]: Reached target basic.target - Basic System.
Oct 29 11:45:08 sonic systemd[1]: System is tainted: unmerged-bin
Oct 29 11:45:08 sonic systemd[1]: Started cron.service - Regular background program processing daemon.
Oct 29 11:45:08 sonic systemd[1]: Starting dbus.service - D-Bus System Message Bus...
Oct 29 11:45:08 sonic systemd[1]: Starting e2scrub_reap.service - Remove Stale Online ext4 Metadata Check Snapshots...
Oct 29 11:45:08 sonic systemd[1]: Starting eswitch-switchdev.service - Set eswitch mode to switchdev for mlx5_core...
Oct 29 11:45:08 sonic systemd[1]: getty-static.service - getty on tty2-tty6 if dbus and logind are not available was skipped because of an unmet condition check (ConditionPathExists=!/usr/bin/dbus-daemon).
Oct 29 11:45:08 sonic cron[1094]: (CRON) INFO (pidfile fd = 3)
Oct 29 11:45:08 sonic systemd[1]: Starting rsyslog.service - System Logging Service...
Oct 29 11:45:08 sonic cron[1094]: (CRON) INFO (Running @reboot jobs)
Oct 29 11:45:08 sonic systemd[1]: Starting smartmontools.service - Self Monitoring and Reporting Technology (SMART) Daemon...
Oct 29 11:45:08 sonic systemd[1]: sshd-keygen.service - Generate sshd host keys on first boot was skipped because of an unmet condition check (ConditionFirstBoot=yes).
Oct 29 11:45:08 sonic systemd[1]: Starting sysfsutils.service - Apply sysfs variables...
Oct 29 11:45:08 sonic smartd[1126]: smartd 7.4 2023-08-01 r5530 [aarch64-linux-6.12.41+deb13-sonic-arm64] (local build)
Oct 29 11:45:08 sonic systemd[1]: Starting sysstat.service - Resets System Activity Logs...
Oct 29 11:45:08 sonic smartd[1126]: Opened configuration file /etc/smartd.conf
Oct 29 11:45:08 sonic smartd[1126]: Drive: DEVICESCAN, implied '-a' Directive on line 18 of file /etc/smartd.conf
Oct 29 11:45:08 sonic smartd[1126]: Configuration file /etc/smartd.conf was parsed, found DEVICESCAN, scanning devices
Oct 29 11:45:08 sonic smartd[1126]: Device: /dev/nvme0, opened
Oct 29 11:45:08 sonic smartd[1126]: Device: /dev/nvme0, Virtium VTPM24CEXI080-BM110006, S/N:63990-0443, FW:CE00A400
Oct 29 11:45:08 sonic kernel: nvme nvme0: using unchecked data buffer
Oct 29 11:45:08 sonic smartd[1126]: Device: /dev/nvme0, is SMART capable. Adding to "monitor" list.
Oct 29 11:45:08 sonic smartd[1126]: Device: /dev/nvme0, state read from /var/lib/smartmontools/smartd.Virtium_VTPM24CEXI080_BM110006-63990_0443.nvme.state
Oct 29 11:45:08 sonic smartd[1126]: Monitoring 0 ATA/SATA, 0 SCSI/SAS and 1 NVMe devices
Oct 29 11:45:08 sonic smartd[1126]: Device: /dev/nvme0, state written to /var/lib/smartmontools/smartd.Virtium_VTPM24CEXI080_BM110006-63990_0443.nvme.state
Oct 29 11:45:08 sonic systemd[1]: Starting systemd-logind.service - User Login Management...
Oct 29 11:45:08 sonic systemd[1]: systemd-pcrphase.service - TPM PCR Barrier (User) was skipped because of an unmet condition check (ConditionSecurity=measured-uki).
Oct 29 11:45:08 sonic systemd[1]: Started dbus.service - D-Bus System Message Bus.
Oct 29 11:45:08 sonic rsyslogd[1108]: imuxsock: Acquired UNIX socket '/run/systemd/journal/syslog' (fd 3) from systemd.  [v8.2504.0]
Oct 29 11:45:08 sonic rsyslogd[1108]: [origin software="rsyslogd" swVersion="8.2504.0" x-pid="1108" x-info="https://www.rsyslog.com"] start
Oct 29 11:45:08 sonic systemd[1]: Started smartmontools.service - Self Monitoring and Reporting Technology (SMART) Daemon.
Oct 29 11:45:08 sonic systemd[1]: Started rsyslog.service - System Logging Service.
Oct 29 11:45:08 sonic systemd[1]: Finished sysfsutils.service - Apply sysfs variables.
Oct 29 11:45:08 sonic systemd[1]: Finished sysstat.service - Resets System Activity Logs.
Oct 29 11:45:08 sonic systemd-logind[1131]: Watching system buttons on /dev/input/event0 (Power Button)
Oct 29 11:45:08 sonic systemd-logind[1131]: New seat seat0.
Oct 29 11:45:08 sonic (udev-worker)[521]: Network interface NamePolicy= disabled on kernel command line.
Oct 29 11:45:08 sonic kernel: virtio_net virtio1 tmfifo0: renamed from eth1
Oct 29 11:45:08 sonic systemd[1]: Started systemd-logind.service - User Login Management.
Oct 29 11:45:08 sonic systemd-logind[1131]: Watching system buttons on /dev/input/event1 (Lid Switch)
Oct 29 11:45:08 sonic kernel: mlx5_core 0000:03:00.0: E-Switch: Disable: mode(LEGACY), nvfs(0), necvfs(0), active vports(0)
Oct 29 11:45:08 sonic systemd[1]: e2scrub_reap.service: Deactivated successfully.
Oct 29 11:45:08 sonic systemd[1]: Finished e2scrub_reap.service - Remove Stale Online ext4 Metadata Check Snapshots.
Oct 29 11:45:08 sonic systemd[1]: Listening on systemd-rfkill.socket - Load/Save RF Kill Switch Status /dev/rfkill Watch.
Oct 29 11:45:10 sonic kernel: mlx5_core 0000:03:00.0: E-Switch: Supported tc chains and prios offload
Oct 29 11:45:10 sonic kernel: mlx5_core 0000:03:00.0: E-Switch: MPFS/FDB active
Oct 29 11:45:10 sonic kernel: mlx5_core 0000:03:00.0 Ethernet0: Dropping C-tag vlan stripping offload due to S-tag vlan
Oct 29 11:45:10 sonic kernel: mlx5_core 0000:03:00.0 Ethernet0: Disabling hw_tls_tx, not supported in switchdev mode
Oct 29 11:45:10 sonic kernel: mlx5_core 0000:03:00.0 Ethernet0: Disabling HW_VLAN CTAG FILTERING, not supported in switchdev mode
Oct 29 11:45:10 sonic kernel: mlx5_core 0000:03:00.0 Ethernet0: Disabling HW MACsec offload, not supported in switchdev mode
Oct 29 11:45:10 sonic kernel: mlx5_core 0000:03:00.0: mlx5e: IPSec ESP acceleration enabled
Oct 29 11:45:10 sonic systemd[1]: Finished eswitch-switchdev.service - Set eswitch mode to switchdev for mlx5_core.
Oct 29 11:45:10 sonic kernel: mlx5_core 0000:03:00.0: E-Switch: Enable: mode(OFFLOADS), nvfs(0), necvfs(0), active vports(1)
Oct 29 11:45:10 sonic kernel: cfg80211: Loading compiled-in X.509 certificates for regulatory database
Oct 29 11:45:10 sonic kernel: Loaded X.509 cert 'benh@debian.org: 577e021cb980e0e820821ba7b54b4961b8b4fadf'
Oct 29 11:45:10 sonic kernel: Loaded X.509 cert 'romain.perier@gmail.com: 3abbc6ec146e09d1b6016ab9d6cf71dd233f0328'
Oct 29 11:45:10 sonic kernel: Loaded X.509 cert 'sforshee: 00b28ddf47aef9cea7'
Oct 29 11:45:10 sonic kernel: Loaded X.509 cert 'wens: 61c038651aabdcf94bd0ac7ff06c7248db18c600'
Oct 29 11:45:10 sonic kernel: mlx5_core 0000:03:00.0 eth0-midplane: renamed from eth1
Oct 29 11:45:10 sonic systemd-networkd[1160]: /usr/lib/systemd/network/dummy-midplane.network: bridge-midplane NetDev could not be found, ignoring assignment.
Oct 29 11:45:10 sonic systemd-networkd[1160]: /usr/lib/systemd/network/midplane-network-npu.network: bridge-midplane NetDev could not be found, ignoring assignment.
Oct 29 11:45:10 sonic systemd-networkd[1160]: lo: Link UP
Oct 29 11:45:10 sonic systemd-networkd[1160]: lo: Gained carrier
Oct 29 11:45:10 sonic (udev-worker)[523]: eth0-midplane: Process '/usr/bin/killall -q -SIGHUP irqbalance' failed with exit code 1.
Oct 29 11:45:10 sonic systemd[1]: Started mlnx_interface_mgr@eth0-midplane.service - mlnx_interface_mgr - configure eth0/midplane.
Oct 29 11:45:10 sonic systemd[1]: Started systemd-networkd.service - Network Configuration.
Oct 29 11:45:10 sonic systemd[1]: Reached target network.target - Network.
Oct 29 11:45:10 sonic systemd-networkd[1160]: eth0-midplane: Configuring with /usr/lib/systemd/network/midplane-network-dpu.network.
Oct 29 11:45:10 sonic systemd-networkd[1160]: eth0-midplane: Link UP
Oct 29 11:45:10 sonic systemd-networkd[1160]: eth0-midplane: Gained carrier
Oct 29 11:45:10 sonic systemd[1]: Starting containerd.service - containerd container runtime...
Oct 29 11:45:10 sonic kernel: mlx5_core 0000:03:00.0 mlx5_0: Port: 1 Link ACTIVE
Oct 29 11:45:10 sonic systemd[1]: Starting rc-local.service - /etc/rc.local Compatibility...
Oct 29 11:45:10 sonic systemd[1]: Starting ssh.service - OpenBSD Secure Shell server...
Oct 29 11:45:10 sonic systemd[1]: Starting systemd-networkd-persistent-storage.service - Enable Persistent Storage in systemd-networkd...
Oct 29 11:45:10 sonic systemd[1]: Starting systemd-networkd-wait-online.service - Wait for Network to be Configured...
Oct 29 11:45:10 sonic rc.local[1196]: + cat /etc/sonic/sonic_version.yml
Oct 29 11:45:10 sonic rc.local[1198]: + sed -e s/build_version: //g;s/'//g
Oct 29 11:45:10 sonic systemd-networkd[1160]: eth0-midplane: Gained IPv6LL
Oct 29 11:45:10 sonic rc.local[1197]: + grep build_version
Oct 29 11:45:10 sonic systemd[1]: Starting systemd-user-sessions.service - Permit User Sessions...
Oct 29 11:45:10 sonic mlnx_interface_mgr.sh[1183]: /bin/mlnx_interface_mgr.sh: line 66: /var/run/mlx_ifc-eth0/midplane.bootid: No such file or directory
Oct 29 11:45:10 sonic rc.local[1186]: + SONIC_VERSION=20251110.16
Oct 29 11:45:10 sonic rc.local[1186]: + FIRST_BOOT_FILE=/host/image-20251110.16/platform/firsttime
Oct 29 11:45:10 sonic rc.local[1186]: + SONIC_CONFIG_DIR=/host/image-20251110.16/sonic-config
Oct 29 11:45:10 sonic rc.local[1186]: + SONIC_ENV_FILE=/host/image-20251110.16/sonic-config/sonic-environment
Oct 29 11:45:10 sonic rc.local[1186]: + [ -d /host/image-20251110.16/sonic-config -a -f /host/image-20251110.16/sonic-config/sonic-environment ]
Oct 29 11:45:10 sonic rc.local[1186]: + logger SONiC version 20251110.16 starting up...
Oct 29 11:45:10 sonic root[1208]: SONiC version 20251110.16 starting up...
Oct 29 11:45:10 sonic rc.local[1186]: + grub_installation_needed=
Oct 29 11:45:10 sonic rc.local[1186]: + [ ! -e /host/machine.conf ]
Oct 29 11:45:10 sonic rc.local[1186]: + . /host/machine.conf
Oct 29 11:45:10 sonic rc.local[1186]: + onie_arch=arm64
Oct 29 11:45:10 sonic rc.local[1186]: + onie_platform=arm64-nvda_bf-bf3comdpu
Oct 29 11:45:10 sonic rc.local[1186]: + program_console_speed
Oct 29 11:45:10 sonic rc.local[1212]: + cat /proc/cmdline
Oct 29 11:45:10 sonic rc.local[1213]: + grep -Eo console=tty(S|AMA)[0-9]+,[0-9]+
Oct 29 11:45:10 sonic rc.local[1214]: + cut -d , -f2
Oct 29 11:45:10 sonic rc.local[1186]: + speed=
Oct 29 11:45:10 sonic rc.local[1186]: + [ -z  ]
Oct 29 11:45:10 sonic rc.local[1186]: + CONSOLE_SPEED=9600
Oct 29 11:45:10 sonic rc.local[1216]: + grep agetty /lib/systemd/system/serial-getty@.service
Oct 29 11:45:10 sonic rc.local[1217]: + grep keep-baud
Oct 29 11:45:10 sonic systemd[1]: Finished systemd-networkd-persistent-storage.service - Enable Persistent Storage in systemd-networkd.
Oct 29 11:45:10 sonic rc.local[1186]: + [ 1 = 0 ]
Oct 29 11:45:10 sonic rc.local[1186]: + sed -i s|u' .* -|u' 9600 -|g /lib/systemd/system/serial-getty@.service
Oct 29 11:45:10 sonic systemd[1]: Finished systemd-user-sessions.service - Permit User Sessions.
Oct 29 11:45:10 sonic rc.local[1186]: + systemctl daemon-reload
Oct 29 11:45:10 sonic systemd[1]: Reload requested from client PID 1226 ('systemctl') (unit rc-local.service)...
Oct 29 11:45:10 sonic systemd[1]: Reloading...
Oct 29 11:45:10 sonic mlnx_interface_mgr[1245]: Setting up Mellanox network interface: eth0/midplane
Oct 29 11:45:10 sonic mlnx_interface_mgr[1260]: Got ETH interface eth0/midplane and OS is booting, skipping.
Oct 29 11:45:10 sonic systemd[1]: /usr/lib/systemd/system/ztp.service:9: Standard output type syslog is obsolete, automatically updating to journal. Please update your unit file, and consider removing the setting altogether.
Oct 29 11:45:10 sonic systemd[1]: /usr/lib/systemd/system/ztp.service:10: Standard output type syslog+console is obsolete, automatically updating to journal+console. Please update your unit file, and consider removing the setting altogether.
Oct 29 11:45:10 sonic containerd[1204]: time="2025-10-29T11:45:10Z" level=warning msg="containerd config version `1` has been deprecated and will be converted on each startup in containerd v2.0, use `containerd config migrate` after upgrading to containerd 2.0 to avoid conversion on startup"
Oct 29 11:45:10 sonic containerd[1204]: time="2025-10-29T11:45:10.875026852Z" level=info msg="starting containerd" revision=05044ec0a9a75232cad458027ca83437aae3f4da version=1.7.27
Oct 29 11:45:10 sonic containerd[1204]: time="2025-10-29T11:45:10.892582534Z" level=info msg="loading plugin \"io.containerd.snapshotter.v1.aufs\"..." type=io.containerd.snapshotter.v1
Oct 29 11:45:10 sonic containerd[1204]: time="2025-10-29T11:45:10.896857488Z" level=info msg="skip loading plugin \"io.containerd.snapshotter.v1.aufs\"..." error="aufs is not supported (modprobe aufs failed: exit status 1 \"modprobe: FATAL: Module aufs not found in directory /lib/modules/6.12.41+deb13-sonic-arm64\\n\"): skip plugin" type=io.containerd.snapshotter.v1
Oct 29 11:45:10 sonic containerd[1204]: time="2025-10-29T11:45:10.896928795Z" level=info msg="loading plugin \"io.containerd.event.v1.exchange\"..." type=io.containerd.event.v1
Oct 29 11:45:10 sonic containerd[1204]: time="2025-10-29T11:45:10.896958501Z" level=info msg="loading plugin \"io.containerd.internal.v1.opt\"..." type=io.containerd.internal.v1
Oct 29 11:45:10 sonic containerd[1204]: time="2025-10-29T11:45:10.897629705Z" level=info msg="loading plugin \"io.containerd.warning.v1.deprecations\"..." type=io.containerd.warning.v1
Oct 29 11:45:10 sonic containerd[1204]: time="2025-10-29T11:45:10.897698768Z" level=info msg="loading plugin \"io.containerd.snapshotter.v1.blockfile\"..." type=io.containerd.snapshotter.v1
Oct 29 11:45:10 sonic containerd[1204]: time="2025-10-29T11:45:10.897997497Z" level=info msg="skip loading plugin \"io.containerd.snapshotter.v1.blockfile\"..." error="no scratch file generator: skip plugin" type=io.containerd.snapshotter.v1
Oct 29 11:45:10 sonic containerd[1204]: time="2025-10-29T11:45:10.898052784Z" level=info msg="loading plugin \"io.containerd.snapshotter.v1.btrfs\"..." type=io.containerd.snapshotter.v1
Oct 29 11:45:10 sonic containerd[1204]: time="2025-10-29T11:45:10.898422114Z" level=info msg="skip loading plugin \"io.containerd.snapshotter.v1.btrfs\"..." error="path /var/lib/containerd/io.containerd.snapshotter.v1.btrfs (overlay) must be a btrfs filesystem to be used with the btrfs snapshotter: skip plugin" type=io.containerd.snapshotter.v1
Oct 29 11:45:10 sonic containerd[1204]: time="2025-10-29T11:45:10.898472232Z" level=info msg="loading plugin \"io.containerd.snapshotter.v1.devmapper\"..." type=io.containerd.snapshotter.v1
Oct 29 11:45:10 sonic containerd[1204]: time="2025-10-29T11:45:10.898498937Z" level=info msg="skip loading plugin \"io.containerd.snapshotter.v1.devmapper\"..." error="devmapper not configured: skip plugin" type=io.containerd.snapshotter.v1
Oct 29 11:45:10 sonic containerd[1204]: time="2025-10-29T11:45:10.898511923Z" level=info msg="loading plugin \"io.containerd.snapshotter.v1.native\"..." type=io.containerd.snapshotter.v1
Oct 29 11:45:10 sonic containerd[1204]: time="2025-10-29T11:45:10.898779290Z" level=info msg="loading plugin \"io.containerd.snapshotter.v1.overlayfs\"..." type=io.containerd.snapshotter.v1
Oct 29 11:45:10 sonic containerd[1204]: time="2025-10-29T11:45:10.899457982Z" level=info msg="loading plugin \"io.containerd.snapshotter.v1.zfs\"..." type=io.containerd.snapshotter.v1
Oct 29 11:45:10 sonic containerd[1204]: time="2025-10-29T11:45:10.899764952Z" level=info msg="skip loading plugin \"io.containerd.snapshotter.v1.zfs\"..." error="path /var/lib/containerd/io.containerd.snapshotter.v1.zfs must be a zfs filesystem to be used with the zfs snapshotter: skip plugin" type=io.containerd.snapshotter.v1
Oct 29 11:45:10 sonic containerd[1204]: time="2025-10-29T11:45:10.899809806Z" level=info msg="loading plugin \"io.containerd.content.v1.content\"..." type=io.containerd.content.v1
Oct 29 11:45:10 sonic containerd[1204]: time="2025-10-29T11:45:10.899858604Z" level=info msg="loading plugin \"io.containerd.metadata.v1.bolt\"..." type=io.containerd.metadata.v1
Oct 29 11:45:10 sonic containerd[1204]: time="2025-10-29T11:45:10.899979948Z" level=info msg="metadata content store policy set" policy=shared
Oct 29 11:45:10 sonic containerd[1204]: time="2025-10-29T11:45:10.901401272Z" level=info msg="loading plugin \"io.containerd.gc.v1.scheduler\"..." type=io.containerd.gc.v1
Oct 29 11:45:10 sonic containerd[1204]: time="2025-10-29T11:45:10.901511459Z" level=info msg="loading plugin \"io.containerd.differ.v1.walking\"..." type=io.containerd.differ.v1
Oct 29 11:45:10 sonic containerd[1204]: time="2025-10-29T11:45:10.901544343Z" level=info msg="loading plugin \"io.containerd.lease.v1.manager\"..." type=io.containerd.lease.v1
Oct 29 11:45:10 sonic containerd[1204]: time="2025-10-29T11:45:10.901568677Z" level=info msg="loading plugin \"io.containerd.streaming.v1.manager\"..." type=io.containerd.streaming.v1
Oct 29 11:45:10 sonic containerd[1204]: time="2025-10-29T11:45:10.901589850Z" level=info msg="loading plugin \"io.containerd.runtime.v1.linux\"..." type=io.containerd.runtime.v1
Oct 29 11:45:10 sonic containerd[1204]: time="2025-10-29T11:45:10.901814801Z" level=info msg="loading plugin \"io.containerd.monitor.v1.cgroups\"..." type=io.containerd.monitor.v1
Oct 29 11:45:10 sonic containerd[1204]: time="2025-10-29T11:45:10.902201850Z" level=info msg="loading plugin \"io.containerd.runtime.v2.task\"..." type=io.containerd.runtime.v2
Oct 29 11:45:10 sonic containerd[1204]: time="2025-10-29T11:45:10.902483929Z" level=info msg="loading plugin \"io.containerd.runtime.v2.shim\"..." type=io.containerd.runtime.v2
Oct 29 11:45:10 sonic containerd[1204]: time="2025-10-29T11:45:10.902534093Z" level=info msg="loading plugin \"io.containerd.sandbox.store.v1.local\"..." type=io.containerd.sandbox.store.v1
Oct 29 11:45:10 sonic containerd[1204]: time="2025-10-29T11:45:10.902559980Z" level=info msg="loading plugin \"io.containerd.sandbox.controller.v1.local\"..." type=io.containerd.sandbox.controller.v1
Oct 29 11:45:10 sonic containerd[1204]: time="2025-10-29T11:45:10.902583073Z" level=info msg="loading plugin \"io.containerd.service.v1.containers-service\"..." type=io.containerd.service.v1
Oct 29 11:45:10 sonic containerd[1204]: time="2025-10-29T11:45:10.902599889Z" level=info msg="loading plugin \"io.containerd.service.v1.content-service\"..." type=io.containerd.service.v1
Oct 29 11:45:10 sonic containerd[1204]: time="2025-10-29T11:45:10.902615664Z" level=info msg="loading plugin \"io.containerd.service.v1.diff-service\"..." type=io.containerd.service.v1
Oct 29 11:45:10 sonic containerd[1204]: time="2025-10-29T11:45:10.902632086Z" level=info msg="loading plugin \"io.containerd.service.v1.images-service\"..." type=io.containerd.service.v1
Oct 29 11:45:10 sonic containerd[1204]: time="2025-10-29T11:45:10.902650111Z" level=info msg="loading plugin \"io.containerd.service.v1.introspection-service\"..." type=io.containerd.service.v1
Oct 29 11:45:10 sonic containerd[1204]: time="2025-10-29T11:45:10.902671420Z" level=info msg="loading plugin \"io.containerd.service.v1.namespaces-service\"..." type=io.containerd.service.v1
Oct 29 11:45:10 sonic containerd[1204]: time="2025-10-29T11:45:10.902685475Z" level=info msg="loading plugin \"io.containerd.service.v1.snapshots-service\"..." type=io.containerd.service.v1
Oct 29 11:45:10 sonic containerd[1204]: time="2025-10-29T11:45:10.902699999Z" level=info msg="loading plugin \"io.containerd.service.v1.tasks-service\"..." type=io.containerd.service.v1
Oct 29 11:45:10 sonic containerd[1204]: time="2025-10-29T11:45:10.902727833Z" level=info msg="loading plugin \"io.containerd.grpc.v1.containers\"..." type=io.containerd.grpc.v1
Oct 29 11:45:10 sonic containerd[1204]: time="2025-10-29T11:45:10.902747844Z" level=info msg="loading plugin \"io.containerd.grpc.v1.content\"..." type=io.containerd.grpc.v1
Oct 29 11:45:10 sonic containerd[1204]: time="2025-10-29T11:45:10.902764324Z" level=info msg="loading plugin \"io.containerd.grpc.v1.diff\"..." type=io.containerd.grpc.v1
Oct 29 11:45:10 sonic containerd[1204]: time="2025-10-29T11:45:10.902810258Z" level=info msg="loading plugin \"io.containerd.grpc.v1.events\"..." type=io.containerd.grpc.v1
Oct 29 11:45:10 sonic containerd[1204]: time="2025-10-29T11:45:10.902833175Z" level=info msg="loading plugin \"io.containerd.grpc.v1.images\"..." type=io.containerd.grpc.v1
Oct 29 11:45:10 sonic containerd[1204]: time="2025-10-29T11:45:10.902860035Z" level=info msg="loading plugin \"io.containerd.grpc.v1.introspection\"..." type=io.containerd.grpc.v1
Oct 29 11:45:10 sonic containerd[1204]: time="2025-10-29T11:45:10.902876972Z" level=info msg="loading plugin \"io.containerd.grpc.v1.leases\"..." type=io.containerd.grpc.v1
Oct 29 11:45:10 sonic containerd[1204]: time="2025-10-29T11:45:10.902894164Z" level=info msg="loading plugin \"io.containerd.grpc.v1.namespaces\"..." type=io.containerd.grpc.v1
Oct 29 11:45:10 sonic containerd[1204]: time="2025-10-29T11:45:10.902912352Z" level=info msg="loading plugin \"io.containerd.grpc.v1.sandbox-controllers\"..." type=io.containerd.grpc.v1
